Archive member included because of file (symbol)

C:\Users\vm\AppData\Local\arduino\cores\8235091603350212000de73d769af282\core.a(HardwareSerial.cpp.o)
                              C:\Users\vm\AppData\Local\arduino\sketches\B16720DFAEE37246DE3758BD0B324DBD\core\board.cpp.o (HardwareSerial::HardwareSerial(usart_dev*, unsigned char, unsigned char))
C:\Users\vm\AppData\Local\arduino\cores\8235091603350212000de73d769af282\core.a(Print.cpp.o)
                              C:\Users\vm\AppData\Local\arduino\cores\8235091603350212000de73d769af282\core.a(HardwareSerial.cpp.o) (Print::write(void const*, unsigned long))
C:\Users\vm\AppData\Local\arduino\cores\8235091603350212000de73d769af282\core.a(cxxabi-compat.cpp.o)
                              C:\Users\vm\AppData\Local\arduino\sketches\B16720DFAEE37246DE3758BD0B324DBD\libraries\Wire\utility\WireBase.cpp.o (__cxa_pure_virtual)
C:\Users\vm\AppData\Local\arduino\cores\8235091603350212000de73d769af282\core.a(adc.c.o)
                              C:\Users\vm\AppData\Local\arduino\sketches\B16720DFAEE37246DE3758BD0B324DBD\core\wirish\boards.cpp.o (adc_set_sample_rate)
C:\Users\vm\AppData\Local\arduino\cores\8235091603350212000de73d769af282\core.a(adc_f1.c.o)
                              (__irq_adc)
C:\Users\vm\AppData\Local\arduino\cores\8235091603350212000de73d769af282\core.a(dma_f1.c.o)
                              (__irq_dma1_channel1)
C:\Users\vm\AppData\Local\arduino\cores\8235091603350212000de73d769af282\core.a(exc.S.o)
                              (__exc_nmi)
C:\Users\vm\AppData\Local\arduino\cores\8235091603350212000de73d769af282\core.a(exti.c.o)
                              (__irq_exti0)
C:\Users\vm\AppData\Local\arduino\cores\8235091603350212000de73d769af282\core.a(exti_f1.c.o)
                              C:\Users\vm\AppData\Local\arduino\cores\8235091603350212000de73d769af282\core.a(exti.c.o) (exti_select)
C:\Users\vm\AppData\Local\arduino\cores\8235091603350212000de73d769af282\core.a(flash.c.o)
                              C:\Users\vm\AppData\Local\arduino\sketches\B16720DFAEE37246DE3758BD0B324DBD\core\wirish\boards.cpp.o (flash_set_latency)
C:\Users\vm\AppData\Local\arduino\cores\8235091603350212000de73d769af282\core.a(gpio_f1.c.o)
                              C:\Users\vm\AppData\Local\arduino\sketches\B16720DFAEE37246DE3758BD0B324DBD\core\wirish\boards_setup.cpp.o (gpio_init_all)
C:\Users\vm\AppData\Local\arduino\cores\8235091603350212000de73d769af282\core.a(i2c.c.o)
                              C:\Users\vm\AppData\Local\arduino\sketches\B16720DFAEE37246DE3758BD0B324DBD\libraries\Wire\Wire.cpp.o (i2c_master_xfer)
C:\Users\vm\AppData\Local\arduino\cores\8235091603350212000de73d769af282\core.a(i2c_f1.c.o)
                              C:\Users\vm\AppData\Local\arduino\cores\8235091603350212000de73d769af282\core.a(i2c.c.o) (i2c_config_gpios)
C:\Users\vm\AppData\Local\arduino\cores\8235091603350212000de73d769af282\core.a(nvic.c.o)
                              C:\Users\vm\AppData\Local\arduino\cores\8235091603350212000de73d769af282\core.a(i2c_f1.c.o) (nvic_irq_set_priority)
C:\Users\vm\AppData\Local\arduino\cores\8235091603350212000de73d769af282\core.a(rcc.c.o)
                              C:\Users\vm\AppData\Local\arduino\sketches\B16720DFAEE37246DE3758BD0B324DBD\core\wirish\boards.cpp.o (rcc_switch_sysclk)
C:\Users\vm\AppData\Local\arduino\cores\8235091603350212000de73d769af282\core.a(rcc_f1.c.o)
                              C:\Users\vm\AppData\Local\arduino\sketches\B16720DFAEE37246DE3758BD0B324DBD\core\wirish\boards.cpp.o (rcc_configure_pll)
C:\Users\vm\AppData\Local\arduino\cores\8235091603350212000de73d769af282\core.a(isrs.S.o)
                              (__stm32reservedexception7)
C:\Users\vm\AppData\Local\arduino\cores\8235091603350212000de73d769af282\core.a(vector_table.S.o)
                              (__stm32_vector_table)
C:\Users\vm\AppData\Local\arduino\cores\8235091603350212000de73d769af282\core.a(systick.c.o)
                              C:\Users\vm\AppData\Local\arduino\sketches\B16720DFAEE37246DE3758BD0B324DBD\core\wirish\boards.cpp.o (systick_init)
C:\Users\vm\AppData\Local\arduino\cores\8235091603350212000de73d769af282\core.a(timer.c.o)
                              C:\Users\vm\AppData\Local\arduino\sketches\B16720DFAEE37246DE3758BD0B324DBD\core\wirish\boards.cpp.o (timer_foreach)
C:\Users\vm\AppData\Local\arduino\cores\8235091603350212000de73d769af282\core.a(usart.c.o)
                              C:\Users\vm\AppData\Local\arduino\cores\8235091603350212000de73d769af282\core.a(HardwareSerial.cpp.o) (usart_init)
C:\Users\vm\AppData\Local\arduino\cores\8235091603350212000de73d769af282\core.a(usart_f1.c.o)
                              C:\Users\vm\AppData\Local\arduino\cores\8235091603350212000de73d769af282\core.a(HardwareSerial.cpp.o) (usart_config_gpios_async)
C:\Users\vm\AppData\Local\arduino\cores\8235091603350212000de73d769af282\core.a(usart_private.c.o)
[...]
Memory Configuration

Name             Origin             Length             Attributes
ram              0x20000000         0x00002800         xrw
rom              0x08002000         0x00006000         xr
*default*        0x00000000         0xffffffff

Linker script and memory map

LOAD c:/users/vm/appdata/local/arduino15/packages/arduino/tools/arm-none-eabi-gcc/4.8.3-2014q1/bin/../lib/gcc/arm-none-eabi/4.8.3/armv7-m/crti.o
LOAD c:/users/vm/appdata/local/arduino15/packages/arduino/tools/arm-none-eabi-gcc/4.8.3-2014q1/bin/../lib/gcc/arm-none-eabi/4.8.3/armv7-m/crtbegin.o
LOAD c:/users/vm/appdata/local/arduino15/packages/arduino/tools/arm-none-eabi-gcc/4.8.3-2014q1/bin/../lib/gcc/arm-none-eabi/4.8.3/../../../../arm-none-eabi/lib/armv7-m/crt0.o
LOAD c:/users/vm/appdata/local/arduino15/packages/arduino/tools/arm-none-eabi-gcc/4.8.3-2014q1/bin/../lib/gcc/arm-none-eabi/4.8.3/armv7-m\libgcc.a
START GROUP
LOAD C:\Users\vm\AppData\Local\arduino\sketches\B16720DFAEE37246DE3758BD0B324DBD\sketch\du16_modbus_holding.ino.cpp.o
LOAD C:\Users\vm\AppData\Local\arduino\sketches\B16720DFAEE37246DE3758BD0B324DBD\libraries\Wire\SoftWire.cpp.o
LOAD C:\Users\vm\AppData\Local\arduino\sketches\B16720DFAEE37246DE3758BD0B324DBD\libraries\Wire\Wire.cpp.o
LOAD C:\Users\vm\AppData\Local\arduino\sketches\B16720DFAEE37246DE3758BD0B324DBD\libraries\Wire\utility\WireBase.cpp.o
LOAD C:\Users\vm\AppData\Local\arduino\sketches\B16720DFAEE37246DE3758BD0B324DBD\libraries\ModbusRtuMod\ModbusRtuMod.cpp.o
LOAD C:\Users\vm\AppData\Local\arduino\sketches\B16720DFAEE37246DE3758BD0B324DBD\core\board.cpp.o
LOAD C:\Users\vm\AppData\Local\arduino\sketches\B16720DFAEE37246DE3758BD0B324DBD\core\wirish\boards.cpp.o
LOAD C:\Users\vm\AppData\Local\arduino\sketches\B16720DFAEE37246DE3758BD0B324DBD\core\wirish\boards_setup.cpp.o
LOAD C:\Users\vm\AppData\Local\arduino\sketches\B16720DFAEE37246DE3758BD0B324DBD\core\wirish\start.S.o
LOAD C:\Users\vm\AppData\Local\arduino\sketches\B16720DFAEE37246DE3758BD0B324DBD\core\wirish\start_c.c.o
LOAD C:\Users\vm\AppData\Local\arduino\sketches\B16720DFAEE37246DE3758BD0B324DBD\core\wirish\syscalls.c.o
LOAD C:\Users\vm\AppData\Local\arduino\cores\8235091603350212000de73d769af282\core.a
END GROUP
LOAD c:/users/vm/appdata/local/arduino15/packages/arduino/tools/arm-none-eabi-gcc/4.8.3-2014q1/bin/../lib/gcc/arm-none-eabi/4.8.3/../../../../arm-none-eabi/lib/armv7-m\libstdc++_s.a
LOAD c:/users/vm/appdata/local/arduino15/packages/arduino/tools/arm-none-eabi-gcc/4.8.3-2014q1/bin/../lib/gcc/arm-none-eabi/4.8.3/../../../../arm-none-eabi/lib/armv7-m\libm.a
START GROUP
LOAD c:/users/vm/appdata/local/arduino15/packages/arduino/tools/arm-none-eabi-gcc/4.8.3-2014q1/bin/../lib/gcc/arm-none-eabi/4.8.3/armv7-m\libgcc.a
LOAD c:/users/vm/appdata/local/arduino15/packages/arduino/tools/arm-none-eabi-gcc/4.8.3-2014q1/bin/../lib/gcc/arm-none-eabi/4.8.3/../../../../arm-none-eabi/lib/armv7-m\libc_s.a
END GROUP
START GROUP
LOAD c:/users/vm/appdata/local/arduino15/packages/arduino/tools/arm-none-eabi-gcc/4.8.3-2014q1/bin/../lib/gcc/arm-none-eabi/4.8.3/armv7-m\libgcc.a
LOAD c:/users/vm/appdata/local/arduino15/packages/arduino/tools/arm-none-eabi-gcc/4.8.3-2014q1/bin/../lib/gcc/arm-none-eabi/4.8.3/../../../../arm-none-eabi/lib/armv7-m\libc_s.a
END GROUP
LOAD c:/users/vm/appdata/local/arduino15/packages/arduino/tools/arm-none-eabi-gcc/4.8.3-2014q1/bin/../lib/gcc/arm-none-eabi/4.8.3/armv7-m/crtend.o
LOAD c:/users/vm/appdata/local/arduino15/packages/arduino/tools/arm-none-eabi-gcc/4.8.3-2014q1/bin/../lib/gcc/arm-none-eabi/4.8.3/armv7-m/crtn.o
START GROUP
LOAD c:/users/vm/appdata/local/arduino15/packages/arduino/tools/arm-none-eabi-gcc/4.8.3-2014q1/bin/../lib/gcc/arm-none-eabi/4.8.3/armv7-m\libgcc.a
LOAD c:/users/vm/appdata/local/arduino15/packages/arduino/tools/arm-none-eabi-gcc/4.8.3-2014q1/bin/../lib/gcc/arm-none-eabi/4.8.3/../../../../arm-none-eabi/lib/armv7-m\libc.a
LOAD c:/users/vm/appdata/local/arduino15/packages/arduino/tools/arm-none-eabi-gcc/4.8.3-2014q1/bin/../lib/gcc/arm-none-eabi/4.8.3/../../../../arm-none-eabi/lib/armv7-m\libm.a
END GROUP
START GROUP
LOAD c:/users/vm/appdata/local/arduino15/packages/arduino/tools/arm-none-eabi-gcc/4.8.3-2014q1/bin/../lib/gcc/arm-none-eabi/4.8.3/../../../../arm-none-eabi/lib/armv7-m\libnosys.a
END GROUP
                0x20002800                PROVIDE (__msp_init, (ORIGIN (ram) + 0x2800))
                0x08003648                PROVIDE (__exc_reset, __start__)

.text           0x08002000     0x5238
                0x08002000                __text_start__ = .
 *(.stm32.interrupt_vector)
 .stm32.interrupt_vector
                0x08002000       0xec C:\Users\vm\AppData\Local\arduino\cores\8235091603350212000de73d769af282\core.a(vector_table.S.o)
                0x08002000                __stm32_vector_table
 *(.text .text.* .gnu.linkonce.t.*)
 .text          0x080020ec       0x54 c:/users/vm/appdata/local/arduino15/packages/arduino/tools/arm-none-eabi-gcc/4.8.3-2014q1/bin/../lib/gcc/arm-none-eabi/4.8.3/armv7-m/crtbegin.o
 .text._Z11MemsRegReadhh
                0x08002140       0x38 C:\Users\vm\AppData\Local\arduino\sketches\B16720DFAEE37246DE3758BD0B324DBD\sketch\du16_modbus_holding.ino.cpp.o
                0x08002140                MemsRegRead(unsigned char, unsigned char)
 .text._Z12MemsRegWritehhh
                0x08002178       0x30 C:\Users\vm\AppData\Local\arduino\sketches\B16720DFAEE37246DE3758BD0B324DBD\sketch\du16_modbus_holding.ino.cpp.o
                0x08002178                MemsRegWrite(unsigned char, unsigned char, unsigned char)
 .text._Z15updateFiltValuefffl
                0x080021a8      0x100 C:\Users\vm\AppData\Local\arduino\sketches\B16720DFAEE37246DE3758BD0B324DBD\sketch\du16_modbus_holding.ino.cpp.o
                0x080021a8                updateFiltValue(float, float, float, long)
 .text._Z15updateLineValuefffl
                0x080022a8       0xe8 C:\Users\vm\AppData\Local\arduino\sketches\B16720DFAEE37246DE3758BD0B324DBD\sketch\du16_modbus_holding.ino.cpp.o
                0x080022a8                updateLineValue(float, float, float, long)
 .text._Z9getValuesv
                0x08002390      0x358 C:\Users\vm\AppData\Local\arduino\sketches\B16720DFAEE37246DE3758BD0B324DBD\sketch\du16_modbus_holding.ino.cpp.o
                0x08002390                getValues()
 .text._Z16eventTimeTriger3v
                0x080026e8      0x10c C:\Users\vm\AppData\Local\arduino\sketches\B16720DFAEE37246DE3758BD0B324DBD\sketch\du16_modbus_holding.ino.cpp.o
                0x080026e8                eventTimeTriger3()
 .text._Z12Flash_Unlockv
                0x080027f4       0x18 C:\Users\vm\AppData\Local\arduino\sketches\B16720DFAEE37246DE3758BD0B324DBD\sketch\du16_modbus_holding.ino.cpp.o
                0x080027f4                Flash_Unlock()
 .text._Z10Flash_Lockv
                0x0800280c       0x10 C:\Users\vm\AppData\Local\arduino\sketches\B16720DFAEE37246DE3758BD0B324DBD\sketch\du16_modbus_holding.ino.cpp.o
                0x0800280c                Flash_Lock()
 .text._Z15Flash_ErasePagem
                0x0800281c       0x3c C:\Users\vm\AppData\Local\arduino\sketches\B16720DFAEE37246DE3758BD0B324DBD\sketch\du16_modbus_holding.ino.cpp.o
                0x0800281c                Flash_ErasePage(unsigned long)
 .text._Z19Flash_WriteHalfWordmt
                0x08002858       0x30 C:\Users\vm\AppData\Local\arduino\sketches\B16720DFAEE37246DE3758BD0B324DBD\sketch\du16_modbus_holding.ino.cpp.o
                0x08002858                Flash_WriteHalfWord(unsigned long, unsigned short)
 .text._Z19Flash_save_settingsv
                0x08002888       0x58 C:\Users\vm\AppData\Local\arduino\sketches\B16720DFAEE37246DE3758BD0B324DBD\sketch\du16_modbus_holding.ino.cpp.o
                0x08002888                Flash_save_settings()
 .text.startup._GLOBAL__sub_I_auModbusData
                0x080028e0       0x30 C:\Users\vm\AppData\Local\arduino\sketches\B16720DFAEE37246DE3758BD0B324DBD\sketch\du16_modbus_holding.ino.cpp.o
 .text.exit._GLOBAL__sub_D_auModbusData
                0x08002910        0xc C:\Users\vm\AppData\Local\arduino\sketches\B16720DFAEE37246DE3758BD0B324DBD\sketch\du16_modbus_holding.ino.cpp.o
 .text._Z10setup_memsh
                0x0800291c       0x60 C:\Users\vm\AppData\Local\arduino\sketches\B16720DFAEE37246DE3758BD0B324DBD\sketch\du16_modbus_holding.ino.cpp.o
                0x0800291c                setup_mems(unsigned char)
 .text._Z21serialModbusAccUpdatetttt
                0x0800297c       0x7c C:\Users\vm\AppData\Local\arduino\sketches\B16720DFAEE37246DE3758BD0B324DBD\sketch\du16_modbus_holding.ino.cpp.o
                0x0800297c                serialModbusAccUpdate(unsigned short, unsigned short, unsigned short, unsigned short)
 .text._Z5setupv
                0x080029f8       0xcc C:\Users\vm\AppData\Local\arduino\sketches\B16720DFAEE37246DE3758BD0B324DBD\sketch\du16_modbus_holding.ino.cpp.o
                0x080029f8                setup()
 .text._Z16eventTimeTriger2v
                0x08002ac4       0x90 C:\Users\vm\AppData\Local\arduino\sketches\B16720DFAEE37246DE3758BD0B324DBD\sketch\du16_modbus_holding.ino.cpp.o
                0x08002ac4                eventTimeTriger2()
 .text._Z4loopv
                0x08002b54       0x7c C:\Users\vm\AppData\Local\arduino\sketches\B16720DFAEE37246DE3758BD0B324DBD\sketch\du16_modbus_holding.ino.cpp.o
                0x08002b54                loop()
 .text._ZN7TwoWire7processEv
                0x08002bd0        0xc C:\Users\vm\AppData\Local\arduino\sketches\B16720DFAEE37246DE3758BD0B324DBD\libraries\Wire\Wire.cpp.o
                0x08002bd0                TwoWire::process()
 .text._ZN7TwoWire5beginEh
                0x08002bdc        0xe C:\Users\vm\AppData\Local\arduino\sketches\B16720DFAEE37246DE3758BD0B324DBD\libraries\Wire\Wire.cpp.o
                0x08002bdc                TwoWire::begin(unsigned char)
 .text.i2c_disable
                0x08002bea       0x1a C:\Users\vm\AppData\Local\arduino\sketches\B16720DFAEE37246DE3758BD0B324DBD\libraries\Wire\Wire.cpp.o
 .text._ZN7TwoWire3endEv
                0x08002c04       0x10 C:\Users\vm\AppData\Local\arduino\sketches\B16720DFAEE37246DE3758BD0B324DBD\libraries\Wire\Wire.cpp.o
                0x08002c04                TwoWire::end()
 .text._ZN7TwoWire7processEh
                0x08002c14       0x4a C:\Users\vm\AppData\Local\arduino\sketches\B16720DFAEE37246DE3758BD0B324DBD\libraries\Wire\Wire.cpp.o
                0x08002c14                TwoWire::process(unsigned char)
 *fill*         0x08002c5e        0x2 
 .text._ZN7TwoWireC2Ehhm
                0x08002c60       0x40 C:\Users\vm\AppData\Local\arduino\sketches\B16720DFAEE37246DE3758BD0B324DBD\libraries\Wire\Wire.cpp.o
                0x08002c60                TwoWire::TwoWire(unsigned char, unsigned char, unsigned long)
                0x08002c60                TwoWire::TwoWire(unsigned char, unsigned char, unsigned long)
 .text._ZN7TwoWireD2Ev
                0x08002ca0       0x24 C:\Users\vm\AppData\Local\arduino\sketches\B16720DFAEE37246DE3758BD0B324DBD\libraries\Wire\Wire.cpp.o
                0x08002ca0                TwoWire::~TwoWire()
                0x08002ca0                TwoWire::~TwoWire()
 .text.startup._GLOBAL__sub_I__ZN7TwoWire7processEh
                0x08002cc4       0x28 C:\Users\vm\AppData\Local\arduino\sketches\B16720DFAEE37246DE3758BD0B324DBD\libraries\Wire\Wire.cpp.o
 .text.exit._GLOBAL__sub_D__ZN7TwoWire7processEh
                0x08002cec        0xc C:\Users\vm\AppData\Local\arduino\sketches\B16720DFAEE37246DE3758BD0B324DBD\libraries\Wire\Wire.cpp.o
 .text._ZN8WireBase3endEv
                0x08002cf8        0x2 C:\Users\vm\AppData\Local\arduino\sketches\B16720DFAEE37246DE3758BD0B324DBD\libraries\Wire\utility\WireBase.cpp.o
                0x08002cf8                WireBase::end()
 .text._ZN8WireBase5beginEh
                0x08002cfa       0x14 C:\Users\vm\AppData\Local\arduino\sketches\B16720DFAEE37246DE3758BD0B324DBD\libraries\Wire\utility\WireBase.cpp.o
                0x08002cfa                WireBase::begin(unsigned char)
 .text._ZN8WireBase17beginTransmissionEh
                0x08002d0e       0x14 C:\Users\vm\AppData\Local\arduino\sketches\B16720DFAEE37246DE3758BD0B324DBD\libraries\Wire\utility\WireBase.cpp.o
                0x08002d0e                WireBase::beginTransmission(unsigned char)
 .text._ZN8WireBase15endTransmissionEb
                0x08002d22       0x1e C:\Users\vm\AppData\Local\arduino\sketches\B16720DFAEE37246DE3758BD0B324DBD\libraries\Wire\utility\WireBase.cpp.o
                0x08002d22                WireBase::endTransmission(bool)
 .text._ZN8WireBase11requestFromEhib
                0x08002d40       0x38 C:\Users\vm\AppData\Local\arduino\sketches\B16720DFAEE37246DE3758BD0B324DBD\libraries\Wire\utility\WireBase.cpp.o
                0x08002d40                WireBase::requestFrom(unsigned char, int, bool)
 .text._ZN8WireBase5writeEh
                0x08002d78       0x28 C:\Users\vm\AppData\Local\arduino\sketches\B16720DFAEE37246DE3758BD0B324DBD\libraries\Wire\utility\WireBase.cpp.o
                0x08002d78                WireBase::write(unsigned char)
 .text._ZN8WireBase4readEv
                0x08002da0       0x3e C:\Users\vm\AppData\Local\arduino\sketches\B16720DFAEE37246DE3758BD0B324DBD\libraries\Wire\utility\WireBase.cpp.o
                0x08002da0                WireBase::read()
 .text._ZN6ModbusC2EhR6Streamh
                0x08002dde       0x22 C:\Users\vm\AppData\Local\arduino\sketches\B16720DFAEE37246DE3758BD0B324DBD\libraries\ModbusRtuMod\ModbusRtuMod.cpp.o
                0x08002dde                Modbus::Modbus(unsigned char, Stream&, unsigned char)
                0x08002dde                Modbus::Modbus(unsigned char, Stream&, unsigned char)
 .text._ZN6Modbus5startEv
                0x08002e00       0x3c C:\Users\vm\AppData\Local\arduino\sketches\B16720DFAEE37246DE3758BD0B324DBD\libraries\ModbusRtuMod\ModbusRtuMod.cpp.o
                0x08002e00                Modbus::start()
 .text._ZN6Modbus5setIDEh
                0x08002e3c        0xc C:\Users\vm\AppData\Local\arduino\sketches\B16720DFAEE37246DE3758BD0B324DBD\libraries\ModbusRtuMod\ModbusRtuMod.cpp.o
                0x08002e3c                Modbus::setID(unsigned char)
 .text._ZN6Modbus11getRxBufferEv
                0x08002e48       0x66 C:\Users\vm\AppData\Local\arduino\sketches\B16720DFAEE37246DE3758BD0B324DBD\libraries\ModbusRtuMod\ModbusRtuMod.cpp.o
                0x08002e48                Modbus::getRxBuffer()
 .text._ZN6Modbus7calcCRCEh
                0x08002eae       0x3c C:\Users\vm\AppData\Local\arduino\sketches\B16720DFAEE37246DE3758BD0B324DBD\libraries\ModbusRtuMod\ModbusRtuMod.cpp.o
                0x08002eae                Modbus::calcCRC(unsigned char)
 *fill*         0x08002eea        0x2 
 .text._ZN6Modbus12sendTxBufferEv
                0x08002eec       0x8c C:\Users\vm\AppData\Local\arduino\sketches\B16720DFAEE37246DE3758BD0B324DBD\libraries\ModbusRtuMod\ModbusRtuMod.cpp.o
                0x08002eec                Modbus::sendTxBuffer()
 .text._ZN6Modbus15validateRequestEv
                0x08002f78       0xdc C:\Users\vm\AppData\Local\arduino\sketches\B16720DFAEE37246DE3758BD0B324DBD\libraries\ModbusRtuMod\ModbusRtuMod.cpp.o
                0x08002f78                Modbus::validateRequest()
 .text._ZN6Modbus14buildExceptionEh
                0x08003054       0x14 C:\Users\vm\AppData\Local\arduino\sketches\B16720DFAEE37246DE3758BD0B324DBD\libraries\ModbusRtuMod\ModbusRtuMod.cpp.o
                0x08003054                Modbus::buildException(unsigned char)
 .text._ZN6Modbus11process_FC1EPth
                0x08003068       0xaa C:\Users\vm\AppData\Local\arduino\sketches\B16720DFAEE37246DE3758BD0B324DBD\libraries\ModbusRtuMod\ModbusRtuMod.cpp.o
                0x08003068                Modbus::process_FC1(unsigned short*, unsigned char)
 .text._ZN6Modbus11process_FC3EPth
                0x08003112       0x7c C:\Users\vm\AppData\Local\arduino\sketches\B16720DFAEE37246DE3758BD0B324DBD\libraries\ModbusRtuMod\ModbusRtuMod.cpp.o
                0x08003112                Modbus::process_FC3(unsigned short*, unsigned char)
 .text._ZN6Modbus11process_FC5EPth
                0x0800318e       0x42 C:\Users\vm\AppData\Local\arduino\sketches\B16720DFAEE37246DE3758BD0B324DBD\libraries\ModbusRtuMod\ModbusRtuMod.cpp.o
                0x0800318e                Modbus::process_FC5(unsigned short*, unsigned char)
 .text._ZN6Modbus11process_FC6EPth
                0x080031d0       0x38 C:\Users\vm\AppData\Local\arduino\sketches\B16720DFAEE37246DE3758BD0B324DBD\libraries\ModbusRtuMod\ModbusRtuMod.cpp.o
                0x080031d0                Modbus::process_FC6(unsigned short*, unsigned char)
 .text._ZN6Modbus12process_FC15EPth
                0x08003208       0x7a C:\Users\vm\AppData\Local\arduino\sketches\B16720DFAEE37246DE3758BD0B324DBD\libraries\ModbusRtuMod\ModbusRtuMod.cpp.o
                0x08003208                Modbus::process_FC15(unsigned short*, unsigned char)
 .text._ZN6Modbus12process_FC16EPth
                0x08003282       0x54 C:\Users\vm\AppData\Local\arduino\sketches\B16720DFAEE37246DE3758BD0B324DBD\libraries\ModbusRtuMod\ModbusRtuMod.cpp.o
                0x08003282                Modbus::process_FC16(unsigned short*, unsigned char)
 *fill*         0x080032d6        0x2 
 .text._ZN6Modbus4pollEPthS0_h
                0x080032d8      0x120 C:\Users\vm\AppData\Local\arduino\sketches\B16720DFAEE37246DE3758BD0B324DBD\libraries\ModbusRtuMod\ModbusRtuMod.cpp.o
                0x080032d8                Modbus::poll(unsigned short*, unsigned char, unsigned short*, unsigned char)
 .text._Z9boardInitv
                0x080033f8        0x4 C:\Users\vm\AppData\Local\arduino\sketches\B16720DFAEE37246DE3758BD0B324DBD\core\board.cpp.o
                0x080033f8                boardInit()
 .text.startup._GLOBAL__sub_I__Z9boardInitv
                0x080033fc       0x48 C:\Users\vm\AppData\Local\arduino\sketches\B16720DFAEE37246DE3758BD0B324DBD\core\board.cpp.o
 .text._ZL18adc_default_configP7adc_dev
                0x08003444       0x1c C:\Users\vm\AppData\Local\arduino\sketches\B16720DFAEE37246DE3758BD0B324DBD\core\wirish\boards.cpp.o
 .text._ZL20timer_default_configP9timer_dev
                0x08003460       0x9e C:\Users\vm\AppData\Local\arduino\sketches\B16720DFAEE37246DE3758BD0B324DBD\core\wirish\boards.cpp.o
 *fill*         0x080034fe        0x2 
 .text._Z4initv
                0x08003500       0xbc C:\Users\vm\AppData\Local\arduino\sketches\B16720DFAEE37246DE3758BD0B324DBD\core\wirish\boards.cpp.o
                0x08003500                init()
 .text._ZN6wirish4priv15board_reset_pllEv
                0x080035bc        0x2 C:\Users\vm\AppData\Local\arduino\sketches\B16720DFAEE37246DE3758BD0B324DBD\core\wirish\boards_setup.cpp.o
                0x080035bc                wirish::priv::board_reset_pll()
 .text._ZN6wirish4priv28board_setup_clock_prescalersEv
                0x080035be       0x2e C:\Users\vm\AppData\Local\arduino\sketches\B16720DFAEE37246DE3758BD0B324DBD\core\wirish\boards_setup.cpp.o
                0x080035be                wirish::priv::board_setup_clock_prescalers()
 .text._ZN6wirish4priv16board_setup_gpioEv
                0x080035ec        0x4 C:\Users\vm\AppData\Local\arduino\sketches\B16720DFAEE37246DE3758BD0B324DBD\core\wirish\boards_setup.cpp.o
                0x080035ec                wirish::priv::board_setup_gpio()
 .text._ZN6wirish4priv15board_setup_usbEv
                0x080035f0       0x54 C:\Users\vm\AppData\Local\arduino\sketches\B16720DFAEE37246DE3758BD0B324DBD\core\wirish\boards_setup.cpp.o
                0x080035f0                wirish::priv::board_setup_usb()
 .text._ZN6wirish4priv11series_initEv
                0x08003644        0x4 C:\Users\vm\AppData\Local\arduino\sketches\B16720DFAEE37246DE3758BD0B324DBD\core\wirish\boards_setup.cpp.o
                0x08003644                wirish::priv::series_init()
 .text          0x08003648       0x10 C:\Users\vm\AppData\Local\arduino\sketches\B16720DFAEE37246DE3758BD0B324DBD\core\wirish\start.S.o
                0x08003648                __start__
 .text.start_c  0x08003658       0x58 C:\Users\vm\AppData\Local\arduino\sketches\B16720DFAEE37246DE3758BD0B324DBD\core\wirish\start_c.c.o
                0x08003658                start_c
 .text.rb_full_count
                0x080036b0       0x22 C:\Users\vm\AppData\Local\arduino\cores\8235091603350212000de73d769af282\core.a(HardwareSerial.cpp.o)
 .text._ZN14HardwareSerial4readEv
                0x080036d2       0x3a C:\Users\vm\AppData\Local\arduino\cores\8235091603350212000de73d769af282\core.a(HardwareSerial.cpp.o)
                0x080036d2                HardwareSerial::read()
 .text._ZN14HardwareSerial9availableEv
                0x0800370c        0xc C:\Users\vm\AppData\Local\arduino\cores\8235091603350212000de73d769af282\core.a(HardwareSerial.cpp.o)
                0x0800370c                HardwareSerial::available()
 .text._ZN14HardwareSerial4peekEv
                0x08003718       0x22 C:\Users\vm\AppData\Local\arduino\cores\8235091603350212000de73d769af282\core.a(HardwareSerial.cpp.o)
                0x08003718                HardwareSerial::peek()
 .text._ZN14HardwareSerial5flushEv
                0x0800373a       0x1a C:\Users\vm\AppData\Local\arduino\cores\8235091603350212000de73d769af282\core.a(HardwareSerial.cpp.o)
                0x0800373a                HardwareSerial::flush()
 .text._ZN14HardwareSerial5writeEh
                0x08003754       0x1e C:\Users\vm\AppData\Local\arduino\cores\8235091603350212000de73d769af282\core.a(HardwareSerial.cpp.o)
                0x08003754                HardwareSerial::write(unsigned char)
 *fill*         0x08003772        0x2 
 .text._ZN14HardwareSerialC2EP9usart_devhh
                0x08003774       0x1c C:\Users\vm\AppData\Local\arduino\cores\8235091603350212000de73d769af282\core.a(HardwareSerial.cpp.o)
                0x08003774                HardwareSerial::HardwareSerial(usart_dev*, unsigned char, unsigned char)
                0x08003774                HardwareSerial::HardwareSerial(usart_dev*, unsigned char, unsigned char)
 .text._ZN14HardwareSerial5beginEmh
                0x08003790       0x78 C:\Users\vm\AppData\Local\arduino\cores\8235091603350212000de73d769af282\core.a(HardwareSerial.cpp.o)
                0x08003790                HardwareSerial::begin(unsigned long, unsigned char)
 .text._ZN14HardwareSerial5beginEm
                0x08003808        0x6 C:\Users\vm\AppData\Local\arduino\cores\8235091603350212000de73d769af282\core.a(HardwareSerial.cpp.o)
                0x08003808                HardwareSerial::begin(unsigned long)
 .text._ZN14HardwareSerial3endEv
                0x0800380e        0x6 C:\Users\vm\AppData\Local\arduino\cores\8235091603350212000de73d769af282\core.a(HardwareSerial.cpp.o)
                0x0800380e                HardwareSerial::end()
 .text._ZN5Print5writeEPKvm
                0x08003814       0x20 C:\Users\vm\AppData\Local\arduino\cores\8235091603350212000de73d769af282\core.a(Print.cpp.o)
                0x08003814                Print::write(void const*, unsigned long)
 .text._ZN5Print5writeEPKc
                0x08003834       0x1e C:\Users\vm\AppData\Local\arduino\cores\8235091603350212000de73d769af282\core.a(Print.cpp.o)
                0x08003834                Print::write(char const*)
 .text.__cxa_pure_virtual
                0x08003852        0x2 C:\Users\vm\AppData\Local\arduino\cores\8235091603350212000de73d769af282\core.a(cxxabi-compat.cpp.o)
                0x08003852                __cxa_pure_virtual
 .text.adc_init
                0x08003854       0x14 C:\Users\vm\AppData\Local\arduino\cores\8235091603350212000de73d769af282\core.a(adc.c.o)
                0x08003854                adc_init
 .text.adc_set_extsel
                0x08003868       0x12 C:\Users\vm\AppData\Local\arduino\cores\8235091603350212000de73d769af282\core.a(adc.c.o)
                0x08003868                adc_set_extsel
 .text.adc_set_sample_rate
                0x0800387a       0x30 C:\Users\vm\AppData\Local\arduino\cores\8235091603350212000de73d769af282\core.a(adc.c.o)
                0x0800387a                adc_set_sample_rate
 *fill*         0x080038aa        0x2 
 .text.__irq_adc
                0x080038ac       0x50 C:\Users\vm\AppData\Local\arduino\cores\8235091603350212000de73d769af282\core.a(adc_f1.c.o)
                0x080038ac                __irq_adc
 .text.adc_calibrate
                0x080038fc       0x24 C:\Users\vm\AppData\Local\arduino\cores\8235091603350212000de73d769af282\core.a(adc_f1.c.o)
                0x080038fc                adc_calibrate
 .text.adc_set_prescaler
                0x08003920        0x8 C:\Users\vm\AppData\Local\arduino\cores\8235091603350212000de73d769af282\core.a(adc_f1.c.o)
                0x08003920                adc_set_prescaler
 .text.adc_foreach
                0x08003928       0x1c C:\Users\vm\AppData\Local\arduino\cores\8235091603350212000de73d769af282\core.a(adc_f1.c.o)
                0x08003928                adc_foreach
 .text.adc_enable_single_swstart
                0x08003944       0x36 C:\Users\vm\AppData\Local\arduino\cores\8235091603350212000de73d769af282\core.a(adc_f1.c.o)
                0x08003944                adc_enable_single_swstart
 .text.dma_irq_handler
                0x0800397a       0x1c C:\Users\vm\AppData\Local\arduino\cores\8235091603350212000de73d769af282\core.a(dma_f1.c.o)
 *fill*         0x08003996        0x2 
 .text.__irq_dma1_channel1
                0x08003998       0x10 C:\Users\vm\AppData\Local\arduino\cores\8235091603350212000de73d769af282\core.a(dma_f1.c.o)
                0x08003998                __irq_dma1_channel1
 .text.__irq_dma1_channel2
                0x080039a8       0x10 C:\Users\vm\AppData\Local\arduino\cores\8235091603350212000de73d769af282\core.a(dma_f1.c.o)
                0x080039a8                __irq_dma1_channel2
 .text.__irq_dma1_channel3
                0x080039b8       0x10 C:\Users\vm\AppData\Local\arduino\cores\8235091603350212000de73d769af282\core.a(dma_f1.c.o)
                0x080039b8                __irq_dma1_channel3
 .text.__irq_dma1_channel4
                0x080039c8       0x10 C:\Users\vm\AppData\Local\arduino\cores\8235091603350212000de73d769af282\core.a(dma_f1.c.o)
                0x080039c8                __irq_dma1_channel4
 .text.__irq_dma1_channel5
                0x080039d8       0x10 C:\Users\vm\AppData\Local\arduino\cores\8235091603350212000de73d769af282\core.a(dma_f1.c.o)
                0x080039d8                __irq_dma1_channel5
 .text.__irq_dma1_channel6
                0x080039e8       0x10 C:\Users\vm\AppData\Local\arduino\cores\8235091603350212000de73d769af282\core.a(dma_f1.c.o)
                0x080039e8                __irq_dma1_channel6
 .text.__irq_dma1_channel7
                0x080039f8       0x10 C:\Users\vm\AppData\Local\arduino\cores\8235091603350212000de73d769af282\core.a(dma_f1.c.o)
                0x080039f8                __irq_dma1_channel7
 *fill*         0x08003a08        0x8 
 .text          0x08003a10       0x60 C:\Users\vm\AppData\Local\arduino\cores\8235091603350212000de73d769af282\core.a(exc.S.o)
                0x08003a10                __exc_nmi
                0x08003a14                __exc_hardfault
                0x08003a18                __exc_memmanage
                0x08003a1c                __exc_busfault
                0x08003a20                __exc_usagefault
 .text.dispatch_single_exti
                0x08003a70       0x2c C:\Users\vm\AppData\Local\arduino\cores\8235091603350212000de73d769af282\core.a(exti.c.o)
                0x08003a70                dispatch_single_exti
 .text.dispatch_extis
                0x08003a9c       0x4c C:\Users\vm\AppData\Local\arduino\cores\8235091603350212000de73d769af282\core.a(exti.c.o)
                0x08003a9c                dispatch_extis
 .text.__irq_exti0
                0x08003ae8        0x6 C:\Users\vm\AppData\Local\arduino\cores\8235091603350212000de73d769af282\core.a(exti.c.o)
                0x08003ae8                __irq_exti0
 .text.__irq_exti1
                0x08003aee        0x6 C:\Users\vm\AppData\Local\arduino\cores\8235091603350212000de73d769af282\core.a(exti.c.o)
                0x08003aee                __irq_exti1
 .text.__irq_exti2
                0x08003af4        0x6 C:\Users\vm\AppData\Local\arduino\cores\8235091603350212000de73d769af282\core.a(exti.c.o)
                0x08003af4                __irq_exti2
 .text.__irq_exti3
                0x08003afa        0x6 C:\Users\vm\AppData\Local\arduino\cores\8235091603350212000de73d769af282\core.a(exti.c.o)
                0x08003afa                __irq_exti3
 .text.__irq_exti4
                0x08003b00        0x6 C:\Users\vm\AppData\Local\arduino\cores\8235091603350212000de73d769af282\core.a(exti.c.o)
                0x08003b00                __irq_exti4
 .text.__irq_exti9_5
                0x08003b06        0x8 C:\Users\vm\AppData\Local\arduino\cores\8235091603350212000de73d769af282\core.a(exti.c.o)
                0x08003b06                __irq_exti9_5
 .text.__irq_exti15_10
                0x08003b0e        0x8 C:\Users\vm\AppData\Local\arduino\cores\8235091603350212000de73d769af282\core.a(exti.c.o)
                0x08003b0e                __irq_exti15_10
 *fill*         0x08003b16        0x2 
 .text.flash_set_latency
                0x08003b18       0x14 C:\Users\vm\AppData\Local\arduino\cores\8235091603350212000de73d769af282\core.a(flash.c.o)
                0x08003b18                flash_set_latency
 .text.gpio_init_all
                0x08003b2c       0x30 C:\Users\vm\AppData\Local\arduino\cores\8235091603350212000de73d769af282\core.a(gpio_f1.c.o)
                0x08003b2c                gpio_init_all
 .text.gpio_set_mode
                0x08003b5c       0x50 C:\Users\vm\AppData\Local\arduino\cores\8235091603350212000de73d769af282\core.a(gpio_f1.c.o)
                0x08003b5c                gpio_set_mode
 .text.afio_init
                0x08003bac       0x12 C:\Users\vm\AppData\Local\arduino\cores\8235091603350212000de73d769af282\core.a(gpio_f1.c.o)
                0x08003bac                afio_init
 *fill*         0x08003bbe        0x2 
 .text.afio_remap
                0x08003bc0       0x20 C:\Users\vm\AppData\Local\arduino\cores\8235091603350212000de73d769af282\core.a(gpio_f1.c.o)
                0x08003bc0                afio_remap
 .text.nvic_irq_enable
                0x08003be0       0x1c C:\Users\vm\AppData\Local\arduino\cores\8235091603350212000de73d769af282\core.a(i2c.c.o)
 .text.i2c_disable_irq
                0x08003bfc        0xc C:\Users\vm\AppData\Local\arduino\cores\8235091603350212000de73d769af282\core.a(i2c.c.o)
 .text.delay_us.part.0.constprop.6
                0x08003c08        0xa C:\Users\vm\AppData\Local\arduino\cores\8235091603350212000de73d769af282\core.a(i2c.c.o)
 .text.i2c_bus_reset
                0x08003c12       0xc2 C:\Users\vm\AppData\Local\arduino\cores\8235091603350212000de73d769af282\core.a(i2c.c.o)
                0x08003c12                i2c_bus_reset
 .text.i2c_init
                0x08003cd4       0x1e C:\Users\vm\AppData\Local\arduino\cores\8235091603350212000de73d769af282\core.a(i2c.c.o)
                0x08003cd4                i2c_init
 *fill*         0x08003cf2        0x2 
 .text.wait_for_state_change
                0x08003cf4       0x98 C:\Users\vm\AppData\Local\arduino\cores\8235091603350212000de73d769af282\core.a(i2c.c.o)
                0x08003cf4                wait_for_state_change
 .text.i2c_master_xfer
                0x08003d8c       0xcc C:\Users\vm\AppData\Local\arduino\cores\8235091603350212000de73d769af282\core.a(i2c.c.o)
                0x08003d8c                i2c_master_xfer
 .text._i2c_irq_handler
                0x08003e58      0x3d8 C:\Users\vm\AppData\Local\arduino\cores\8235091603350212000de73d769af282\core.a(i2c.c.o)
                0x08003e58                _i2c_irq_handler
 .text._i2c_irq_error_handler
                0x08004230       0x74 C:\Users\vm\AppData\Local\arduino\cores\8235091603350212000de73d769af282\core.a(i2c.c.o)
                0x08004230                _i2c_irq_error_handler
 .text.i2c_set_ccr_trise
                0x080042a4       0x54 C:\Users\vm\AppData\Local\arduino\cores\8235091603350212000de73d769af282\core.a(i2c.c.o)
                0x080042a4                i2c_set_ccr_trise
 .text.i2c_master_enable
                0x080042f8      0x1b4 C:\Users\vm\AppData\Local\arduino\cores\8235091603350212000de73d769af282\core.a(i2c.c.o)
                0x080042f8                i2c_master_enable
 .text.i2c_config_gpios
                0x080044ac       0x58 C:\Users\vm\AppData\Local\arduino\cores\8235091603350212000de73d769af282\core.a(i2c_f1.c.o)
                0x080044ac                i2c_config_gpios
 .text.i2c_master_release_bus
                0x08004504       0x4c C:\Users\vm\AppData\Local\arduino\cores\8235091603350212000de73d769af282\core.a(i2c_f1.c.o)
                0x08004504                i2c_master_release_bus
 .text.__irq_i2c1_ev
                0x08004550        0xc C:\Users\vm\AppData\Local\arduino\cores\8235091603350212000de73d769af282\core.a(i2c_f1.c.o)
                0x08004550                __irq_i2c1_ev
 .text.__irq_i2c2_ev
                0x0800455c        0xc C:\Users\vm\AppData\Local\arduino\cores\8235091603350212000de73d769af282\core.a(i2c_f1.c.o)
                0x0800455c                __irq_i2c2_ev
 .text.__irq_i2c1_er
                0x08004568        0xc C:\Users\vm\AppData\Local\arduino\cores\8235091603350212000de73d769af282\core.a(i2c_f1.c.o)
                0x08004568                __irq_i2c1_er
 .text.__irq_i2c2_er
                0x08004574        0xc C:\Users\vm\AppData\Local\arduino\cores\8235091603350212000de73d769af282\core.a(i2c_f1.c.o)
                0x08004574                __irq_i2c2_er
 .text._i2c_irq_priority_fixup
                0x08004580        0xa C:\Users\vm\AppData\Local\arduino\cores\8235091603350212000de73d769af282\core.a(i2c_f1.c.o)
                0x08004580                _i2c_irq_priority_fixup
 *fill*         0x0800458a        0x2 
 .text.nvic_irq_set_priority
                0x0800458c       0x28 C:\Users\vm\AppData\Local\arduino\cores\8235091603350212000de73d769af282\core.a(nvic.c.o)
                0x0800458c                nvic_irq_set_priority
 .text.nvic_init
                0x080045b4       0x30 C:\Users\vm\AppData\Local\arduino\cores\8235091603350212000de73d769af282\core.a(nvic.c.o)
                0x080045b4                nvic_init
 .text.nvic_sys_reset
                0x080045e4       0x1c C:\Users\vm\AppData\Local\arduino\cores\8235091603350212000de73d769af282\core.a(nvic.c.o)
                0x080045e4                nvic_sys_reset
 .text.rcc_dev_clk
                0x08004600        0xc C:\Users\vm\AppData\Local\arduino\cores\8235091603350212000de73d769af282\core.a(rcc.c.o)
                0x08004600                rcc_dev_clk
 .text.rcc_switch_sysclk
                0x0800460c       0x20 C:\Users\vm\AppData\Local\arduino\cores\8235091603350212000de73d769af282\core.a(rcc.c.o)
                0x0800460c                rcc_switch_sysclk
 .text.rcc_turn_on_clk
                0x0800462c       0x1a C:\Users\vm\AppData\Local\arduino\cores\8235091603350212000de73d769af282\core.a(rcc.c.o)
                0x0800462c                rcc_turn_on_clk
 .text.rcc_turn_off_clk
                0x08004646       0x1c C:\Users\vm\AppData\Local\arduino\cores\8235091603350212000de73d769af282\core.a(rcc.c.o)
                0x08004646                rcc_turn_off_clk
 .text.rcc_is_clk_ready
                0x08004662       0x18 C:\Users\vm\AppData\Local\arduino\cores\8235091603350212000de73d769af282\core.a(rcc.c.o)
                0x08004662                rcc_is_clk_ready
 *fill*         0x0800467a        0x2 
 .text.rcc_configure_pll
                0x0800467c       0x18 C:\Users\vm\AppData\Local\arduino\cores\8235091603350212000de73d769af282\core.a(rcc_f1.c.o)
                0x0800467c                rcc_configure_pll
 .text.rcc_clk_enable
                0x08004694       0x30 C:\Users\vm\AppData\Local\arduino\cores\8235091603350212000de73d769af282\core.a(rcc_f1.c.o)
                0x08004694                rcc_clk_enable
 .text.rcc_reset_dev
                0x080046c4       0x34 C:\Users\vm\AppData\Local\arduino\cores\8235091603350212000de73d769af282\core.a(rcc_f1.c.o)
                0x080046c4                rcc_reset_dev
 .text.rcc_set_prescaler
                0x080046f8       0x20 C:\Users\vm\AppData\Local\arduino\cores\8235091603350212000de73d769af282\core.a(rcc_f1.c.o)
                0x080046f8                rcc_set_prescaler
 .text.rcc_clk_disable
                0x08004718       0x30 C:\Users\vm\AppData\Local\arduino\cores\8235091603350212000de73d769af282\core.a(rcc_f1.c.o)
                0x08004718                rcc_clk_disable
 .text          0x08004748        0x2 C:\Users\vm\AppData\Local\arduino\cores\8235091603350212000de73d769af282\core.a(isrs.S.o)
                0x08004748                __stm32reservedexception9
                0x08004748                __exc_debug_monitor
                0x08004748                __exc_svc
                0x08004748                __irq_can_rx1
                0x08004748                __irq_spi2
                0x08004748                __irq_can_sce
                0x08004748                __irq_pvd
                0x08004748                __irq_tamper
                0x08004748                __default_handler
                0x08004748                __irq_wwdg
                0x08004748                __stm32reservedexception10
                0x08004748                __irq_flash
                0x08004748                __stm32reservedexception13
                0x08004748                __irq_rtc
                0x08004748                __irq_spi1
                0x08004748                __stm32reservedexception7
                0x08004748                __irq_rtcalarm
                0x08004748                __stm32reservedexception8
                0x08004748                __exc_pendsv
                0x08004748                __irq_usbwakeup
                0x08004748                __irq_rcc
 *fill*         0x0800474a        0x2 
 .text.systick_init
                0x0800474c       0x10 C:\Users\vm\AppData\Local\arduino\cores\8235091603350212000de73d769af282\core.a(systick.c.o)
                0x0800474c                systick_init
 .text.__exc_systick
                0x0800475c       0x1c C:\Users\vm\AppData\Local\arduino\cores\8235091603350212000de73d769af282\core.a(systick.c.o)
                0x0800475c                __exc_systick
 .text.timer_oc_set_mode
                0x08004778       0x3a C:\Users\vm\AppData\Local\arduino\cores\8235091603350212000de73d769af282\core.a(timer.c.o)
 .text.dispatch_general
                0x080047b2       0x66 C:\Users\vm\AppData\Local\arduino\cores\8235091603350212000de73d769af282\core.a(timer.c.o)
 .text.timer_cc_enable
                0x08004818       0x1c C:\Users\vm\AppData\Local\arduino\cores\8235091603350212000de73d769af282\core.a(timer.c.o)
 .text.timer_foreach
                0x08004834       0x28 C:\Users\vm\AppData\Local\arduino\cores\8235091603350212000de73d769af282\core.a(timer.c.o)
                0x08004834                timer_foreach
 .text.timer_init
                0x0800485c       0x14 C:\Users\vm\AppData\Local\arduino\cores\8235091603350212000de73d769af282\core.a(timer.c.o)
                0x0800485c                timer_init
 .text.timer_has_cc_channel
                0x08004870       0x30 C:\Users\vm\AppData\Local\arduino\cores\8235091603350212000de73d769af282\core.a(timer.c.o)
                0x08004870                timer_has_cc_channel
 .text.timer_detach_interrupt
                0x080048a0       0x1e C:\Users\vm\AppData\Local\arduino\cores\8235091603350212000de73d769af282\core.a(timer.c.o)
                0x080048a0                timer_detach_interrupt
 .text.input_capture_mode
                0x080048be       0x1a C:\Users\vm\AppData\Local\arduino\cores\8235091603350212000de73d769af282\core.a(timer.c.o)
                0x080048be                input_capture_mode
 .text.timer_set_mode
                0x080048d8       0x8c C:\Users\vm\AppData\Local\arduino\cores\8235091603350212000de73d769af282\core.a(timer.c.o)
                0x080048d8                timer_set_mode
 .text.__irq_tim1_brk
                0x08004964       0x24 C:\Users\vm\AppData\Local\arduino\cores\8235091603350212000de73d769af282\core.a(timer.c.o)
                0x08004964                __irq_tim1_brk
 .text.__irq_tim1_up
                0x08004988       0x24 C:\Users\vm\AppData\Local\arduino\cores\8235091603350212000de73d769af282\core.a(timer.c.o)
                0x08004988                __irq_tim1_up
 .text.__irq_tim1_trg_com
                0x080049ac       0x34 C:\Users\vm\AppData\Local\arduino\cores\8235091603350212000de73d769af282\core.a(timer.c.o)
                0x080049ac                __irq_tim1_trg_com
 .text.__irq_tim1_cc
                0x080049e0       0x50 C:\Users\vm\AppData\Local\arduino\cores\8235091603350212000de73d769af282\core.a(timer.c.o)
                0x080049e0                __irq_tim1_cc
 .text.__irq_tim2
                0x08004a30        0xc C:\Users\vm\AppData\Local\arduino\cores\8235091603350212000de73d769af282\core.a(timer.c.o)
                0x08004a30                __irq_tim2
 .text.__irq_tim3
                0x08004a3c        0xc C:\Users\vm\AppData\Local\arduino\cores\8235091603350212000de73d769af282\core.a(timer.c.o)
                0x08004a3c                __irq_tim3
 .text.__irq_tim4
                0x08004a48        0xc C:\Users\vm\AppData\Local\arduino\cores\8235091603350212000de73d769af282\core.a(timer.c.o)
                0x08004a48                __irq_tim4
 .text.usart_init
                0x08004a54       0x4c C:\Users\vm\AppData\Local\arduino\cores\8235091603350212000de73d769af282\core.a(usart.c.o)
                0x08004a54                usart_init
 .text.usart_enable
                0x08004aa0       0x14 C:\Users\vm\AppData\Local\arduino\cores\8235091603350212000de73d769af282\core.a(usart.c.o)
                0x08004aa0                usart_enable
 .text.usart_disable
                0x08004ab4       0x38 C:\Users\vm\AppData\Local\arduino\cores\8235091603350212000de73d769af282\core.a(usart.c.o)
                0x08004ab4                usart_disable
 .text.usart_tx
                0x08004aec       0x9c C:\Users\vm\AppData\Local\arduino\cores\8235091603350212000de73d769af282\core.a(usart.c.o)
                0x08004aec                usart_tx
 .text.usart_irq
                0x08004b88       0xc8 C:\Users\vm\AppData\Local\arduino\cores\8235091603350212000de73d769af282\core.a(usart_f1.c.o)
 .text.usart_config_gpios_async
                0x08004c50       0x4a C:\Users\vm\AppData\Local\arduino\cores\8235091603350212000de73d769af282\core.a(usart_f1.c.o)
                0x08004c50                usart_config_gpios_async
 .text.usart_set_baud_rate
                0x08004c9a       0x3c C:\Users\vm\AppData\Local\arduino\cores\8235091603350212000de73d769af282\core.a(usart_f1.c.o)
                0x08004c9a                usart_set_baud_rate
 *fill*         0x08004cd6        0x2 
 .text.__irq_usart1
                0x08004cd8       0x18 C:\Users\vm\AppData\Local\arduino\cores\8235091603350212000de73d769af282\core.a(usart_f1.c.o)
                0x08004cd8                __irq_usart1
 .text.__irq_usart2
                0x08004cf0       0x18 C:\Users\vm\AppData\Local\arduino\cores\8235091603350212000de73d769af282\core.a(usart_f1.c.o)
                0x08004cf0                __irq_usart2
 .text.__irq_usart3
                0x08004d08       0x18 C:\Users\vm\AppData\Local\arduino\cores\8235091603350212000de73d769af282\core.a(usart_f1.c.o)
                0x08004d08                __irq_usart3
 .text._usart_clock_freq
                0x08004d20       0x24 C:\Users\vm\AppData\Local\arduino\cores\8235091603350212000de73d769af282\core.a(usart_private.c.o)
                0x08004d20                _usart_clock_freq
 .text.usb_resume
                0x08004d44       0xb4 C:\Users\vm\AppData\Local\arduino\cores\8235091603350212000de73d769af282\core.a(usb.c.o)
 .text.usb_init_usblib
                0x08004df8       0x48 C:\Users\vm\AppData\Local\arduino\cores\8235091603350212000de73d769af282\core.a(usb.c.o)
                0x08004df8                usb_init_usblib
 .text.USB_HP_CAN_TX_IRQHandler
                0x08004e40        0x2 C:\Users\vm\AppData\Local\arduino\cores\8235091603350212000de73d769af282\core.a(usb.c.o)
                0x08004e40                USB_HP_CAN_TX_IRQHandler
 .text.__irq_usb_hp_can_tx
                0x08004e42        0x8 C:\Users\vm\AppData\Local\arduino\cores\8235091603350212000de73d769af282\core.a(usb.c.o)
                0x08004e42                __irq_usb_hp_can_tx
 .text.CAN_RX0_IRQ_Handler
                0x08004e4a        0x4 C:\Users\vm\AppData\Local\arduino\cores\8235091603350212000de73d769af282\core.a(usb.c.o)
                0x08004e4a                CAN_RX0_IRQ_Handler
 *fill*         0x08004e4e        0x2 
 .text.__irq_usb_lp_can_rx0
                0x08004e50      0x1d0 C:\Users\vm\AppData\Local\arduino\cores\8235091603350212000de73d769af282\core.a(usb.c.o)
                0x08004e50                __irq_usb_lp_can_rx0
 .text.usb_set_ep_rx_stat
                0x08005020       0x22 C:\Users\vm\AppData\Local\arduino\cores\8235091603350212000de73d769af282\core.a(usb_cdcacm.c.o)
 *fill*         0x08005042        0x2 
 .text.vcomGetSetLineCoding
                0x08005044       0x18 C:\Users\vm\AppData\Local\arduino\cores\8235091603350212000de73d769af282\core.a(usb_cdcacm.c.o)
 .text.usbDataSetup
                0x0800505c       0x54 C:\Users\vm\AppData\Local\arduino\cores\8235091603350212000de73d769af282\core.a(usb_cdcacm.c.o)
 .text.usbNoDataSetup
                0x080050b0       0x50 C:\Users\vm\AppData\Local\arduino\cores\8235091603350212000de73d769af282\core.a(usb_cdcacm.c.o)
 .text.usbGetInterfaceSetting
                0x08005100       0x10 C:\Users\vm\AppData\Local\arduino\cores\8235091603350212000de73d769af282\core.a(usb_cdcacm.c.o)
 .text.usbSetConfiguration
                0x08005110       0x1c C:\Users\vm\AppData\Local\arduino\cores\8235091603350212000de73d769af282\core.a(usb_cdcacm.c.o)
 .text.usbSetDeviceAddress
                0x0800512c       0x10 C:\Users\vm\AppData\Local\arduino\cores\8235091603350212000de73d769af282\core.a(usb_cdcacm.c.o)
 .text.usbGetStringDescriptor
                0x0800513c       0x20 C:\Users\vm\AppData\Local\arduino\cores\8235091603350212000de73d769af282\core.a(usb_cdcacm.c.o)
 .text.usbGetConfigDescriptor
                0x0800515c        0xc C:\Users\vm\AppData\Local\arduino\cores\8235091603350212000de73d769af282\core.a(usb_cdcacm.c.o)
 .text.usbGetDeviceDescriptor
                0x08005168        0xc C:\Users\vm\AppData\Local\arduino\cores\8235091603350212000de73d769af282\core.a(usb_cdcacm.c.o)
 .text.usbInit  0x08005174       0x44 C:\Users\vm\AppData\Local\arduino\cores\8235091603350212000de73d769af282\core.a(usb_cdcacm.c.o)
 .text.vcomDataTxCb
                0x080051b8       0xa0 C:\Users\vm\AppData\Local\arduino\cores\8235091603350212000de73d769af282\core.a(usb_cdcacm.c.o)
 .text.usbReset
                0x08005258      0x160 C:\Users\vm\AppData\Local\arduino\cores\8235091603350212000de73d769af282\core.a(usb_cdcacm.c.o)
 .text.vcomDataRxCb
                0x080053b8       0x7c C:\Users\vm\AppData\Local\arduino\cores\8235091603350212000de73d769af282\core.a(usb_cdcacm.c.o)
 .text.usb_cdcacm_set_hooks
                0x08005434       0x1c C:\Users\vm\AppData\Local\arduino\cores\8235091603350212000de73d769af282\core.a(usb_cdcacm.c.o)
                0x08005434                usb_cdcacm_set_hooks
 .text.usb_cdcacm_enable
                0x08005450       0x38 C:\Users\vm\AppData\Local\arduino\cores\8235091603350212000de73d769af282\core.a(usb_cdcacm.c.o)
                0x08005450                usb_cdcacm_enable
 .text.usb_cdcacm_tx
                0x08005488       0x60 C:\Users\vm\AppData\Local\arduino\cores\8235091603350212000de73d769af282\core.a(usb_cdcacm.c.o)
                0x08005488                usb_cdcacm_tx
 .text.usb_cdcacm_data_available
                0x080054e8       0x18 C:\Users\vm\AppData\Local\arduino\cores\8235091603350212000de73d769af282\core.a(usb_cdcacm.c.o)
                0x080054e8                usb_cdcacm_data_available
 .text.usb_cdcacm_peek
                0x08005500       0x38 C:\Users\vm\AppData\Local\arduino\cores\8235091603350212000de73d769af282\core.a(usb_cdcacm.c.o)
                0x08005500                usb_cdcacm_peek
 .text.usb_cdcacm_rx
                0x08005538       0x34 C:\Users\vm\AppData\Local\arduino\cores\8235091603350212000de73d769af282\core.a(usb_cdcacm.c.o)
                0x08005538                usb_cdcacm_rx
 .text.usb_cdcacm_peek_ex
                0x0800556c       0x3c C:\Users\vm\AppData\Local\arduino\cores\8235091603350212000de73d769af282\core.a(usb_cdcacm.c.o)
                0x0800556c                usb_cdcacm_peek_ex
 .text.usb_cdcacm_get_dtr
                0x080055a8       0x10 C:\Users\vm\AppData\Local\arduino\cores\8235091603350212000de73d769af282\core.a(usb_cdcacm.c.o)
                0x080055a8                usb_cdcacm_get_dtr
 .text.usb_set_ep_rx_count
                0x080055b8       0x4c C:\Users\vm\AppData\Local\arduino\cores\8235091603350212000de73d769af282\core.a(usb_reg_map.c.o)
                0x080055b8                usb_set_ep_rx_count
 .text.Standard_GetConfiguration
                0x08005604       0x24 C:\Users\vm\AppData\Local\arduino\cores\8235091603350212000de73d769af282\core.a(usb_core.c.o)
                0x08005604                Standard_GetConfiguration
 .text.Standard_GetInterface
                0x08005628       0x24 C:\Users\vm\AppData\Local\arduino\cores\8235091603350212000de73d769af282\core.a(usb_core.c.o)
                0x08005628                Standard_GetInterface
 .text.Standard_GetStatus
                0x0800564c       0x90 C:\Users\vm\AppData\Local\arduino\cores\8235091603350212000de73d769af282\core.a(usb_core.c.o)
                0x0800564c                Standard_GetStatus
 .text.DataStageIn
                0x080056dc       0xa8 C:\Users\vm\AppData\Local\arduino\cores\8235091603350212000de73d769af282\core.a(usb_core.c.o)
 .text.Standard_SetConfiguration
                0x08005784       0x38 C:\Users\vm\AppData\Local\arduino\cores\8235091603350212000de73d769af282\core.a(usb_core.c.o)
                0x08005784                Standard_SetConfiguration
 .text.Standard_SetInterface
                0x080057bc       0x48 C:\Users\vm\AppData\Local\arduino\cores\8235091603350212000de73d769af282\core.a(usb_core.c.o)
                0x080057bc                Standard_SetInterface
 .text.Standard_ClearFeature
                0x08005804       0xd0 C:\Users\vm\AppData\Local\arduino\cores\8235091603350212000de73d769af282\core.a(usb_core.c.o)
                0x08005804                Standard_ClearFeature
 .text.Standard_SetEndPointFeature
                0x080058d4       0x84 C:\Users\vm\AppData\Local\arduino\cores\8235091603350212000de73d769af282\core.a(usb_core.c.o)
                0x080058d4                Standard_SetEndPointFeature
 .text.Standard_SetDeviceFeature
                0x08005958       0x24 C:\Users\vm\AppData\Local\arduino\cores\8235091603350212000de73d769af282\core.a(usb_core.c.o)
                0x08005958                Standard_SetDeviceFeature
 .text.Standard_GetDescriptorData
                0x0800597c       0x1c C:\Users\vm\AppData\Local\arduino\cores\8235091603350212000de73d769af282\core.a(usb_core.c.o)
                0x0800597c                Standard_GetDescriptorData
 .text.Post0_Process
                0x08005998       0x40 C:\Users\vm\AppData\Local\arduino\cores\8235091603350212000de73d769af282\core.a(usb_core.c.o)
                0x08005998                Post0_Process
 .text.Setup0_Process
                0x080059d8      0x2d0 C:\Users\vm\AppData\Local\arduino\cores\8235091603350212000de73d769af282\core.a(usb_core.c.o)
                0x080059d8                Setup0_Process
 .text.Out0_Process
                0x08005ca8       0xc8 C:\Users\vm\AppData\Local\arduino\cores\8235091603350212000de73d769af282\core.a(usb_core.c.o)
                0x08005ca8                Out0_Process
 .text.SetDeviceAddress
                0x08005d70       0x38 C:\Users\vm\AppData\Local\arduino\cores\8235091603350212000de73d769af282\core.a(usb_core.c.o)
                0x08005d70                SetDeviceAddress
 .text.In0_Process
                0x08005da8       0x5c C:\Users\vm\AppData\Local\arduino\cores\8235091603350212000de73d769af282\core.a(usb_core.c.o)
                0x08005da8                In0_Process
 .text.NOP_Process
                0x08005e04        0x2 C:\Users\vm\AppData\Local\arduino\cores\8235091603350212000de73d769af282\core.a(usb_core.c.o)
                0x08005e04                NOP_Process
 .text.UserToPMABufferCopy
                0x08005e06       0x30 C:\Users\vm\AppData\Local\arduino\cores\8235091603350212000de73d769af282\core.a(usb_mem.c.o)
                0x08005e06                UserToPMABufferCopy
 .text.PMAToUserBufferCopy
                0x08005e36       0x32 C:\Users\vm\AppData\Local\arduino\cores\8235091603350212000de73d769af282\core.a(usb_mem.c.o)
                0x08005e36                PMAToUserBufferCopy
 .text.SetEPTxStatus
                0x08005e68       0x2a C:\Users\vm\AppData\Local\arduino\cores\8235091603350212000de73d769af282\core.a(usb_regs.c.o)
                0x08005e68                SetEPTxStatus
 .text.ClearDTOG_RX
                0x08005e92       0x20 C:\Users\vm\AppData\Local\arduino\cores\8235091603350212000de73d769af282\core.a(usb_regs.c.o)
                0x08005e92                ClearDTOG_RX
 .text.ClearDTOG_TX
                0x08005eb2       0x20 C:\Users\vm\AppData\Local\arduino\cores\8235091603350212000de73d769af282\core.a(usb_regs.c.o)
                0x08005eb2                ClearDTOG_TX
 *fill*         0x08005ed2        0x2 
 .text.GetEPTxAddr
                0x08005ed4       0x1c C:\Users\vm\AppData\Local\arduino\cores\8235091603350212000de73d769af282\core.a(usb_regs.c.o)
                0x08005ed4                GetEPTxAddr
 .text.GetEPRxAddr
                0x08005ef0       0x1c C:\Users\vm\AppData\Local\arduino\cores\8235091603350212000de73d769af282\core.a(usb_regs.c.o)
                0x08005ef0                GetEPRxAddr
 .text.SetEPTxCount
                0x08005f0c       0x1c C:\Users\vm\AppData\Local\arduino\cores\8235091603350212000de73d769af282\core.a(usb_regs.c.o)
                0x08005f0c                SetEPTxCount
 .text.SetEPRxCount
                0x08005f28       0x40 C:\Users\vm\AppData\Local\arduino\cores\8235091603350212000de73d769af282\core.a(usb_regs.c.o)
                0x08005f28                SetEPRxCount
 .text.throb    0x08005f68       0x4c C:\Users\vm\AppData\Local\arduino\cores\8235091603350212000de73d769af282\core.a(util.c.o)
                0x08005f68                throb
 .text.__error  0x08005fb4       0x14 C:\Users\vm\AppData\Local\arduino\cores\8235091603350212000de73d769af282\core.a(util.c.o)
                0x08005fb4                __error
 .text.startup._Z7premainv
                0x08005fc8        0x4 C:\Users\vm\AppData\Local\arduino\cores\8235091603350212000de73d769af282\core.a(main.cpp.o)
                0x08005fc8                premain()
 .text.startup.main
                0x08005fcc        0xc C:\Users\vm\AppData\Local\arduino\cores\8235091603350212000de73d769af282\core.a(main.cpp.o)
                0x08005fcc                main
 .text._Z17disableDebugPortsv
                0x08005fd8       0x14 C:\Users\vm\AppData\Local\arduino\cores\8235091603350212000de73d769af282\core.a(wirish_debug.cpp.o)
                0x08005fd8                disableDebugPorts()
 .text._Z7pinModeh13WiringPinMode
                0x08005fec       0x84 C:\Users\vm\AppData\Local\arduino\cores\8235091603350212000de73d769af282\core.a(wirish_digital_f1.cpp.o)
                0x08005fec                pinMode(unsigned char, WiringPinMode)
 .text._ZN9USBSerial9availableEv
                0x08006070        0x4 C:\Users\vm\AppData\Local\arduino\cores\8235091603350212000de73d769af282\core.a(usb_serial.cpp.o)
                0x08006070                USBSerial::available()
 .text._ZN9USBSerial4peekEv
                0x08006074       0x1e C:\Users\vm\AppData\Local\arduino\cores\8235091603350212000de73d769af282\core.a(usb_serial.cpp.o)
                0x08006074                USBSerial::peek()
 .text._ZN9USBSerial4readEv
                0x08006092       0x1e C:\Users\vm\AppData\Local\arduino\cores\8235091603350212000de73d769af282\core.a(usb_serial.cpp.o)
                0x08006092                USBSerial::read()
 .text._ZL14ifaceSetupHookjPv
                0x080060b0       0x38 C:\Users\vm\AppData\Local\arduino\cores\8235091603350212000de73d769af282\core.a(usb_serial.cpp.o)
 .text._ZL6rxHookjPv
                0x080060e8       0x6c C:\Users\vm\AppData\Local\arduino\cores\8235091603350212000de73d769af282\core.a(usb_serial.cpp.o)
 .text._ZN9USBSerialC2Ev
                0x08006154       0x14 C:\Users\vm\AppData\Local\arduino\cores\8235091603350212000de73d769af282\core.a(usb_serial.cpp.o)
                0x08006154                USBSerial::USBSerial()
                0x08006154                USBSerial::USBSerial()
 .text._ZN9USBSerial5beginEv
                0x08006168       0x34 C:\Users\vm\AppData\Local\arduino\cores\8235091603350212000de73d769af282\core.a(usb_serial.cpp.o)
                0x08006168                USBSerial::begin()
 .text._ZN9USBSerial5writeEPKhm
                0x0800619c       0x4c C:\Users\vm\AppData\Local\arduino\cores\8235091603350212000de73d769af282\core.a(usb_serial.cpp.o)
                0x0800619c                USBSerial::write(unsigned char const*, unsigned long)
 .text._ZN9USBSerial5writeEh
                0x080061e8       0x16 C:\Users\vm\AppData\Local\arduino\cores\8235091603350212000de73d769af282\core.a(usb_serial.cpp.o)
                0x080061e8                USBSerial::write(unsigned char)
 .text._ZN9USBSerial5writeEPKc
                0x080061fe       0x1a C:\Users\vm\AppData\Local\arduino\cores\8235091603350212000de73d769af282\core.a(usb_serial.cpp.o)
                0x080061fe                USBSerial::write(char const*)
 .text._ZN9USBSerial4readEPhm
                0x08006218       0x1c C:\Users\vm\AppData\Local\arduino\cores\8235091603350212000de73d769af282\core.a(usb_serial.cpp.o)
                0x08006218                USBSerial::read(unsigned char*, unsigned long)
 .text._ZN9USBSerial5flushEv
                0x08006234       0x1c C:\Users\vm\AppData\Local\arduino\cores\8235091603350212000de73d769af282\core.a(usb_serial.cpp.o)
                0x08006234                USBSerial::flush()
 .text.startup._GLOBAL__sub_I__ZN9USBSerial9_hasBegunE
                0x08006250        0xc C:\Users\vm\AppData\Local\arduino\cores\8235091603350212000de73d769af282\core.a(usb_serial.cpp.o)
 .text._Z11digitalReadh
                0x0800625c       0x2c C:\Users\vm\AppData\Local\arduino\cores\8235091603350212000de73d769af282\core.a(wirish_digital.cpp.o)
                0x0800625c                digitalRead(unsigned char)
 .text._Z12digitalWritehh
                0x08006288       0x2c C:\Users\vm\AppData\Local\arduino\cores\8235091603350212000de73d769af282\core.a(wirish_digital.cpp.o)
                0x08006288                digitalWrite(unsigned char, unsigned char)
 .text._Z8makeWordhh
                0x080062b4        0x6 C:\Users\vm\AppData\Local\arduino\cores\8235091603350212000de73d769af282\core.a(wirish_math.cpp.o)
                0x080062b4                makeWord(unsigned char, unsigned char)
 *fill*         0x080062ba        0x2 
 .text.micros   0x080062bc       0x34 C:\Users\vm\AppData\Local\arduino\cores\8235091603350212000de73d769af282\core.a(wirish_time.cpp.o)
 .text.delay    0x080062f0       0x2a C:\Users\vm\AppData\Local\arduino\cores\8235091603350212000de73d769af282\core.a(wirish_time.cpp.o)
                0x080062f0                delay
 .text.__empty  0x0800631a        0x2 C:\Users\vm\AppData\Local\arduino\cores\8235091603350212000de73d769af282\core.a(hooks.c.o)
                0x0800631a                yield
 .text.bkp_init
                0x0800631c       0x18 C:\Users\vm\AppData\Local\arduino\cores\8235091603350212000de73d769af282\core.a(bkp_f1.c.o)
                0x0800631c                bkp_init
 .text.bkp_enable_writes
                0x08006334        0xc C:\Users\vm\AppData\Local\arduino\cores\8235091603350212000de73d769af282\core.a(bkp_f1.c.o)
                0x08006334                bkp_enable_writes
 .text.bkp_disable_writes
                0x08006340        0xc C:\Users\vm\AppData\Local\arduino\cores\8235091603350212000de73d769af282\core.a(bkp_f1.c.o)
                0x08006340                bkp_disable_writes
 .text.bkp_write
                0x0800634c       0x16 C:\Users\vm\AppData\Local\arduino\cores\8235091603350212000de73d769af282\core.a(bkp_f1.c.o)
                0x0800634c                bkp_write
 .text.gpio_init
                0x08006362       0x14 C:\Users\vm\AppData\Local\arduino\cores\8235091603350212000de73d769af282\core.a(gpio.c.o)
                0x08006362                gpio_init
 *fill*         0x08006376        0x2 
 .text          0x08006378      0x370 c:/users/vm/appdata/local/arduino15/packages/arduino/tools/arm-none-eabi-gcc/4.8.3-2014q1/bin/../lib/gcc/arm-none-eabi/4.8.3/armv7-m\libgcc.a(_arm_addsubdf3.o)
                0x08006378                __aeabi_drsub
                0x08006380                __aeabi_dsub
                0x08006380                __subdf3
                0x08006384                __aeabi_dadd
                0x08006384                __adddf3
                0x080065fc                __floatunsidf
                0x080065fc                __aeabi_ui2d
                0x0800661c                __floatsidf
                0x0800661c                __aeabi_i2d
                0x08006640                __aeabi_f2d
                0x08006640                __extendsfdf2
                0x0800667c                __floatundidf
                0x0800667c                __aeabi_ul2d
                0x0800668c                __floatdidf
                0x0800668c                __aeabi_l2d
 .text          0x080066e8      0x424 c:/users/vm/appdata/local/arduino15/packages/arduino/tools/arm-none-eabi-gcc/4.8.3-2014q1/bin/../lib/gcc/arm-none-eabi/4.8.3/armv7-m\libgcc.a(_arm_muldivdf3.o)
                0x080066e8                __aeabi_dmul
                0x080066e8                __muldf3
                0x0800693c                __divdf3
                0x0800693c                __aeabi_ddiv
 .text          0x08006b0c       0xa0 c:/users/vm/appdata/local/arduino15/packages/arduino/tools/arm-none-eabi-gcc/4.8.3-2014q1/bin/../lib/gcc/arm-none-eabi/4.8.3/armv7-m\libgcc.a(_arm_truncdfsf2.o)
                0x08006b0c                __truncdfsf2
                0x08006b0c                __aeabi_d2f
 .text          0x08006bac      0x21c c:/users/vm/appdata/local/arduino15/packages/arduino/tools/arm-none-eabi-gcc/4.8.3-2014q1/bin/../lib/gcc/arm-none-eabi/4.8.3/armv7-m\libgcc.a(_arm_addsubsf3.o)
                0x08006bac                __aeabi_frsub
                0x08006bb4                __subsf3
                0x08006bb4                __aeabi_fsub
                0x08006bb8                __aeabi_fadd
                0x08006bb8                __addsf3
                0x08006d18                __aeabi_ui2f
                0x08006d18                __floatunsisf
                0x08006d20                __aeabi_i2f
                0x08006d20                __floatsisf
                0x08006d3c                __aeabi_ul2f
                0x08006d3c                __floatundisf
                0x08006d4c                __aeabi_l2f
                0x08006d4c                __floatdisf
 .text          0x08006dc8      0x2a0 c:/users/vm/appdata/local/arduino15/packages/arduino/tools/arm-none-eabi-gcc/4.8.3-2014q1/bin/../lib/gcc/arm-none-eabi/4.8.3/armv7-m\libgcc.a(_arm_muldivsf3.o)
                0x08006dc8                __mulsf3
                0x08006dc8                __aeabi_fmul
                0x08006f30                __aeabi_fdiv
                0x08006f30                __divsf3
 .text          0x08007068       0xec c:/users/vm/appdata/local/arduino15/packages/arduino/tools/arm-none-eabi-gcc/4.8.3-2014q1/bin/../lib/gcc/arm-none-eabi/4.8.3/armv7-m\libgcc.a(_arm_cmpsf2.o)
                0x08007068                __gesf2
                0x08007068                __gtsf2
                0x08007070                __lesf2
                0x08007070                __ltsf2
                0x08007078                __nesf2
                0x08007078                __eqsf2
                0x08007078                __cmpsf2
                0x080070d8                __aeabi_cfrcmple
                0x080070e0                __aeabi_cfcmpeq
                0x080070e0                __aeabi_cfcmple
                0x080070f0                __aeabi_fcmpeq
                0x08007104                __aeabi_fcmplt
                0x08007118                __aeabi_fcmple
                0x0800712c                __aeabi_fcmpge
                0x08007140                __aeabi_fcmpgt
 .text          0x08007154       0x4c c:/users/vm/appdata/local/arduino15/packages/arduino/tools/arm-none-eabi-gcc/4.8.3-2014q1/bin/../lib/gcc/arm-none-eabi/4.8.3/armv7-m\libgcc.a(_arm_fixsfsi.o)
                0x08007154                __aeabi_f2iz
                0x08007154                __fixsfsi
 .text.__libc_init_array
                0x080071a0       0x4c c:/users/vm/appdata/local/arduino15/packages/arduino/tools/arm-none-eabi-gcc/4.8.3-2014q1/bin/../lib/gcc/arm-none-eabi/4.8.3/../../../../arm-none-eabi/lib/armv7-m\libc_s.a(lib_a-init.o)
                0x080071a0                __libc_init_array
 .text.strlen   0x080071ec       0x10 c:/users/vm/appdata/local/arduino15/packages/arduino/tools/arm-none-eabi-gcc/4.8.3-2014q1/bin/../lib/gcc/arm-none-eabi/4.8.3/../../../../arm-none-eabi/lib/armv7-m\libc_s.a(lib_a-strlen.o)
                0x080071ec                strlen
 *(.plt)
 *(.gnu.warning)
 *(.glue_7t)
 .glue_7t       0x00000000        0x0 linker stubs
 *(.glue_7)
 .glue_7        0x00000000        0x0 linker stubs
 *(.vfp11_veneer)
 .vfp11_veneer  0x00000000        0x0 linker stubs
 *(.ARM.extab* .gnu.linkonce.armextab.*)
 *(.gcc_except_table)
 *(.eh_frame_hdr)
 *(.eh_frame)
 .eh_frame      0x080071fc        0x0 c:/users/vm/appdata/local/arduino15/packages/arduino/tools/arm-none-eabi-gcc/4.8.3-2014q1/bin/../lib/gcc/arm-none-eabi/4.8.3/armv7-m/crtbegin.o
                0x080071fc                . = ALIGN (0x4)
 *(.init)
 .init          0x080071fc        0x4 c:/users/vm/appdata/local/arduino15/packages/arduino/tools/arm-none-eabi-gcc/4.8.3-2014q1/bin/../lib/gcc/arm-none-eabi/4.8.3/armv7-m/crti.o
                0x080071fc                _init
 .init          0x08007200        0x8 c:/users/vm/appdata/local/arduino15/packages/arduino/tools/arm-none-eabi-gcc/4.8.3-2014q1/bin/../lib/gcc/arm-none-eabi/4.8.3/armv7-m/crtn.o
                0x08007208                . = ALIGN (0x4)
                0x08007208                __preinit_array_start = .
 *(.preinit_array)
                0x08007208                __preinit_array_end = .
                0x08007208                . = ALIGN (0x4)
                0x08007208                __init_array_start = .
 *(SORT(.init_array.*))
 .init_array.00101
                0x08007208        0x4 C:\Users\vm\AppData\Local\arduino\cores\8235091603350212000de73d769af282\core.a(main.cpp.o)
 *(.init_array)
 .init_array    0x0800720c        0x4 c:/users/vm/appdata/local/arduino15/packages/arduino/tools/arm-none-eabi-gcc/4.8.3-2014q1/bin/../lib/gcc/arm-none-eabi/4.8.3/armv7-m/crtbegin.o
 .init_array    0x08007210        0x4 C:\Users\vm\AppData\Local\arduino\sketches\B16720DFAEE37246DE3758BD0B324DBD\sketch\du16_modbus_holding.ino.cpp.o
 .init_array    0x08007214        0x4 C:\Users\vm\AppData\Local\arduino\sketches\B16720DFAEE37246DE3758BD0B324DBD\libraries\Wire\Wire.cpp.o
 .init_array    0x08007218        0x4 C:\Users\vm\AppData\Local\arduino\sketches\B16720DFAEE37246DE3758BD0B324DBD\core\board.cpp.o
 .init_array    0x0800721c        0x4 C:\Users\vm\AppData\Local\arduino\cores\8235091603350212000de73d769af282\core.a(usb_serial.cpp.o)
                0x08007220                __init_array_end = .
                0x08007220                . = ALIGN (0x4)
 *crtbegin.o(.ctors)
 *(EXCLUDE_FILE(*crtend.o) .ctors)
 *(SORT(.ctors.*))
 *crtend.o(.ctors)
                0x08007220                . = ALIGN (0x4)
 *(.fini)
 .fini          0x08007220        0x4 c:/users/vm/appdata/local/arduino15/packages/arduino/tools/arm-none-eabi-gcc/4.8.3-2014q1/bin/../lib/gcc/arm-none-eabi/4.8.3/armv7-m/crti.o
                0x08007220                _fini
 .fini          0x08007224        0x8 c:/users/vm/appdata/local/arduino15/packages/arduino/tools/arm-none-eabi-gcc/4.8.3-2014q1/bin/../lib/gcc/arm-none-eabi/4.8.3/armv7-m/crtn.o
                0x0800722c                . = ALIGN (0x4)
                0x0800722c                __fini_array_start = .
 *(.fini_array)
 .fini_array    0x0800722c        0x4 c:/users/vm/appdata/local/arduino15/packages/arduino/tools/arm-none-eabi-gcc/4.8.3-2014q1/bin/../lib/gcc/arm-none-eabi/4.8.3/armv7-m/crtbegin.o
 .fini_array    0x08007230        0x4 C:\Users\vm\AppData\Local\arduino\sketches\B16720DFAEE37246DE3758BD0B324DBD\sketch\du16_modbus_holding.ino.cpp.o
 .fini_array    0x08007234        0x4 C:\Users\vm\AppData\Local\arduino\sketches\B16720DFAEE37246DE3758BD0B324DBD\libraries\Wire\Wire.cpp.o
 *(SORT(.fini_array.*))
                0x08007238                __fini_array_end = .
 *crtbegin.o(.dtors)
 *(EXCLUDE_FILE(*crtend.o) .dtors)
 *(SORT(.dtors.*))
 *crtend.o(.dtors)

.v4_bx          0x08007238        0x0
 .v4_bx         0x00000000        0x0 linker stubs

.iplt           0x08007238        0x0
 .iplt          0x00000000        0x0 c:/users/vm/appdata/local/arduino15/packages/arduino/tools/arm-none-eabi-gcc/4.8.3-2014q1/bin/../lib/gcc/arm-none-eabi/4.8.3/armv7-m/crtbegin.o

.text.align     0x08007238        0x0
                0x08007238                . = ALIGN (0x8)
                0x08007238                __text_end__ = .
                0x08007238                __exidx_start = .

.ARM.exidx      0x08007238        0x8
 *(.ARM.exidx* .gnu.linkonce.armexidx.*)
 .ARM.exidx     0x08007238        0x8 C:\Users\vm\AppData\Local\arduino\sketches\B16720DFAEE37246DE3758BD0B324DBD\core\wirish\start.S.o
                0x08007240                __exidx_end = .

.data           0x20000000      0x4a8 load address 0x08007240
                0x20000000                __data_start__ = .
                0x20000000        0x4 LONG 0x0
                0x20000008                . = ALIGN (0x8)
 *fill*         0x20000004        0x4 
 *(.got.plt)
 *(.got)
 *(.data .data.* .gnu.linkonce.d.*)
 .data.floatTimeConstLine
                0x20000008        0x4 C:\Users\vm\AppData\Local\arduino\sketches\B16720DFAEE37246DE3758BD0B324DBD\sketch\du16_modbus_holding.ino.cpp.o
                0x20000008                floatTimeConstLine
 .data.auModbusData
                0x2000000c       0x22 C:\Users\vm\AppData\Local\arduino\sketches\B16720DFAEE37246DE3758BD0B324DBD\sketch\du16_modbus_holding.ino.cpp.o
                0x2000000c                auModbusData
 *fill*         0x2000002e        0x2 
 .data.IntBand  0x20000030        0x4 C:\Users\vm\AppData\Local\arduino\sketches\B16720DFAEE37246DE3758BD0B324DBD\sketch\du16_modbus_holding.ino.cpp.o
                0x20000030                IntBand
 .data.auModbusData_input
                0x20000034       0x10 C:\Users\vm\AppData\Local\arduino\sketches\B16720DFAEE37246DE3758BD0B324DBD\sketch\du16_modbus_holding.ino.cpp.o
                0x20000034                auModbusData_input
 .data.floatTimeConstFilt
                0x20000044        0x4 C:\Users\vm\AppData\Local\arduino\sketches\B16720DFAEE37246DE3758BD0B324DBD\sketch\du16_modbus_holding.ino.cpp.o
                0x20000044                floatTimeConstFilt
 .data._ZN6wirish4privL8pll_dataE
                0x20000048        0x4 C:\Users\vm\AppData\Local\arduino\sketches\B16720DFAEE37246DE3758BD0B324DBD\core\wirish\boards_setup.cpp.o
 .data._ZN6wirish4priv9w_adc_smpE
                0x2000004c        0x1 C:\Users\vm\AppData\Local\arduino\sketches\B16720DFAEE37246DE3758BD0B324DBD\core\wirish\boards_setup.cpp.o
                0x2000004c                wirish::priv::w_adc_smp
 *fill*         0x2000004d        0x1 
 .data._ZN6wirish4priv9w_adc_preE
                0x2000004e        0x2 C:\Users\vm\AppData\Local\arduino\sketches\B16720DFAEE37246DE3758BD0B324DBD\core\wirish\boards_setup.cpp.o
                0x2000004e                wirish::priv::w_adc_pre
 .data._ZN6wirish4priv15w_board_pll_cfgE
                0x20000050        0x8 C:\Users\vm\AppData\Local\arduino\sketches\B16720DFAEE37246DE3758BD0B324DBD\core\wirish\boards_setup.cpp.o
                0x20000050                wirish::priv::w_board_pll_cfg
 .data.adc2     0x20000058        0x8 C:\Users\vm\AppData\Local\arduino\cores\8235091603350212000de73d769af282\core.a(adc_f1.c.o)
                0x20000058                adc2
 .data.adc1     0x20000060       0x18 C:\Users\vm\AppData\Local\arduino\cores\8235091603350212000de73d769af282\core.a(adc_f1.c.o)
                0x20000060                adc1
 .data.ADC2     0x20000078        0x4 C:\Users\vm\AppData\Local\arduino\cores\8235091603350212000de73d769af282\core.a(adc_f1.c.o)
                0x20000078                ADC2
 .data.ADC1     0x2000007c        0x4 C:\Users\vm\AppData\Local\arduino\cores\8235091603350212000de73d769af282\core.a(adc_f1.c.o)
                0x2000007c                ADC1
 .data.dma1     0x20000080       0x40 C:\Users\vm\AppData\Local\arduino\cores\8235091603350212000de73d769af282\core.a(dma_f1.c.o)
 .data.DMA1     0x200000c0        0x4 C:\Users\vm\AppData\Local\arduino\cores\8235091603350212000de73d769af282\core.a(dma_f1.c.o)
                0x200000c0                DMA1
 .data.gpioa    0x200000c4        0x8 C:\Users\vm\AppData\Local\arduino\cores\8235091603350212000de73d769af282\core.a(gpio_f1.c.o)
                0x200000c4                gpioa
 .data.gpiob    0x200000cc        0x8 C:\Users\vm\AppData\Local\arduino\cores\8235091603350212000de73d769af282\core.a(gpio_f1.c.o)
                0x200000cc                gpiob
 .data.gpioc    0x200000d4        0x8 C:\Users\vm\AppData\Local\arduino\cores\8235091603350212000de73d769af282\core.a(gpio_f1.c.o)
                0x200000d4                gpioc
 .data.gpiod    0x200000dc        0x8 C:\Users\vm\AppData\Local\arduino\cores\8235091603350212000de73d769af282\core.a(gpio_f1.c.o)
                0x200000dc                gpiod
 .data.i2c1     0x200000e4       0x38 C:\Users\vm\AppData\Local\arduino\cores\8235091603350212000de73d769af282\core.a(i2c_f1.c.o)
 .data.i2c2     0x2000011c       0x38 C:\Users\vm\AppData\Local\arduino\cores\8235091603350212000de73d769af282\core.a(i2c_f1.c.o)
 .data.enable_regs.4412
                0x20000154        0xc C:\Users\vm\AppData\Local\arduino\cores\8235091603350212000de73d769af282\core.a(rcc_f1.c.o)
 .data.reset_regs.4416
                0x20000160        0x8 C:\Users\vm\AppData\Local\arduino\cores\8235091603350212000de73d769af282\core.a(rcc_f1.c.o)
 .data.enable_regs.4425
                0x20000168        0xc C:\Users\vm\AppData\Local\arduino\cores\8235091603350212000de73d769af282\core.a(rcc_f1.c.o)
 .data.timer3   0x20000174       0x24 C:\Users\vm\AppData\Local\arduino\cores\8235091603350212000de73d769af282\core.a(timer.c.o)
                0x20000174                timer3
 .data.timer4   0x20000198       0x24 C:\Users\vm\AppData\Local\arduino\cores\8235091603350212000de73d769af282\core.a(timer.c.o)
                0x20000198                timer4
 .data.timer1   0x200001bc       0x28 C:\Users\vm\AppData\Local\arduino\cores\8235091603350212000de73d769af282\core.a(timer.c.o)
                0x200001bc                timer1
 .data.timer2   0x200001e4       0x24 C:\Users\vm\AppData\Local\arduino\cores\8235091603350212000de73d769af282\core.a(timer.c.o)
                0x200001e4                timer2
 .data.USART1   0x20000208        0x4 C:\Users\vm\AppData\Local\arduino\cores\8235091603350212000de73d769af282\core.a(usart_f1.c.o)
                0x20000208                USART1
 .data.USART2   0x2000020c        0x4 C:\Users\vm\AppData\Local\arduino\cores\8235091603350212000de73d769af282\core.a(usart_f1.c.o)
                0x2000020c                USART2
 .data.USART3   0x20000210        0x4 C:\Users\vm\AppData\Local\arduino\cores\8235091603350212000de73d769af282\core.a(usart_f1.c.o)
                0x20000210                USART3
 .data.usart1   0x20000214       0x94 C:\Users\vm\AppData\Local\arduino\cores\8235091603350212000de73d769af282\core.a(usart_f1.c.o)
 .data.usart2   0x200002a8       0x94 C:\Users\vm\AppData\Local\arduino\cores\8235091603350212000de73d769af282\core.a(usart_f1.c.o)
 .data.usart3   0x2000033c       0x94 C:\Users\vm\AppData\Local\arduino\cores\8235091603350212000de73d769af282\core.a(usart_f1.c.o)
 .data.USBLIB   0x200003d0        0x4 C:\Users\vm\AppData\Local\arduino\cores\8235091603350212000de73d769af282\core.a(usb.c.o)
                0x200003d0                USBLIB
 .data.usblib   0x200003d4       0x10 C:\Users\vm\AppData\Local\arduino\cores\8235091603350212000de73d769af282\core.a(usb.c.o)
 .data.Config_Descriptor
                0x200003e4        0x8 C:\Users\vm\AppData\Local\arduino\cores\8235091603350212000de73d769af282\core.a(usb_cdcacm.c.o)
 .data.Device_Property
                0x200003ec       0x30 C:\Users\vm\AppData\Local\arduino\cores\8235091603350212000de73d769af282\core.a(usb_cdcacm.c.o)
                0x200003ec                Device_Property
 .data.ep_int_in
                0x2000041c       0x1c C:\Users\vm\AppData\Local\arduino\cores\8235091603350212000de73d769af282\core.a(usb_cdcacm.c.o)
 .data.String_Descriptor
                0x20000438       0x18 C:\Users\vm\AppData\Local\arduino\cores\8235091603350212000de73d769af282\core.a(usb_cdcacm.c.o)
 .data.ep_int_out
                0x20000450       0x1c C:\Users\vm\AppData\Local\arduino\cores\8235091603350212000de73d769af282\core.a(usb_cdcacm.c.o)
 .data.line_coding
                0x2000046c        0x7 C:\Users\vm\AppData\Local\arduino\cores\8235091603350212000de73d769af282\core.a(usb_cdcacm.c.o)
 *fill*         0x20000473        0x1 
 .data.User_Standard_Requests
                0x20000474       0x24 C:\Users\vm\AppData\Local\arduino\cores\8235091603350212000de73d769af282\core.a(usb_cdcacm.c.o)
                0x20000474                User_Standard_Requests
 .data.Device_Descriptor
                0x20000498        0x8 C:\Users\vm\AppData\Local\arduino\cores\8235091603350212000de73d769af282\core.a(usb_cdcacm.c.o)
 .data.Device_Table
                0x200004a0        0x2 C:\Users\vm\AppData\Local\arduino\cores\8235091603350212000de73d769af282\core.a(usb_cdcacm.c.o)
                0x200004a0                Device_Table
                0x200004a8                . = ALIGN (0x8)
 *fill*         0x200004a2        0x6 
                0x200004a8                __data_end__ = .

.jcr            0x200004a8        0x0 load address 0x080076e8
 .jcr           0x200004a8        0x0 c:/users/vm/appdata/local/arduino15/packages/arduino/tools/arm-none-eabi-gcc/4.8.3-2014q1/bin/../lib/gcc/arm-none-eabi/4.8.3/armv7-m/crtbegin.o

.igot.plt       0x200004a8        0x0 load address 0x080076e8
 .igot.plt      0x00000000        0x0 c:/users/vm/appdata/local/arduino15/packages/arduino/tools/arm-none-eabi-gcc/4.8.3-2014q1/bin/../lib/gcc/arm-none-eabi/4.8.3/armv7-m/crtbegin.o

.rodata         0x080076e8      0x3b4
 *(.rodata .rodata.* .gnu.linkonce.r.*)
 .rodata._ZTV7TwoWire
                0x080076e8       0x18 C:\Users\vm\AppData\Local\arduino\sketches\B16720DFAEE37246DE3758BD0B324DBD\libraries\Wire\Wire.cpp.o
                0x080076e8                vtable for TwoWire
 .rodata._ZTV8WireBase
                0x08007700       0x18 C:\Users\vm\AppData\Local\arduino\sketches\B16720DFAEE37246DE3758BD0B324DBD\libraries\Wire\utility\WireBase.cpp.o
                0x08007700                vtable for WireBase
 .rodata._ZL12fctsupported
                0x08007718        0x8 C:\Users\vm\AppData\Local\arduino\sketches\B16720DFAEE37246DE3758BD0B324DBD\libraries\ModbusRtuMod\ModbusRtuMod.cpp.o
 .rodata.PIN_MAP
                0x08007720      0x230 C:\Users\vm\AppData\Local\arduino\sketches\B16720DFAEE37246DE3758BD0B324DBD\core\board.cpp.o
                0x08007720                PIN_MAP
 .rodata._ZTV14HardwareSerial
                0x08007950       0x28 C:\Users\vm\AppData\Local\arduino\cores\8235091603350212000de73d769af282\core.a(HardwareSerial.cpp.o)
                0x08007950                vtable for HardwareSerial
 .rodata.GPIOC  0x08007978        0x4 C:\Users\vm\AppData\Local\arduino\cores\8235091603350212000de73d769af282\core.a(gpio_f1.c.o)
                0x08007978                GPIOC
 .rodata.I2C1   0x0800797c        0x4 C:\Users\vm\AppData\Local\arduino\cores\8235091603350212000de73d769af282\core.a(i2c_f1.c.o)
                0x0800797c                I2C1
 .rodata.I2C2   0x08007980        0x4 C:\Users\vm\AppData\Local\arduino\cores\8235091603350212000de73d769af282\core.a(i2c_f1.c.o)
                0x08007980                I2C2
 .rodata.rcc_dev_table
                0x08007984       0x5e C:\Users\vm\AppData\Local\arduino\cores\8235091603350212000de73d769af282\core.a(rcc_f1.c.o)
                0x08007984                rcc_dev_table
 *fill*         0x080079e2        0x2 
 .rodata.masks.4421
                0x080079e4       0x14 C:\Users\vm\AppData\Local\arduino\cores\8235091603350212000de73d769af282\core.a(rcc_f1.c.o)
 .rodata.usbVcomDescriptor_iProduct
                0x080079f8        0xc C:\Users\vm\AppData\Local\arduino\cores\8235091603350212000de73d769af282\core.a(usb_cdcacm.c.o)
 .rodata.usbVcomDescriptor_iManufacturer
                0x08007a04       0x12 C:\Users\vm\AppData\Local\arduino\cores\8235091603350212000de73d769af282\core.a(usb_cdcacm.c.o)
 .rodata.usbVcomDescriptor_Device
                0x08007a16       0x12 C:\Users\vm\AppData\Local\arduino\cores\8235091603350212000de73d769af282\core.a(usb_cdcacm.c.o)
 .rodata.usbVcomDescriptor_Config
                0x08007a28       0x43 C:\Users\vm\AppData\Local\arduino\cores\8235091603350212000de73d769af282\core.a(usb_cdcacm.c.o)
 .rodata.usbVcomDescriptor_LangID
                0x08007a6b        0x4 C:\Users\vm\AppData\Local\arduino\cores\8235091603350212000de73d769af282\core.a(usb_cdcacm.c.o)
 *fill*         0x08007a6f        0x1 
 .rodata._ZTV9USBSerial
                0x08007a70       0x28 C:\Users\vm\AppData\Local\arduino\cores\8235091603350212000de73d769af282\core.a(usb_serial.cpp.o)
                0x08007a70                vtable for USBSerial
 *(.USER_FLASH)
                0x08007a98                . = ALIGN (0x4)
                0x08007a98                _lm_rom_img_cfgp = .
                0x08007a98        0x4 LONG 0x8007240 LOADADDR (.data)
                0x200009f0                _lm_heap_start = DEFINED (_lm_heap_start)?_lm_heap_start:_end
                0x20002800                _lm_heap_end = DEFINED (_lm_heap_end)?_lm_heap_end:__msp_init

.rel.dyn        0x08007a9c        0x0
 .rel.iplt      0x00000000        0x0 c:/users/vm/appdata/local/arduino15/packages/arduino/tools/arm-none-eabi-gcc/4.8.3-2014q1/bin/../lib/gcc/arm-none-eabi/4.8.3/armv7-m/crtbegin.o

.bss            0x200004a8      0x548
                0x200004a8                . = ALIGN (0x8)
                0x200004a8                __bss_start__ = .
 *(.bss .bss.* .gnu.linkonce.b.*)
 .bss           0x200004a8       0x1c c:/users/vm/appdata/local/arduino15/packages/arduino/tools/arm-none-eabi-gcc/4.8.3-2014q1/bin/../lib/gcc/arm-none-eabi/4.8.3/armv7-m/crtbegin.o
 .bss.IntAccYSecond
                0x200004c4        0x2 C:\Users\vm\AppData\Local\arduino\sketches\B16720DFAEE37246DE3758BD0B324DBD\sketch\du16_modbus_holding.ino.cpp.o
                0x200004c4                IntAccYSecond
 *fill*         0x200004c6        0x2 
 .bss.floatAccYnow
                0x200004c8        0x4 C:\Users\vm\AppData\Local\arduino\sketches\B16720DFAEE37246DE3758BD0B324DBD\sketch\du16_modbus_holding.ino.cpp.o
                0x200004c8                floatAccYnow
 .bss.floatAccYmgRude
                0x200004cc        0x4 C:\Users\vm\AppData\Local\arduino\sketches\B16720DFAEE37246DE3758BD0B324DBD\sketch\du16_modbus_holding.ino.cpp.o
                0x200004cc                floatAccYmgRude
 .bss.Wire2     0x200004d0       0x60 C:\Users\vm\AppData\Local\arduino\sketches\B16720DFAEE37246DE3758BD0B324DBD\sketch\du16_modbus_holding.ino.cpp.o
                0x200004d0                Wire2
 .bss.slave     0x20000530       0x70 C:\Users\vm\AppData\Local\arduino\sketches\B16720DFAEE37246DE3758BD0B324DBD\sketch\du16_modbus_holding.ino.cpp.o
                0x20000530                slave
 .bss.IntAccYFirst
                0x200005a0        0x2 C:\Users\vm\AppData\Local\arduino\sketches\B16720DFAEE37246DE3758BD0B324DBD\sketch\du16_modbus_holding.ino.cpp.o
                0x200005a0                IntAccYFirst
 *fill*         0x200005a2        0x2 
 .bss.floatAccXmgAccu
                0x200005a4        0x4 C:\Users\vm\AppData\Local\arduino\sketches\B16720DFAEE37246DE3758BD0B324DBD\sketch\du16_modbus_holding.ino.cpp.o
                0x200005a4                floatAccXmgAccu
 .bss.longTimer1
                0x200005a8        0x4 C:\Users\vm\AppData\Local\arduino\sketches\B16720DFAEE37246DE3758BD0B324DBD\sketch\du16_modbus_holding.ino.cpp.o
                0x200005a8                longTimer1
 .bss.IntAccZSecond
                0x200005ac        0x2 C:\Users\vm\AppData\Local\arduino\sketches\B16720DFAEE37246DE3758BD0B324DBD\sketch\du16_modbus_holding.ino.cpp.o
                0x200005ac                IntAccZSecond
 .bss.IntRegReadSecond
                0x200005ae        0x2 C:\Users\vm\AppData\Local\arduino\sketches\B16720DFAEE37246DE3758BD0B324DBD\sketch\du16_modbus_holding.ino.cpp.o
                0x200005ae                IntRegReadSecond
 .bss.floatAccZmgRude
                0x200005b0        0x4 C:\Users\vm\AppData\Local\arduino\sketches\B16720DFAEE37246DE3758BD0B324DBD\sketch\du16_modbus_holding.ino.cpp.o
                0x200005b0                floatAccZmgRude
 .bss.IntRegReadFirst
                0x200005b4        0x2 C:\Users\vm\AppData\Local\arduino\sketches\B16720DFAEE37246DE3758BD0B324DBD\sketch\du16_modbus_holding.ino.cpp.o
                0x200005b4                IntRegReadFirst
 .bss.State     0x200005b6        0x1 C:\Users\vm\AppData\Local\arduino\sketches\B16720DFAEE37246DE3758BD0B324DBD\sketch\du16_modbus_holding.ino.cpp.o
                0x200005b6                State
 *fill*         0x200005b7        0x1 
 .bss.floatAccYmgAccu
                0x200005b8        0x4 C:\Users\vm\AppData\Local\arduino\sketches\B16720DFAEE37246DE3758BD0B324DBD\sketch\du16_modbus_holding.ino.cpp.o
                0x200005b8                floatAccYmgAccu
 .bss.floatKoef
                0x200005bc        0x4 C:\Users\vm\AppData\Local\arduino\sketches\B16720DFAEE37246DE3758BD0B324DBD\sketch\du16_modbus_holding.ino.cpp.o
                0x200005bc                floatKoef
 .bss.floatFiltAccX
                0x200005c0        0x4 C:\Users\vm\AppData\Local\arduino\sketches\B16720DFAEE37246DE3758BD0B324DBD\sketch\du16_modbus_holding.ino.cpp.o
                0x200005c0                floatFiltAccX
 .bss.floatFiltAccY
                0x200005c4        0x4 C:\Users\vm\AppData\Local\arduino\sketches\B16720DFAEE37246DE3758BD0B324DBD\sketch\du16_modbus_holding.ino.cpp.o
                0x200005c4                floatFiltAccY
 .bss.floatFiltAccZ
                0x200005c8        0x4 C:\Users\vm\AppData\Local\arduino\sketches\B16720DFAEE37246DE3758BD0B324DBD\sketch\du16_modbus_holding.ino.cpp.o
                0x200005c8                floatFiltAccZ
 .bss.floatAccXnow
                0x200005cc        0x4 C:\Users\vm\AppData\Local\arduino\sketches\B16720DFAEE37246DE3758BD0B324DBD\sketch\du16_modbus_holding.ino.cpp.o
                0x200005cc                floatAccXnow
 .bss.longTimer2
                0x200005d0        0x4 C:\Users\vm\AppData\Local\arduino\sketches\B16720DFAEE37246DE3758BD0B324DBD\sketch\du16_modbus_holding.ino.cpp.o
                0x200005d0                longTimer2
 .bss.floatAccXmax
                0x200005d4        0x4 C:\Users\vm\AppData\Local\arduino\sketches\B16720DFAEE37246DE3758BD0B324DBD\sketch\du16_modbus_holding.ino.cpp.o
                0x200005d4                floatAccXmax
 .bss.floatAccZnow
                0x200005d8        0x4 C:\Users\vm\AppData\Local\arduino\sketches\B16720DFAEE37246DE3758BD0B324DBD\sketch\du16_modbus_holding.ino.cpp.o
                0x200005d8                floatAccZnow
 .bss.floatAccZmgAccu
                0x200005dc        0x4 C:\Users\vm\AppData\Local\arduino\sketches\B16720DFAEE37246DE3758BD0B324DBD\sketch\du16_modbus_holding.ino.cpp.o
                0x200005dc                floatAccZmgAccu
 .bss.floatAccYmax
                0x200005e0        0x4 C:\Users\vm\AppData\Local\arduino\sketches\B16720DFAEE37246DE3758BD0B324DBD\sketch\du16_modbus_holding.ino.cpp.o
                0x200005e0                floatAccYmax
 .bss.intLedCounter
                0x200005e4        0x1 C:\Users\vm\AppData\Local\arduino\sketches\B16720DFAEE37246DE3758BD0B324DBD\sketch\du16_modbus_holding.ino.cpp.o
                0x200005e4                intLedCounter
 *fill*         0x200005e5        0x3 
 .bss.longTimeout
                0x200005e8        0x4 C:\Users\vm\AppData\Local\arduino\sketches\B16720DFAEE37246DE3758BD0B324DBD\sketch\du16_modbus_holding.ino.cpp.o
                0x200005e8                longTimeout
 .bss.IntAccXSecond
                0x200005ec        0x2 C:\Users\vm\AppData\Local\arduino\sketches\B16720DFAEE37246DE3758BD0B324DBD\sketch\du16_modbus_holding.ino.cpp.o
                0x200005ec                IntAccXSecond
 .bss.boolTechSlaveMod
                0x200005ee        0x1 C:\Users\vm\AppData\Local\arduino\sketches\B16720DFAEE37246DE3758BD0B324DBD\sketch\du16_modbus_holding.ino.cpp.o
                0x200005ee                boolTechSlaveMod
 *fill*         0x200005ef        0x1 
 .bss.floatAccXmgRude
                0x200005f0        0x4 C:\Users\vm\AppData\Local\arduino\sketches\B16720DFAEE37246DE3758BD0B324DBD\sketch\du16_modbus_holding.ino.cpp.o
                0x200005f0                floatAccXmgRude
 .bss.longTimer3
                0x200005f4        0x4 C:\Users\vm\AppData\Local\arduino\sketches\B16720DFAEE37246DE3758BD0B324DBD\sketch\du16_modbus_holding.ino.cpp.o
                0x200005f4                longTimer3
 .bss.floatAccZmax
                0x200005f8        0x4 C:\Users\vm\AppData\Local\arduino\sketches\B16720DFAEE37246DE3758BD0B324DBD\sketch\du16_modbus_holding.ino.cpp.o
                0x200005f8                floatAccZmax
 .bss.floatConstToMg
                0x200005fc        0x4 C:\Users\vm\AppData\Local\arduino\sketches\B16720DFAEE37246DE3758BD0B324DBD\sketch\du16_modbus_holding.ino.cpp.o
                0x200005fc                floatConstToMg
 .bss.IntAccXFirst
                0x20000600        0x2 C:\Users\vm\AppData\Local\arduino\sketches\B16720DFAEE37246DE3758BD0B324DBD\sketch\du16_modbus_holding.ino.cpp.o
                0x20000600                IntAccXFirst
 .bss.IntAccZFirst
                0x20000602        0x2 C:\Users\vm\AppData\Local\arduino\sketches\B16720DFAEE37246DE3758BD0B324DBD\sketch\du16_modbus_holding.ino.cpp.o
                0x20000602                IntAccZFirst
 .bss.Wire      0x20000604       0x60 C:\Users\vm\AppData\Local\arduino\sketches\B16720DFAEE37246DE3758BD0B324DBD\libraries\Wire\Wire.cpp.o
                0x20000604                Wire
 .bss.Serial1   0x20000664       0x18 C:\Users\vm\AppData\Local\arduino\sketches\B16720DFAEE37246DE3758BD0B324DBD\core\board.cpp.o
                0x20000664                Serial1
 .bss.Serial2   0x2000067c       0x18 C:\Users\vm\AppData\Local\arduino\sketches\B16720DFAEE37246DE3758BD0B324DBD\core\board.cpp.o
                0x2000067c                Serial2
 .bss.Serial3   0x20000694       0x18 C:\Users\vm\AppData\Local\arduino\sketches\B16720DFAEE37246DE3758BD0B324DBD\core\board.cpp.o
                0x20000694                Serial3
 .bss.exti_channels
                0x200006ac       0x80 C:\Users\vm\AppData\Local\arduino\cores\8235091603350212000de73d769af282\core.a(exti.c.o)
                0x200006ac                exti_channels
 .bss.systick_user_callback
                0x2000072c        0x4 C:\Users\vm\AppData\Local\arduino\cores\8235091603350212000de73d769af282\core.a(systick.c.o)
 .bss.usart1_wb
                0x20000730        0xc C:\Users\vm\AppData\Local\arduino\cores\8235091603350212000de73d769af282\core.a(usart_f1.c.o)
 .bss.usart1_rb
                0x2000073c        0xc C:\Users\vm\AppData\Local\arduino\cores\8235091603350212000de73d769af282\core.a(usart_f1.c.o)
 .bss.usart2_rb
                0x20000748        0xc C:\Users\vm\AppData\Local\arduino\cores\8235091603350212000de73d769af282\core.a(usart_f1.c.o)
 .bss.usart3_rb
                0x20000754        0xc C:\Users\vm\AppData\Local\arduino\cores\8235091603350212000de73d769af282\core.a(usart_f1.c.o)
 .bss.usart2_wb
                0x20000760        0xc C:\Users\vm\AppData\Local\arduino\cores\8235091603350212000de73d769af282\core.a(usart_f1.c.o)
 .bss.usart3_wb
                0x2000076c        0xc C:\Users\vm\AppData\Local\arduino\cores\8235091603350212000de73d769af282\core.a(usart_f1.c.o)
 .bss.line_dtr_rts
                0x20000778        0x1 C:\Users\vm\AppData\Local\arduino\cores\8235091603350212000de73d769af282\core.a(usb_cdcacm.c.o)
 .bss.vcomBufferTx
                0x20000779      0x100 C:\Users\vm\AppData\Local\arduino\cores\8235091603350212000de73d769af282\core.a(usb_cdcacm.c.o)
 *fill*         0x20000879        0x3 
 .bss.tx_head   0x2000087c        0x4 C:\Users\vm\AppData\Local\arduino\cores\8235091603350212000de73d769af282\core.a(usb_cdcacm.c.o)
 .bss.rx_hook   0x20000880        0x4 C:\Users\vm\AppData\Local\arduino\cores\8235091603350212000de73d769af282\core.a(usb_cdcacm.c.o)
 .bss.vcomBufferRx
                0x20000884      0x100 C:\Users\vm\AppData\Local\arduino\cores\8235091603350212000de73d769af282\core.a(usb_cdcacm.c.o)
 .bss.transmitting