-- MS_init()
--[[
MeshSim version 7.1 Build 110127
--]]
MS_init()
-- SimDiscrete_start(0)
--[[
SimDiscrete Build 110127
--]]
SimDiscrete_start(0)
-- SimParasolid_start(1)
--[[
SimParasolid Build 110127
Kernel Version: 27_0_178
--]]
SimParasolid_start(1)
-- SimAdvMeshing_start()
--[[
SimAdvMeshing Build 110127
--]]
SimAdvMeshing_start()
-- ParasolidNM_createFromFile("C:\week_thermal_flow\1\model2_sim1_sam_1.x_t", 0)
r2344757844144 = ParasolidNM_createFromFile("C:\week_thermal_flow\1\model2_sim1_sam_1.x_t", 0)
-- GAM_createFromNativeModel(r2344757844144, p2344729431616)
r2344729400304 = GAM_createFromNativeModel(r2344757844144, p2344729431616)
-- NM_release(r2344757844144)
NM_release(r2344757844144)
-- GM_createFromAssemblyModel(r2344729400304, nil, p2344729431616)
r2344764023088 = GM_createFromAssemblyModel(r2344729400304, nil, p2344729431616)
-- M_new(0, r2344764023088)
r2344764107536 = M_new(0, r2344764023088)
-- MS_newMeshCase(r2344764023088)
n2344764111520 = MS_newMeshCase(r2344764023088)
-- MS_setMeshSize(n2344764111520, GM_entityByTag(r2344764023088, 3, 152), 2, 0.1, nil)
MS_setMeshSize(n2344764111520, GM_entityByTag(r2344764023088, 3, 152), 2, 0.1, nil)
-- MS_setNoMesh(n2344764111520, GM_entityByTag(r2344764023088, 3, 56), 1)
MS_setNoMesh(n2344764111520, GM_entityByTag(r2344764023088, 3, 56), 1)
-- MS_setMeshSize(n2344764111520, GM_entityByTag(r2344764023088, 3, 56), 1, 0.544655854645849, nil)
MS_setMeshSize(n2344764111520, GM_entityByTag(r2344764023088, 3, 56), 1, 0.544655854645849, nil)
-- MS_setMeshSize(n2344764111520, GM_domain(r2344764023088), 1, 0.544655854645849, nil)
MS_setMeshSize(n2344764111520, GM_domain(r2344764023088), 1, 0.544655854645849, nil)
-- MS_minLayerAspectRatio(n2344764111520, GM_domain(r2344764023088), 0.9)
MS_minLayerAspectRatio(n2344764111520, GM_domain(r2344764023088), 0.9)
-- MS_minExposedAspectRatio(n2344764111520, GM_domain(r2344764023088), 0.2)
MS_minExposedAspectRatio(n2344764111520, GM_domain(r2344764023088), 0.2)
-- SurfaceMesher_new(n2344764111520, r2344764107536)
p2344764181984 = SurfaceMesher_new(n2344764111520, r2344764107536)
-- SurfaceMesher_setOptimization(p2344764181984, 1)
SurfaceMesher_setOptimization(p2344764181984, 1)
-- SurfaceMesher_setSmoothing(p2344764181984, 1)
SurfaceMesher_setSmoothing(p2344764181984, 1)
-- SurfaceMesher_setFixIntersections(p2344764181984, 1)
SurfaceMesher_setFixIntersections(p2344764181984, 1)
-- SurfaceMesher_setContinueOnError(p2344764181984, 0)
SurfaceMesher_setContinueOnError(p2344764181984, 0)
-- SurfaceMesher_setFaceRotationLimit(p2344764181984, 15)
SurfaceMesher_setFaceRotationLimit(p2344764181984, 15)
-- SurfaceMesher_setProximitySizeLevel(p2344764181984, 0)
SurfaceMesher_setProximitySizeLevel(p2344764181984, 0)
-- SurfaceMesher_setUseNewQuadMesher(p2344764181984, 0)
SurfaceMesher_setUseNewQuadMesher(p2344764181984, 0)
-- SurfaceMesher_setOptimizeBL(p2344764181984, 0)
SurfaceMesher_setOptimizeBL(p2344764181984, 0)
-- SurfaceMesher_execute(p2344764181984, p2344729431616)
SurfaceMesher_execute(p2344764181984, p2344729431616)
-- VolumeMesher_new(n2344764111520, r2344764107536)
p2344764824512 = VolumeMesher_new(n2344764111520, r2344764107536)
-- VolumeMesher_setEnforceSize(p2344764824512, 0)
VolumeMesher_setEnforceSize(p2344764824512, 0)
-- VolumeMesher_setOptimization(p2344764824512, 1)
VolumeMesher_setOptimization(p2344764824512, 1)
-- VolumeMesher_setSmoothing(p2344764824512, 1)
VolumeMesher_setSmoothing(p2344764824512, 1)
-- VolumeMesher_setModifySurface(p2344764824512, 1)
VolumeMesher_setModifySurface(p2344764824512, 1)
-- VolumeMesher_setDoStructuredMeshing(p2344764824512, 1)
VolumeMesher_setDoStructuredMeshing(p2344764824512, 1)
-- VolumeMesher_setDoUnstructuredMeshing(p2344764824512, 1)
VolumeMesher_setDoUnstructuredMeshing(p2344764824512, 1)
-- VolumeMesher_setModifyBL(p2344764824512, 0)
VolumeMesher_setModifyBL(p2344764824512, 0)
-- VolumeMesher_setDoStructuredMeshing(p2344764824512, 1)
VolumeMesher_setDoStructuredMeshing(p2344764824512, 1)
-- VolumeMesher_setDoUnstructuredMeshing(p2344764824512, 1)
VolumeMesher_setDoUnstructuredMeshing(p2344764824512, 1)
-- VolumeMesher_execute(p2344764824512, p2344729431616)
VolumeMesher_execute(p2344764824512, p2344729431616)
-- M_release(r2344764107536)
M_release(r2344764107536)
-- GM_release(r2344764023088)
GM_release(r2344764023088)
-- SimAdvMeshing_stop()
SimAdvMeshing_stop()
-- SimDiscrete_stop(0)
SimDiscrete_stop(0)
-- SimParasolid_stop(1)
SimParasolid_stop(1)
-- MS_exit()
MS_exit()
