Informational Output for PART: E:\BMSTU\for_study\NX\обр_готово.prt
Created By:    gnomy
Creation Date: Tue Jun 16 20:29:40 2026
===============================================

+++MOM WARNING+++
Info: Потеряно событие: Имя события: WIZD_mill_contour__mill_contour

Informational Output for PART: E:\BMSTU\for_study\NX\assembly1.prt
Created By:    gnomy
Creation Date: Tue Jun 16 20:38:23 2026
===============================================

+++MOM WARNING+++
Info: Потеряно событие: Имя события: WIZD_mill_contour__mill_contour

Informational Output for PART: E:\BMSTU\for_study\NX\assembly1.prt
Created By:    gnomy
Creation Date: Tue Jun 16 20:38:26 2026
===============================================

+++MOM WARNING+++
Info: Потеряно событие: Имя события: WIZD_mill_contour__mill

Informational Output for PART: E:\BMSTU\for_study\NX\assembly1.prt
Created By:    gnomy
Creation Date: Tue Jun 16 20:41:32 2026
===============================================

+++MOM WARNING+++
Info: Потеряно событие: Имя события: WIZD_mill_contour__cavity_mill

Informational Output for PART: E:\BMSTU\for_study\NX\Gavno1_setup_1.prt
Created By:    gnomy
Creation Date: Tue Jun 16 21:25:08 2026
===============================================

+++MOM WARNING+++
Info: Потеряно событие: Имя события: WIZD_millturn_exp__mill


+++MOM WARNING+++
Info: Потеряно событие: Имя события: WIZD_millturn_exp__cavity_mill


+++MOM WARNING+++
Info: Потеряно событие: Имя события: WIZD_millturn_exp__floor_wall


+++MOM WARNING+++
Info: Потеряно событие: Имя события: WIZD_millturn_exp__floor_wall


+++MOM WARNING+++
Info: Потеряно событие: Имя события: WIZD_millturn_exp__floor_wall


+++MOM WARNING+++
Info: Потеряно событие: Имя события: WIZD_hole_making__std_drill


+++MOM WARNING+++
Info: Потеряно событие: Имя события: WIZD_hole_making__drilling


+++MOM WARNING+++
Info: Потеряно событие: Имя события: WIZD_millturn_exp__floor_wall


+++MOM WARNING+++
Info: Потеряно событие: Имя события: WIZD_millturn_exp__cavity_mill


+++MOM WARNING+++
Info: Потеряно событие: Имя события: WIZD_millturn_exp__cavity_mill


+++MOM WARNING+++
Info: Потеряно событие: Имя события: WIZD_millturn_exp__1234

