Archive member included because of file (symbol)

C:\Users\vadim\AppData\Local\Temp\arduino\sketches\94FB87C1378CA965C3F512455858D43E\core\core.a(HardwareSerial.cpp.o)
                              C:\Users\vadim\AppData\Local\Temp\arduino\sketches\94FB87C1378CA965C3F512455858D43E\core\board.cpp.o (HardwareSerial::HardwareSerial(usart_dev*, unsigned char, unsigned char))
C:\Users\vadim\AppData\Local\Temp\arduino\sketches\94FB87C1378CA965C3F512455858D43E\core\core.a(Print.cpp.o)
                              C:\Users\vadim\AppData\Local\Temp\arduino\sketches\94FB87C1378CA965C3F512455858D43E\core\core.a(HardwareSerial.cpp.o) (Print::write(void const*, unsigned long))
C:\Users\vadim\AppData\Local\Temp\arduino\sketches\94FB87C1378CA965C3F512455858D43E\core\core.a(cxxabi-compat.cpp.o)
                              C:\Users\vadim\AppData\Local\Temp\arduino\sketches\94FB87C1378CA965C3F512455858D43E\libraries\Wire\utility\WireBase.cpp.o (__cxa_pure_virtual)
C:\Users\vadim\AppData\Local\Temp\arduino\sketches\94FB87C1378CA965C3F512455858D43E\core\core.a(adc.c.o)
                              C:\Users\vadim\AppData\Local\Temp\arduino\sketches\94FB87C1378CA965C3F512455858D43E\core\wirish\boards.cpp.o (adc_set_sample_rate)
C:\Users\vadim\AppData\Local\Temp\arduino\sketches\94FB87C1378CA965C3F512455858D43E\core\core.a(adc_f1.c.o)
                              (__irq_adc)
C:\Users\vadim\AppData\Local\Temp\arduino\sketches\94FB87C1378CA965C3F512455858D43E\core\core.a(dma_f1.c.o)
                              (__irq_dma1_channel1)
C:\Users\vadim\AppData\Local\Temp\arduino\sketches\94FB87C1378CA965C3F512455858D43E\core\core.a(exc.S.o)
                              (__exc_nmi)
C:\Users\vadim\AppData\Local\Temp\arduino\sketches\94FB87C1378CA965C3F512455858D43E\core\core.a(exti.c.o)
                              (__irq_exti0)
C:\Users\vadim\AppData\Local\Temp\arduino\sketches\94FB87C1378CA965C3F512455858D43E\core\core.a(exti_f1.c.o)
                              C:\Users\vadim\AppData\Local\Temp\arduino\sketches\94FB87C1378CA965C3F512455858D43E\core\core.a(exti.c.o) (exti_select)
C:\Users\vadim\AppData\Local\Temp\arduino\sketches\94FB87C1378CA965C3F512455858D43E\core\core.a(flash.c.o)
                              C:\Users\vadim\AppData\Local\Temp\arduino\sketches\94FB87C1378CA965C3F512455858D43E\core\wirish\boards.cpp.o (flash_set_latency)
C:\Users\vadim\AppData\Local\Temp\arduino\sketches\94FB87C1378CA965C3F512455858D43E\core\core.a(gpio_f1.c.o)
                              C:\Users\vadim\AppData\Local\Temp\arduino\sketches\94FB87C1378CA965C3F512455858D43E\core\wirish\boards_setup.cpp.o (gpio_init_all)
C:\Users\vadim\AppData\Local\Temp\arduino\sketches\94FB87C1378CA965C3F512455858D43E\core\core.a(i2c.c.o)
                              C:\Users\vadim\AppData\Local\Temp\arduino\sketches\94FB87C1378CA965C3F512455858D43E\libraries\Wire\Wire.cpp.o (i2c_master_enable)
C:\Users\vadim\AppData\Local\Temp\arduino\sketches\94FB87C1378CA965C3F512455858D43E\core\core.a(i2c_f1.c.o)
                              C:\Users\vadim\AppData\Local\Temp\arduino\sketches\94FB87C1378CA965C3F512455858D43E\core\core.a(i2c.c.o) (i2c_config_gpios)
C:\Users\vadim\AppData\Local\Temp\arduino\sketches\94FB87C1378CA965C3F512455858D43E\core\core.a(nvic.c.o)
                              C:\Users\vadim\AppData\Local\Temp\arduino\sketches\94FB87C1378CA965C3F512455858D43E\core\core.a(i2c_f1.c.o) (nvic_irq_set_priority)
C:\Users\vadim\AppData\Local\Temp\arduino\sketches\94FB87C1378CA965C3F512455858D43E\core\core.a(rcc.c.o)
                              C:\Users\vadim\AppData\Local\Temp\arduino\sketches\94FB87C1378CA965C3F512455858D43E\core\wirish\boards.cpp.o (rcc_switch_sysclk)
C:\Users\vadim\AppData\Local\Temp\arduino\sketches\94FB87C1378CA965C3F512455858D43E\core\core.a(rcc_f1.c.o)
                              C:\Users\vadim\AppData\Local\Temp\arduino\sketches\94FB87C1378CA965C3F512455858D43E\core\wirish\boards.cpp.o (rcc_configure_pll)
C:\Users\vadim\AppData\Local\Temp\arduino\sketches\94FB87C1378CA965C3F512455858D43E\core\core.a(isrs.S.o)
                              (__stm32reservedexception7)
C:\Users\vadim\AppData\Local\Temp\arduino\sketches\94FB87C1378CA965C3F512455858D43E\core\core.a(vector_table.S.o)
                              (__stm32_vector_table)
C:\Users\vadim\AppData\Local\Temp\arduino\sketches\94FB87C1378CA965C3F512455858D43E\core\core.a(systick.c.o)
                              C:\Users\vadim\AppData\Local\Temp\arduino\sketches\94FB87C1378CA965C3F512455858D43E\core\wirish\boards.cpp.o (systick_init)
C:\Users\vadim\AppData\Local\Temp\arduino\sketches\94FB87C1378CA965C3F512455858D43E\core\core.a(timer.c.o)
                              C:\Users\vadim\AppData\Local\Temp\arduino\sketches\94FB87C1378CA965C3F512455858D43E\core\wirish\boards.cpp.o (timer_foreach)
C:\Users\vadim\AppData\Local\Temp\arduino\sketches\94FB87C1378CA965C3F512455858D43E\core\core.a(usart.c.o)
[...]
Memory Configuration

Name             Origin             Length             Attributes
ram              0x20000000         0x00005000         xrw
rom              0x08000000         0x00010000         xr
*default*        0x00000000         0xffffffff

Linker script and memory map

LOAD c:/users/vadim/appdata/local/arduino15/packages/arduino/tools/arm-none-eabi-gcc/4.8.3-2014q1/bin/../lib/gcc/arm-none-eabi/4.8.3/armv7-m/crti.o
LOAD c:/users/vadim/appdata/local/arduino15/packages/arduino/tools/arm-none-eabi-gcc/4.8.3-2014q1/bin/../lib/gcc/arm-none-eabi/4.8.3/armv7-m/crtbegin.o
LOAD c:/users/vadim/appdata/local/arduino15/packages/arduino/tools/arm-none-eabi-gcc/4.8.3-2014q1/bin/../lib/gcc/arm-none-eabi/4.8.3/../../../../arm-none-eabi/lib/armv7-m/crt0.o
LOAD c:/users/vadim/appdata/local/arduino15/packages/arduino/tools/arm-none-eabi-gcc/4.8.3-2014q1/bin/../lib/gcc/arm-none-eabi/4.8.3/armv7-m\libgcc.a
START GROUP
LOAD C:\Users\vadim\AppData\Local\Temp\arduino\sketches\94FB87C1378CA965C3F512455858D43E\sketch\du16_modbus_holding.ino.cpp.o
LOAD C:\Users\vadim\AppData\Local\Temp\arduino\sketches\94FB87C1378CA965C3F512455858D43E\libraries\Wire\SoftWire.cpp.o
LOAD C:\Users\vadim\AppData\Local\Temp\arduino\sketches\94FB87C1378CA965C3F512455858D43E\libraries\Wire\Wire.cpp.o
LOAD C:\Users\vadim\AppData\Local\Temp\arduino\sketches\94FB87C1378CA965C3F512455858D43E\libraries\Wire\utility\WireBase.cpp.o
LOAD C:\Users\vadim\AppData\Local\Temp\arduino\sketches\94FB87C1378CA965C3F512455858D43E\libraries\ModbusRtuMod\ModbusRtuMod.cpp.o
LOAD C:\Users\vadim\AppData\Local\Temp\arduino\sketches\94FB87C1378CA965C3F512455858D43E\core\board.cpp.o
LOAD C:\Users\vadim\AppData\Local\Temp\arduino\sketches\94FB87C1378CA965C3F512455858D43E\core\wirish\boards.cpp.o
LOAD C:\Users\vadim\AppData\Local\Temp\arduino\sketches\94FB87C1378CA965C3F512455858D43E\core\wirish\boards_setup.cpp.o
LOAD C:\Users\vadim\AppData\Local\Temp\arduino\sketches\94FB87C1378CA965C3F512455858D43E\core\wirish\start.S.o
LOAD C:\Users\vadim\AppData\Local\Temp\arduino\sketches\94FB87C1378CA965C3F512455858D43E\core\wirish\start_c.c.o
LOAD C:\Users\vadim\AppData\Local\Temp\arduino\sketches\94FB87C1378CA965C3F512455858D43E\core\wirish\syscalls.c.o
LOAD C:\Users\vadim\AppData\Local\Temp\arduino\sketches\94FB87C1378CA965C3F512455858D43E\core\core.a
END GROUP
LOAD c:/users/vadim/appdata/local/arduino15/packages/arduino/tools/arm-none-eabi-gcc/4.8.3-2014q1/bin/../lib/gcc/arm-none-eabi/4.8.3/../../../../arm-none-eabi/lib/armv7-m\libstdc++.a
LOAD c:/users/vadim/appdata/local/arduino15/packages/arduino/tools/arm-none-eabi-gcc/4.8.3-2014q1/bin/../lib/gcc/arm-none-eabi/4.8.3/../../../../arm-none-eabi/lib/armv7-m\libm.a
START GROUP
LOAD c:/users/vadim/appdata/local/arduino15/packages/arduino/tools/arm-none-eabi-gcc/4.8.3-2014q1/bin/../lib/gcc/arm-none-eabi/4.8.3/armv7-m\libgcc.a
LOAD c:/users/vadim/appdata/local/arduino15/packages/arduino/tools/arm-none-eabi-gcc/4.8.3-2014q1/bin/../lib/gcc/arm-none-eabi/4.8.3/../../../../arm-none-eabi/lib/armv7-m\libc.a
END GROUP
LOAD c:/users/vadim/appdata/local/arduino15/packages/arduino/tools/arm-none-eabi-gcc/4.8.3-2014q1/bin/../lib/gcc/arm-none-eabi/4.8.3/armv7-m/crtend.o
LOAD c:/users/vadim/appdata/local/arduino15/packages/arduino/tools/arm-none-eabi-gcc/4.8.3-2014q1/bin/../lib/gcc/arm-none-eabi/4.8.3/armv7-m/crtn.o
START GROUP
LOAD c:/users/vadim/appdata/local/arduino15/packages/arduino/tools/arm-none-eabi-gcc/4.8.3-2014q1/bin/../lib/gcc/arm-none-eabi/4.8.3/armv7-m\libgcc.a
LOAD c:/users/vadim/appdata/local/arduino15/packages/arduino/tools/arm-none-eabi-gcc/4.8.3-2014q1/bin/../lib/gcc/arm-none-eabi/4.8.3/../../../../arm-none-eabi/lib/armv7-m\libc.a
LOAD c:/users/vadim/appdata/local/arduino15/packages/arduino/tools/arm-none-eabi-gcc/4.8.3-2014q1/bin/../lib/gcc/arm-none-eabi/4.8.3/../../../../arm-none-eabi/lib/armv7-m\libm.a
END GROUP
START GROUP
LOAD c:/users/vadim/appdata/local/arduino15/packages/arduino/tools/arm-none-eabi-gcc/4.8.3-2014q1/bin/../lib/gcc/arm-none-eabi/4.8.3/../../../../arm-none-eabi/lib/armv7-m\libnosys.a
END GROUP
                0x20005000                PROVIDE (__msp_init, (ORIGIN (ram) + 0x5000))
                0x08002028                PROVIDE (__exc_reset, __start__)

.text           0x08000000     0x6860
                0x08000000                __text_start__ = .
 *(.stm32.interrupt_vector)
 .stm32.interrupt_vector
                0x08000000       0xec C:\Users\vadim\AppData\Local\Temp\arduino\sketches\94FB87C1378CA965C3F512455858D43E\core\core.a(vector_table.S.o)
                0x08000000                __stm32_vector_table
 *(.text .text.* .gnu.linkonce.t.*)
 .text          0x080000ec       0x54 c:/users/vadim/appdata/local/arduino15/packages/arduino/tools/arm-none-eabi-gcc/4.8.3-2014q1/bin/../lib/gcc/arm-none-eabi/4.8.3/armv7-m/crtbegin.o
 .text._Z9getValuesv
                0x08000140      0x740 C:\Users\vadim\AppData\Local\Temp\arduino\sketches\94FB87C1378CA965C3F512455858D43E\sketch\du16_modbus_holding.ino.cpp.o
                0x08000140                getValues()
 .text._Z19Flash_save_settingsv
                0x08000880      0x120 C:\Users\vadim\AppData\Local\Temp\arduino\sketches\94FB87C1378CA965C3F512455858D43E\sketch\du16_modbus_holding.ino.cpp.o
                0x08000880                Flash_save_settings()
 .text.startup._GLOBAL__sub_I_auModbusData
                0x080009a0       0x30 C:\Users\vadim\AppData\Local\Temp\arduino\sketches\94FB87C1378CA965C3F512455858D43E\sketch\du16_modbus_holding.ino.cpp.o
 .text.exit._GLOBAL__sub_D_auModbusData
                0x080009d0        0xc C:\Users\vadim\AppData\Local\Temp\arduino\sketches\94FB87C1378CA965C3F512455858D43E\sketch\du16_modbus_holding.ino.cpp.o
 .text._Z10setup_memsh
                0x080009dc       0xd0 C:\Users\vadim\AppData\Local\Temp\arduino\sketches\94FB87C1378CA965C3F512455858D43E\sketch\du16_modbus_holding.ino.cpp.o
                0x080009dc                setup_mems(unsigned char)
 .text._Z21serialModbusAccUpdatetttt
                0x08000aac       0xb4 C:\Users\vadim\AppData\Local\Temp\arduino\sketches\94FB87C1378CA965C3F512455858D43E\sketch\du16_modbus_holding.ino.cpp.o
                0x08000aac                serialModbusAccUpdate(unsigned short, unsigned short, unsigned short, unsigned short)
 .text._Z16eventTimeTriger2v
                0x08000b60       0xfc C:\Users\vadim\AppData\Local\Temp\arduino\sketches\94FB87C1378CA965C3F512455858D43E\sketch\du16_modbus_holding.ino.cpp.o
                0x08000b60                eventTimeTriger2()
 .text._Z4loopv
                0x08000c5c       0x94 C:\Users\vadim\AppData\Local\Temp\arduino\sketches\94FB87C1378CA965C3F512455858D43E\sketch\du16_modbus_holding.ino.cpp.o
                0x08000c5c                loop()
 .text._Z5setupv
                0x08000cf0      0x110 C:\Users\vadim\AppData\Local\Temp\arduino\sketches\94FB87C1378CA965C3F512455858D43E\sketch\du16_modbus_holding.ino.cpp.o
                0x08000cf0                setup()
 .text._ZN7TwoWire7processEv
                0x08000e00        0xc C:\Users\vadim\AppData\Local\Temp\arduino\sketches\94FB87C1378CA965C3F512455858D43E\libraries\Wire\Wire.cpp.o
                0x08000e00                TwoWire::process()
 .text._ZN7TwoWire3endEv
                0x08000e0c       0x24 C:\Users\vadim\AppData\Local\Temp\arduino\sketches\94FB87C1378CA965C3F512455858D43E\libraries\Wire\Wire.cpp.o
                0x08000e0c                TwoWire::end()
 .text._ZN7TwoWire7processEh
                0x08000e30       0x64 C:\Users\vadim\AppData\Local\Temp\arduino\sketches\94FB87C1378CA965C3F512455858D43E\libraries\Wire\Wire.cpp.o
                0x08000e30                TwoWire::process(unsigned char)
 .text._ZN7TwoWire5beginEh
                0x08000e94       0x10 C:\Users\vadim\AppData\Local\Temp\arduino\sketches\94FB87C1378CA965C3F512455858D43E\libraries\Wire\Wire.cpp.o
                0x08000e94                TwoWire::begin(unsigned char)
 .text._Z41__static_initialization_and_destruction_0ii.part.0
                0x08000ea4       0x30 C:\Users\vadim\AppData\Local\Temp\arduino\sketches\94FB87C1378CA965C3F512455858D43E\libraries\Wire\Wire.cpp.o
 .text._ZN7TwoWireC2Ehhm
                0x08000ed4       0x60 C:\Users\vadim\AppData\Local\Temp\arduino\sketches\94FB87C1378CA965C3F512455858D43E\libraries\Wire\Wire.cpp.o
                0x08000ed4                TwoWire::TwoWire(unsigned char, unsigned char, unsigned long)
                0x08000ed4                TwoWire::TwoWire(unsigned char, unsigned char, unsigned long)
 .text._ZN7TwoWireD2Ev
                0x08000f34       0x34 C:\Users\vadim\AppData\Local\Temp\arduino\sketches\94FB87C1378CA965C3F512455858D43E\libraries\Wire\Wire.cpp.o
                0x08000f34                TwoWire::~TwoWire()
                0x08000f34                TwoWire::~TwoWire()
 .text.startup._GLOBAL__sub_I__ZN7TwoWire7processEh
                0x08000f68       0x30 C:\Users\vadim\AppData\Local\Temp\arduino\sketches\94FB87C1378CA965C3F512455858D43E\libraries\Wire\Wire.cpp.o
 .text.exit._GLOBAL__sub_D__ZN7TwoWire7processEh
                0x08000f98        0x4 C:\Users\vadim\AppData\Local\Temp\arduino\sketches\94FB87C1378CA965C3F512455858D43E\libraries\Wire\Wire.cpp.o
 .text._ZN8WireBase3endEv
                0x08000f9c        0x4 C:\Users\vadim\AppData\Local\Temp\arduino\sketches\94FB87C1378CA965C3F512455858D43E\libraries\Wire\utility\WireBase.cpp.o
                0x08000f9c                WireBase::end()
 .text._ZN8WireBase5beginEh
                0x08000fa0       0x14 C:\Users\vadim\AppData\Local\Temp\arduino\sketches\94FB87C1378CA965C3F512455858D43E\libraries\Wire\utility\WireBase.cpp.o
                0x08000fa0                WireBase::begin(unsigned char)
 .text._ZN8WireBase17beginTransmissionEh
                0x08000fb4       0x14 C:\Users\vadim\AppData\Local\Temp\arduino\sketches\94FB87C1378CA965C3F512455858D43E\libraries\Wire\utility\WireBase.cpp.o
                0x08000fb4                WireBase::beginTransmission(unsigned char)
 .text._ZN8WireBase15endTransmissionEb
                0x08000fc8       0x20 C:\Users\vadim\AppData\Local\Temp\arduino\sketches\94FB87C1378CA965C3F512455858D43E\libraries\Wire\utility\WireBase.cpp.o
                0x08000fc8                WireBase::endTransmission(bool)
 .text._ZN8WireBase11requestFromEhib
                0x08000fe8       0x38 C:\Users\vadim\AppData\Local\Temp\arduino\sketches\94FB87C1378CA965C3F512455858D43E\libraries\Wire\utility\WireBase.cpp.o
                0x08000fe8                WireBase::requestFrom(unsigned char, int, bool)
 .text._ZN8WireBase5writeEh
                0x08001020       0x34 C:\Users\vadim\AppData\Local\Temp\arduino\sketches\94FB87C1378CA965C3F512455858D43E\libraries\Wire\utility\WireBase.cpp.o
                0x08001020                WireBase::write(unsigned char)
 .text._ZN8WireBase4readEv
                0x08001054       0x3c C:\Users\vadim\AppData\Local\Temp\arduino\sketches\94FB87C1378CA965C3F512455858D43E\libraries\Wire\utility\WireBase.cpp.o
                0x08001054                WireBase::read()
 .text._ZN6ModbusC2EhR6Streamh
                0x08001090       0x24 C:\Users\vadim\AppData\Local\Temp\arduino\sketches\94FB87C1378CA965C3F512455858D43E\libraries\ModbusRtuMod\ModbusRtuMod.cpp.o
                0x08001090                Modbus::Modbus(unsigned char, Stream&, unsigned char)
                0x08001090                Modbus::Modbus(unsigned char, Stream&, unsigned char)
 .text._ZN6Modbus5startEv
                0x080010b4       0x3c C:\Users\vadim\AppData\Local\Temp\arduino\sketches\94FB87C1378CA965C3F512455858D43E\libraries\ModbusRtuMod\ModbusRtuMod.cpp.o
                0x080010b4                Modbus::start()
 .text._ZN6Modbus5setIDEh
                0x080010f0        0xc C:\Users\vadim\AppData\Local\Temp\arduino\sketches\94FB87C1378CA965C3F512455858D43E\libraries\ModbusRtuMod\ModbusRtuMod.cpp.o
                0x080010f0                Modbus::setID(unsigned char)
 .text._ZN6Modbus12sendTxBufferEv
                0x080010fc      0x148 C:\Users\vadim\AppData\Local\Temp\arduino\sketches\94FB87C1378CA965C3F512455858D43E\libraries\ModbusRtuMod\ModbusRtuMod.cpp.o
                0x080010fc                Modbus::sendTxBuffer()
 .text._ZN6Modbus15validateRequestEv
                0x08001244      0x188 C:\Users\vadim\AppData\Local\Temp\arduino\sketches\94FB87C1378CA965C3F512455858D43E\libraries\ModbusRtuMod\ModbusRtuMod.cpp.o
                0x08001244                Modbus::validateRequest()
 .text._ZN6Modbus11process_FC1EPth
                0x080013cc       0xc4 C:\Users\vadim\AppData\Local\Temp\arduino\sketches\94FB87C1378CA965C3F512455858D43E\libraries\ModbusRtuMod\ModbusRtuMod.cpp.o
                0x080013cc                Modbus::process_FC1(unsigned short*, unsigned char)
 .text._ZN6Modbus11process_FC3EPth
                0x08001490       0x80 C:\Users\vadim\AppData\Local\Temp\arduino\sketches\94FB87C1378CA965C3F512455858D43E\libraries\ModbusRtuMod\ModbusRtuMod.cpp.o
                0x08001490                Modbus::process_FC3(unsigned short*, unsigned char)
 .text._ZN6Modbus11process_FC5EPth
                0x08001510      0x158 C:\Users\vadim\AppData\Local\Temp\arduino\sketches\94FB87C1378CA965C3F512455858D43E\libraries\ModbusRtuMod\ModbusRtuMod.cpp.o
                0x08001510                Modbus::process_FC5(unsigned short*, unsigned char)
 .text._ZN6Modbus11process_FC6EPth
                0x08001668      0x14c C:\Users\vadim\AppData\Local\Temp\arduino\sketches\94FB87C1378CA965C3F512455858D43E\libraries\ModbusRtuMod\ModbusRtuMod.cpp.o
                0x08001668                Modbus::process_FC6(unsigned short*, unsigned char)
 .text._ZN6Modbus12process_FC15EPth
                0x080017b4      0x18c C:\Users\vadim\AppData\Local\Temp\arduino\sketches\94FB87C1378CA965C3F512455858D43E\libraries\ModbusRtuMod\ModbusRtuMod.cpp.o
                0x080017b4                Modbus::process_FC15(unsigned short*, unsigned char)
 .text._ZN6Modbus12process_FC16EPth
                0x08001940       0x5c C:\Users\vadim\AppData\Local\Temp\arduino\sketches\94FB87C1378CA965C3F512455858D43E\libraries\ModbusRtuMod\ModbusRtuMod.cpp.o
                0x08001940                Modbus::process_FC16(unsigned short*, unsigned char)
 .text._ZN6Modbus4pollEPthS0_h
                0x0800199c      0x428 C:\Users\vadim\AppData\Local\Temp\arduino\sketches\94FB87C1378CA965C3F512455858D43E\libraries\ModbusRtuMod\ModbusRtuMod.cpp.o
                0x0800199c                Modbus::poll(unsigned short*, unsigned char, unsigned short*, unsigned char)
 .text._Z9boardInitv
                0x08001dc4        0x4 C:\Users\vadim\AppData\Local\Temp\arduino\sketches\94FB87C1378CA965C3F512455858D43E\core\board.cpp.o
                0x08001dc4                boardInit()
 .text.startup._GLOBAL__sub_I__Z9boardInitv
                0x08001dc8       0x48 C:\Users\vadim\AppData\Local\Temp\arduino\sketches\94FB87C1378CA965C3F512455858D43E\core\board.cpp.o
 .text._ZL18adc_default_configP7adc_dev
                0x08001e10       0x1c C:\Users\vadim\AppData\Local\Temp\arduino\sketches\94FB87C1378CA965C3F512455858D43E\core\wirish\boards.cpp.o
 .text._ZL20timer_default_configP9timer_dev
                0x08001e2c       0xa8 C:\Users\vadim\AppData\Local\Temp\arduino\sketches\94FB87C1378CA965C3F512455858D43E\core\wirish\boards.cpp.o
 .text._Z4initv
                0x08001ed4       0xbc C:\Users\vadim\AppData\Local\Temp\arduino\sketches\94FB87C1378CA965C3F512455858D43E\core\wirish\boards.cpp.o
                0x08001ed4                init()
 .text._ZN6wirish4priv15board_reset_pllEv
                0x08001f90        0x4 C:\Users\vadim\AppData\Local\Temp\arduino\sketches\94FB87C1378CA965C3F512455858D43E\core\wirish\boards_setup.cpp.o
                0x08001f90                wirish::priv::board_reset_pll()
 .text._ZN6wirish4priv28board_setup_clock_prescalersEv
                0x08001f94       0x30 C:\Users\vadim\AppData\Local\Temp\arduino\sketches\94FB87C1378CA965C3F512455858D43E\core\wirish\boards_setup.cpp.o
                0x08001f94                wirish::priv::board_setup_clock_prescalers()
 .text._ZN6wirish4priv16board_setup_gpioEv
                0x08001fc4        0x4 C:\Users\vadim\AppData\Local\Temp\arduino\sketches\94FB87C1378CA965C3F512455858D43E\core\wirish\boards_setup.cpp.o
                0x08001fc4                wirish::priv::board_setup_gpio()
 .text._ZN6wirish4priv15board_setup_usbEv
                0x08001fc8       0x5c C:\Users\vadim\AppData\Local\Temp\arduino\sketches\94FB87C1378CA965C3F512455858D43E\core\wirish\boards_setup.cpp.o
                0x08001fc8                wirish::priv::board_setup_usb()
 .text._ZN6wirish4priv11series_initEv
                0x08002024        0x4 C:\Users\vadim\AppData\Local\Temp\arduino\sketches\94FB87C1378CA965C3F512455858D43E\core\wirish\boards_setup.cpp.o
                0x08002024                wirish::priv::series_init()
 .text          0x08002028       0x10 C:\Users\vadim\AppData\Local\Temp\arduino\sketches\94FB87C1378CA965C3F512455858D43E\core\wirish\start.S.o
                0x08002028                __start__
 .text.start_c  0x08002038       0x68 C:\Users\vadim\AppData\Local\Temp\arduino\sketches\94FB87C1378CA965C3F512455858D43E\core\wirish\start_c.c.o
                0x08002038                start_c
 .text._ZN14HardwareSerial4readEv
                0x080020a0       0x58 C:\Users\vadim\AppData\Local\Temp\arduino\sketches\94FB87C1378CA965C3F512455858D43E\core\core.a(HardwareSerial.cpp.o)
                0x080020a0                HardwareSerial::read()
 .text._ZN14HardwareSerial9availableEv
                0x080020f8       0x30 C:\Users\vadim\AppData\Local\Temp\arduino\sketches\94FB87C1378CA965C3F512455858D43E\core\core.a(HardwareSerial.cpp.o)
                0x080020f8                HardwareSerial::available()
 .text._ZN14HardwareSerial4peekEv
                0x08002128       0x24 C:\Users\vadim\AppData\Local\Temp\arduino\sketches\94FB87C1378CA965C3F512455858D43E\core\core.a(HardwareSerial.cpp.o)
                0x08002128                HardwareSerial::peek()
 .text._ZN14HardwareSerial5flushEv
                0x0800214c       0x1c C:\Users\vadim\AppData\Local\Temp\arduino\sketches\94FB87C1378CA965C3F512455858D43E\core\core.a(HardwareSerial.cpp.o)
                0x0800214c                HardwareSerial::flush()
 .text._ZN14HardwareSerial5writeEh
                0x08002168       0x20 C:\Users\vadim\AppData\Local\Temp\arduino\sketches\94FB87C1378CA965C3F512455858D43E\core\core.a(HardwareSerial.cpp.o)
                0x08002168                HardwareSerial::write(unsigned char)
 .text._ZN14HardwareSerialC2EP9usart_devhh
                0x08002188       0x20 C:\Users\vadim\AppData\Local\Temp\arduino\sketches\94FB87C1378CA965C3F512455858D43E\core\core.a(HardwareSerial.cpp.o)
                0x08002188                HardwareSerial::HardwareSerial(usart_dev*, unsigned char, unsigned char)
                0x08002188                HardwareSerial::HardwareSerial(usart_dev*, unsigned char, unsigned char)
 .text._ZN14HardwareSerial5beginEm
                0x080021a8       0x7c C:\Users\vadim\AppData\Local\Temp\arduino\sketches\94FB87C1378CA965C3F512455858D43E\core\core.a(HardwareSerial.cpp.o)
                0x080021a8                HardwareSerial::begin(unsigned long)
 .text._ZN14HardwareSerial5beginEmh
                0x08002224       0x7c C:\Users\vadim\AppData\Local\Temp\arduino\sketches\94FB87C1378CA965C3F512455858D43E\core\core.a(HardwareSerial.cpp.o)
                0x08002224                HardwareSerial::begin(unsigned long, unsigned char)
 .text._ZN14HardwareSerial3endEv
                0x080022a0        0x8 C:\Users\vadim\AppData\Local\Temp\arduino\sketches\94FB87C1378CA965C3F512455858D43E\core\core.a(HardwareSerial.cpp.o)
                0x080022a0                HardwareSerial::end()
 .text._ZN5Print5writeEPKvm
                0x080022a8       0x20 C:\Users\vadim\AppData\Local\Temp\arduino\sketches\94FB87C1378CA965C3F512455858D43E\core\core.a(Print.cpp.o)
                0x080022a8                Print::write(void const*, unsigned long)
 .text._ZN5Print5writeEPKc
                0x080022c8       0x20 C:\Users\vadim\AppData\Local\Temp\arduino\sketches\94FB87C1378CA965C3F512455858D43E\core\core.a(Print.cpp.o)
                0x080022c8                Print::write(char const*)
 .text.__cxa_pure_virtual
                0x080022e8        0x4 C:\Users\vadim\AppData\Local\Temp\arduino\sketches\94FB87C1378CA965C3F512455858D43E\core\core.a(cxxabi-compat.cpp.o)
                0x080022e8                __cxa_pure_virtual
 .text.adc_init
                0x080022ec       0x14 C:\Users\vadim\AppData\Local\Temp\arduino\sketches\94FB87C1378CA965C3F512455858D43E\core\core.a(adc.c.o)
                0x080022ec                adc_init
 .text.adc_set_extsel
                0x08002300       0x14 C:\Users\vadim\AppData\Local\Temp\arduino\sketches\94FB87C1378CA965C3F512455858D43E\core\core.a(adc.c.o)
                0x08002300                adc_set_extsel
 .text.adc_set_sample_rate
                0x08002314       0x44 C:\Users\vadim\AppData\Local\Temp\arduino\sketches\94FB87C1378CA965C3F512455858D43E\core\core.a(adc.c.o)
                0x08002314                adc_set_sample_rate
 .text.__irq_adc
                0x08002358       0x50 C:\Users\vadim\AppData\Local\Temp\arduino\sketches\94FB87C1378CA965C3F512455858D43E\core\core.a(adc_f1.c.o)
                0x08002358                __irq_adc
 .text.adc_set_prescaler
                0x080023a8        0x8 C:\Users\vadim\AppData\Local\Temp\arduino\sketches\94FB87C1378CA965C3F512455858D43E\core\core.a(adc_f1.c.o)
                0x080023a8                adc_set_prescaler
 .text.adc_foreach
                0x080023b0       0x1c C:\Users\vadim\AppData\Local\Temp\arduino\sketches\94FB87C1378CA965C3F512455858D43E\core\core.a(adc_f1.c.o)
                0x080023b0                adc_foreach
 .text.adc_enable_single_swstart
                0x080023cc       0x50 C:\Users\vadim\AppData\Local\Temp\arduino\sketches\94FB87C1378CA965C3F512455858D43E\core\core.a(adc_f1.c.o)
                0x080023cc                adc_enable_single_swstart
 .text.__irq_dma1_channel1
                0x0800241c       0x18 C:\Users\vadim\AppData\Local\Temp\arduino\sketches\94FB87C1378CA965C3F512455858D43E\core\core.a(dma_f1.c.o)
                0x0800241c                __irq_dma1_channel1
 .text.__irq_dma1_channel2
                0x08002434       0x18 C:\Users\vadim\AppData\Local\Temp\arduino\sketches\94FB87C1378CA965C3F512455858D43E\core\core.a(dma_f1.c.o)
                0x08002434                __irq_dma1_channel2
 .text.__irq_dma1_channel3
                0x0800244c       0x1c C:\Users\vadim\AppData\Local\Temp\arduino\sketches\94FB87C1378CA965C3F512455858D43E\core\core.a(dma_f1.c.o)
                0x0800244c                __irq_dma1_channel3
 .text.__irq_dma1_channel4
                0x08002468       0x1c C:\Users\vadim\AppData\Local\Temp\arduino\sketches\94FB87C1378CA965C3F512455858D43E\core\core.a(dma_f1.c.o)
                0x08002468                __irq_dma1_channel4
 .text.__irq_dma1_channel5
                0x08002484       0x1c C:\Users\vadim\AppData\Local\Temp\arduino\sketches\94FB87C1378CA965C3F512455858D43E\core\core.a(dma_f1.c.o)
                0x08002484                __irq_dma1_channel5
 .text.__irq_dma1_channel6
                0x080024a0       0x1c C:\Users\vadim\AppData\Local\Temp\arduino\sketches\94FB87C1378CA965C3F512455858D43E\core\core.a(dma_f1.c.o)
                0x080024a0                __irq_dma1_channel6
 .text.__irq_dma1_channel7
                0x080024bc       0x1c C:\Users\vadim\AppData\Local\Temp\arduino\sketches\94FB87C1378CA965C3F512455858D43E\core\core.a(dma_f1.c.o)
                0x080024bc                __irq_dma1_channel7
 *fill*         0x080024d8        0x8 
 .text          0x080024e0       0x60 C:\Users\vadim\AppData\Local\Temp\arduino\sketches\94FB87C1378CA965C3F512455858D43E\core\core.a(exc.S.o)
                0x080024e0                __exc_nmi
                0x080024e4                __exc_hardfault
                0x080024e8                __exc_memmanage
                0x080024ec                __exc_busfault
                0x080024f0                __exc_usagefault
 .text.__irq_exti0
                0x08002540       0x20 C:\Users\vadim\AppData\Local\Temp\arduino\sketches\94FB87C1378CA965C3F512455858D43E\core\core.a(exti.c.o)
                0x08002540                __irq_exti0
 .text.__irq_exti1
                0x08002560       0x20 C:\Users\vadim\AppData\Local\Temp\arduino\sketches\94FB87C1378CA965C3F512455858D43E\core\core.a(exti.c.o)
                0x08002560                __irq_exti1
 .text.__irq_exti2
                0x08002580       0x20 C:\Users\vadim\AppData\Local\Temp\arduino\sketches\94FB87C1378CA965C3F512455858D43E\core\core.a(exti.c.o)
                0x08002580                __irq_exti2
 .text.__irq_exti3
                0x080025a0       0x20 C:\Users\vadim\AppData\Local\Temp\arduino\sketches\94FB87C1378CA965C3F512455858D43E\core\core.a(exti.c.o)
                0x080025a0                __irq_exti3
 .text.__irq_exti4
                0x080025c0       0x20 C:\Users\vadim\AppData\Local\Temp\arduino\sketches\94FB87C1378CA965C3F512455858D43E\core\core.a(exti.c.o)
                0x080025c0                __irq_exti4
 .text.__irq_exti9_5
                0x080025e0       0x4c C:\Users\vadim\AppData\Local\Temp\arduino\sketches\94FB87C1378CA965C3F512455858D43E\core\core.a(exti.c.o)
                0x080025e0                __irq_exti9_5
 .text.__irq_exti15_10
                0x0800262c       0x4c C:\Users\vadim\AppData\Local\Temp\arduino\sketches\94FB87C1378CA965C3F512455858D43E\core\core.a(exti.c.o)
                0x0800262c                __irq_exti15_10
 .text.flash_set_latency
                0x08002678       0x14 C:\Users\vadim\AppData\Local\Temp\arduino\sketches\94FB87C1378CA965C3F512455858D43E\core\core.a(flash.c.o)
                0x08002678                flash_set_latency
 .text.gpio_init_all
                0x0800268c       0x30 C:\Users\vadim\AppData\Local\Temp\arduino\sketches\94FB87C1378CA965C3F512455858D43E\core\core.a(gpio_f1.c.o)
                0x0800268c                gpio_init_all
 .text.gpio_set_mode
                0x080026bc       0x60 C:\Users\vadim\AppData\Local\Temp\arduino\sketches\94FB87C1378CA965C3F512455858D43E\core\core.a(gpio_f1.c.o)
                0x080026bc                gpio_set_mode
 .text.afio_init
                0x0800271c       0x14 C:\Users\vadim\AppData\Local\Temp\arduino\sketches\94FB87C1378CA965C3F512455858D43E\core\core.a(gpio_f1.c.o)
                0x0800271c                afio_init
 .text.afio_remap
                0x08002730       0x20 C:\Users\vadim\AppData\Local\Temp\arduino\sketches\94FB87C1378CA965C3F512455858D43E\core\core.a(gpio_f1.c.o)
                0x08002730                afio_remap
 .text.i2c_bus_reset
                0x08002750       0xf0 C:\Users\vadim\AppData\Local\Temp\arduino\sketches\94FB87C1378CA965C3F512455858D43E\core\core.a(i2c.c.o)
                0x08002750                i2c_bus_reset
 .text.i2c_master_enable
                0x08002840      0x268 C:\Users\vadim\AppData\Local\Temp\arduino\sketches\94FB87C1378CA965C3F512455858D43E\core\core.a(i2c.c.o)
                0x08002840                i2c_master_enable
 .text.i2c_master_xfer
                0x08002aa8      0x360 C:\Users\vadim\AppData\Local\Temp\arduino\sketches\94FB87C1378CA965C3F512455858D43E\core\core.a(i2c.c.o)
                0x08002aa8                i2c_master_xfer
 .text._i2c_irq_handler
                0x08002e08      0x484 C:\Users\vadim\AppData\Local\Temp\arduino\sketches\94FB87C1378CA965C3F512455858D43E\core\core.a(i2c.c.o)
                0x08002e08                _i2c_irq_handler
 .text._i2c_irq_error_handler
                0x0800328c       0x74 C:\Users\vadim\AppData\Local\Temp\arduino\sketches\94FB87C1378CA965C3F512455858D43E\core\core.a(i2c.c.o)
                0x0800328c                _i2c_irq_error_handler
 .text.i2c_config_gpios
                0x08003300       0x70 C:\Users\vadim\AppData\Local\Temp\arduino\sketches\94FB87C1378CA965C3F512455858D43E\core\core.a(i2c_f1.c.o)
                0x08003300                i2c_config_gpios
 .text.i2c_master_release_bus
                0x08003370       0x5c C:\Users\vadim\AppData\Local\Temp\arduino\sketches\94FB87C1378CA965C3F512455858D43E\core\core.a(i2c_f1.c.o)
                0x08003370                i2c_master_release_bus
 .text.__irq_i2c1_ev
                0x080033cc        0xc C:\Users\vadim\AppData\Local\Temp\arduino\sketches\94FB87C1378CA965C3F512455858D43E\core\core.a(i2c_f1.c.o)
                0x080033cc                __irq_i2c1_ev
 .text.__irq_i2c2_ev
                0x080033d8        0xc C:\Users\vadim\AppData\Local\Temp\arduino\sketches\94FB87C1378CA965C3F512455858D43E\core\core.a(i2c_f1.c.o)
                0x080033d8                __irq_i2c2_ev
 .text.__irq_i2c1_er
                0x080033e4        0xc C:\Users\vadim\AppData\Local\Temp\arduino\sketches\94FB87C1378CA965C3F512455858D43E\core\core.a(i2c_f1.c.o)
                0x080033e4                __irq_i2c1_er
 .text.__irq_i2c2_er
                0x080033f0        0xc C:\Users\vadim\AppData\Local\Temp\arduino\sketches\94FB87C1378CA965C3F512455858D43E\core\core.a(i2c_f1.c.o)
                0x080033f0                __irq_i2c2_er
 .text._i2c_irq_priority_fixup
                0x080033fc        0xc C:\Users\vadim\AppData\Local\Temp\arduino\sketches\94FB87C1378CA965C3F512455858D43E\core\core.a(i2c_f1.c.o)
                0x080033fc                _i2c_irq_priority_fixup
 .text.nvic_irq_set_priority
                0x08003408       0x2c C:\Users\vadim\AppData\Local\Temp\arduino\sketches\94FB87C1378CA965C3F512455858D43E\core\core.a(nvic.c.o)
                0x08003408                nvic_irq_set_priority
 .text.nvic_init
                0x08003434       0x34 C:\Users\vadim\AppData\Local\Temp\arduino\sketches\94FB87C1378CA965C3F512455858D43E\core\core.a(nvic.c.o)
                0x08003434                nvic_init
 .text.nvic_sys_reset
                0x08003468       0x1c C:\Users\vadim\AppData\Local\Temp\arduino\sketches\94FB87C1378CA965C3F512455858D43E\core\core.a(nvic.c.o)
                0x08003468                nvic_sys_reset
 .text.rcc_dev_clk
                0x08003484        0xc C:\Users\vadim\AppData\Local\Temp\arduino\sketches\94FB87C1378CA965C3F512455858D43E\core\core.a(rcc.c.o)
                0x08003484                rcc_dev_clk
 .text.rcc_switch_sysclk
                0x08003490       0x20 C:\Users\vadim\AppData\Local\Temp\arduino\sketches\94FB87C1378CA965C3F512455858D43E\core\core.a(rcc.c.o)
                0x08003490                rcc_switch_sysclk
 .text.rcc_turn_on_clk
                0x080034b0       0x1c C:\Users\vadim\AppData\Local\Temp\arduino\sketches\94FB87C1378CA965C3F512455858D43E\core\core.a(rcc.c.o)
                0x080034b0                rcc_turn_on_clk
 .text.rcc_turn_off_clk
                0x080034cc       0x1c C:\Users\vadim\AppData\Local\Temp\arduino\sketches\94FB87C1378CA965C3F512455858D43E\core\core.a(rcc.c.o)
                0x080034cc                rcc_turn_off_clk
 .text.rcc_is_clk_ready
                0x080034e8       0x18 C:\Users\vadim\AppData\Local\Temp\arduino\sketches\94FB87C1378CA965C3F512455858D43E\core\core.a(rcc.c.o)
                0x080034e8                rcc_is_clk_ready
 .text.rcc_configure_pll
                0x08003500       0x1c C:\Users\vadim\AppData\Local\Temp\arduino\sketches\94FB87C1378CA965C3F512455858D43E\core\core.a(rcc_f1.c.o)
                0x08003500                rcc_configure_pll
 .text.rcc_clk_enable
                0x0800351c       0x30 C:\Users\vadim\AppData\Local\Temp\arduino\sketches\94FB87C1378CA965C3F512455858D43E\core\core.a(rcc_f1.c.o)
                0x0800351c                rcc_clk_enable
 .text.rcc_reset_dev
                0x0800354c       0x34 C:\Users\vadim\AppData\Local\Temp\arduino\sketches\94FB87C1378CA965C3F512455858D43E\core\core.a(rcc_f1.c.o)
                0x0800354c                rcc_reset_dev
 .text.rcc_set_prescaler
                0x08003580       0x24 C:\Users\vadim\AppData\Local\Temp\arduino\sketches\94FB87C1378CA965C3F512455858D43E\core\core.a(rcc_f1.c.o)
                0x08003580                rcc_set_prescaler
 .text.rcc_clk_disable
                0x080035a4       0x30 C:\Users\vadim\AppData\Local\Temp\arduino\sketches\94FB87C1378CA965C3F512455858D43E\core\core.a(rcc_f1.c.o)
                0x080035a4                rcc_clk_disable
 .text          0x080035d4        0x2 C:\Users\vadim\AppData\Local\Temp\arduino\sketches\94FB87C1378CA965C3F512455858D43E\core\core.a(isrs.S.o)
                0x080035d4                __stm32reservedexception9
                0x080035d4                __exc_debug_monitor
                0x080035d4                __exc_svc
                0x080035d4                __irq_can_rx1
                0x080035d4                __irq_spi2
                0x080035d4                __irq_can_sce
                0x080035d4                __irq_pvd
                0x080035d4                __irq_tamper
                0x080035d4                __default_handler
                0x080035d4                __irq_wwdg
                0x080035d4                __stm32reservedexception10
                0x080035d4                __irq_flash
                0x080035d4                __stm32reservedexception13
                0x080035d4                __irq_rtc
                0x080035d4                __irq_spi1
                0x080035d4                __stm32reservedexception7
                0x080035d4                __irq_usb_hp_can_tx
                0x080035d4                __irq_rtcalarm
                0x080035d4                __stm32reservedexception8
                0x080035d4                __exc_pendsv
                0x080035d4                __irq_usbwakeup
                0x080035d4                __irq_rcc
 *fill*         0x080035d6        0x2 
 .text.systick_init
                0x080035d8       0x10 C:\Users\vadim\AppData\Local\Temp\arduino\sketches\94FB87C1378CA965C3F512455858D43E\core\core.a(systick.c.o)
                0x080035d8                systick_init
 .text.__exc_systick
                0x080035e8       0x1c C:\Users\vadim\AppData\Local\Temp\arduino\sketches\94FB87C1378CA965C3F512455858D43E\core\core.a(systick.c.o)
                0x080035e8                __exc_systick
 .text.timer_foreach
                0x08003604       0x28 C:\Users\vadim\AppData\Local\Temp\arduino\sketches\94FB87C1378CA965C3F512455858D43E\core\core.a(timer.c.o)
                0x08003604                timer_foreach
 .text.timer_init
                0x0800362c       0x14 C:\Users\vadim\AppData\Local\Temp\arduino\sketches\94FB87C1378CA965C3F512455858D43E\core\core.a(timer.c.o)
                0x0800362c                timer_init
 .text.timer_set_mode
                0x08003640      0x144 C:\Users\vadim\AppData\Local\Temp\arduino\sketches\94FB87C1378CA965C3F512455858D43E\core\core.a(timer.c.o)
                0x08003640                timer_set_mode
 .text.timer_has_cc_channel
                0x08003784       0x30 C:\Users\vadim\AppData\Local\Temp\arduino\sketches\94FB87C1378CA965C3F512455858D43E\core\core.a(timer.c.o)
                0x08003784                timer_has_cc_channel
 .text.__irq_tim1_brk
                0x080037b4       0x24 C:\Users\vadim\AppData\Local\Temp\arduino\sketches\94FB87C1378CA965C3F512455858D43E\core\core.a(timer.c.o)
                0x080037b4                __irq_tim1_brk
 .text.__irq_tim1_up
                0x080037d8       0x24 C:\Users\vadim\AppData\Local\Temp\arduino\sketches\94FB87C1378CA965C3F512455858D43E\core\core.a(timer.c.o)
                0x080037d8                __irq_tim1_up
 .text.__irq_tim1_trg_com
                0x080037fc       0x44 C:\Users\vadim\AppData\Local\Temp\arduino\sketches\94FB87C1378CA965C3F512455858D43E\core\core.a(timer.c.o)
                0x080037fc                __irq_tim1_trg_com
 .text.__irq_tim1_cc
                0x08003840       0x64 C:\Users\vadim\AppData\Local\Temp\arduino\sketches\94FB87C1378CA965C3F512455858D43E\core\core.a(timer.c.o)
                0x08003840                __irq_tim1_cc
 .text.__irq_tim2
                0x080038a4       0x80 C:\Users\vadim\AppData\Local\Temp\arduino\sketches\94FB87C1378CA965C3F512455858D43E\core\core.a(timer.c.o)
                0x080038a4                __irq_tim2
 .text.__irq_tim3
                0x08003924       0x80 C:\Users\vadim\AppData\Local\Temp\arduino\sketches\94FB87C1378CA965C3F512455858D43E\core\core.a(timer.c.o)
                0x08003924                __irq_tim3
 .text.__irq_tim4
                0x080039a4       0x80 C:\Users\vadim\AppData\Local\Temp\arduino\sketches\94FB87C1378CA965C3F512455858D43E\core\core.a(timer.c.o)
                0x080039a4                __irq_tim4
 .text.usart_init
                0x08003a24       0x4c C:\Users\vadim\AppData\Local\Temp\arduino\sketches\94FB87C1378CA965C3F512455858D43E\core\core.a(usart.c.o)
                0x08003a24                usart_init
 .text.usart_enable
                0x08003a70       0x14 C:\Users\vadim\AppData\Local\Temp\arduino\sketches\94FB87C1378CA965C3F512455858D43E\core\core.a(usart.c.o)
                0x08003a70                usart_enable
 .text.usart_disable
                0x08003a84       0x44 C:\Users\vadim\AppData\Local\Temp\arduino\sketches\94FB87C1378CA965C3F512455858D43E\core\core.a(usart.c.o)
                0x08003a84                usart_disable
 .text.usart_tx
                0x08003ac8       0xe8 C:\Users\vadim\AppData\Local\Temp\arduino\sketches\94FB87C1378CA965C3F512455858D43E\core\core.a(usart.c.o)
                0x08003ac8                usart_tx
 .text.usart_config_gpios_async
                0x08003bb0       0x48 C:\Users\vadim\AppData\Local\Temp\arduino\sketches\94FB87C1378CA965C3F512455858D43E\core\core.a(usart_f1.c.o)
                0x08003bb0                usart_config_gpios_async
 .text.usart_set_baud_rate
                0x08003bf8       0x48 C:\Users\vadim\AppData\Local\Temp\arduino\sketches\94FB87C1378CA965C3F512455858D43E\core\core.a(usart_f1.c.o)
                0x08003bf8                usart_set_baud_rate
 .text.__irq_usart1
                0x08003c40       0xf0 C:\Users\vadim\AppData\Local\Temp\arduino\sketches\94FB87C1378CA965C3F512455858D43E\core\core.a(usart_f1.c.o)
                0x08003c40                __irq_usart1
 .text.__irq_usart2
                0x08003d30       0xf0 C:\Users\vadim\AppData\Local\Temp\arduino\sketches\94FB87C1378CA965C3F512455858D43E\core\core.a(usart_f1.c.o)
                0x08003d30                __irq_usart2
 .text.__irq_usart3
                0x08003e20       0xf0 C:\Users\vadim\AppData\Local\Temp\arduino\sketches\94FB87C1378CA965C3F512455858D43E\core\core.a(usart_f1.c.o)
                0x08003e20                __irq_usart3
 .text._usart_clock_freq
                0x08003f10       0x24 C:\Users\vadim\AppData\Local\Temp\arduino\sketches\94FB87C1378CA965C3F512455858D43E\core\core.a(usart_private.c.o)
                0x08003f10                _usart_clock_freq
 .text.usb_resume
                0x08003f34       0xdc C:\Users\vadim\AppData\Local\Temp\arduino\sketches\94FB87C1378CA965C3F512455858D43E\core\core.a(usb.c.o)
 .text.usb_init_usblib
                0x08004010       0x50 C:\Users\vadim\AppData\Local\Temp\arduino\sketches\94FB87C1378CA965C3F512455858D43E\core\core.a(usb.c.o)
                0x08004010                usb_init_usblib
 .text.__irq_usb_lp_can_rx0
                0x08004060      0x1f4 C:\Users\vadim\AppData\Local\Temp\arduino\sketches\94FB87C1378CA965C3F512455858D43E\core\core.a(usb.c.o)
                0x08004060                __irq_usb_lp_can_rx0
 .text.vcomDataTxCb
                0x08004254       0xac C:\Users\vadim\AppData\Local\Temp\arduino\sketches\94FB87C1378CA965C3F512455858D43E\core\core.a(usb_cdcacm.c.o)
 .text.vcomDataRxCb
                0x08004300       0x94 C:\Users\vadim\AppData\Local\Temp\arduino\sketches\94FB87C1378CA965C3F512455858D43E\core\core.a(usb_cdcacm.c.o)
 .text.vcomGetSetLineCoding
                0x08004394       0x18 C:\Users\vadim\AppData\Local\Temp\arduino\sketches\94FB87C1378CA965C3F512455858D43E\core\core.a(usb_cdcacm.c.o)
 .text.usbInit  0x080043ac       0x48 C:\Users\vadim\AppData\Local\Temp\arduino\sketches\94FB87C1378CA965C3F512455858D43E\core\core.a(usb_cdcacm.c.o)
 .text.usbDataSetup
                0x080043f4       0x58 C:\Users\vadim\AppData\Local\Temp\arduino\sketches\94FB87C1378CA965C3F512455858D43E\core\core.a(usb_cdcacm.c.o)
 .text.usbNoDataSetup
                0x0800444c       0x58 C:\Users\vadim\AppData\Local\Temp\arduino\sketches\94FB87C1378CA965C3F512455858D43E\core\core.a(usb_cdcacm.c.o)
 .text.usbGetInterfaceSetting
                0x080044a4       0x10 C:\Users\vadim\AppData\Local\Temp\arduino\sketches\94FB87C1378CA965C3F512455858D43E\core\core.a(usb_cdcacm.c.o)
 .text.usbSetConfiguration
                0x080044b4       0x1c C:\Users\vadim\AppData\Local\Temp\arduino\sketches\94FB87C1378CA965C3F512455858D43E\core\core.a(usb_cdcacm.c.o)
 .text.usbSetDeviceAddress
                0x080044d0       0x10 C:\Users\vadim\AppData\Local\Temp\arduino\sketches\94FB87C1378CA965C3F512455858D43E\core\core.a(usb_cdcacm.c.o)
 .text.usbGetStringDescriptor
                0x080044e0       0x20 C:\Users\vadim\AppData\Local\Temp\arduino\sketches\94FB87C1378CA965C3F512455858D43E\core\core.a(usb_cdcacm.c.o)
 .text.usbGetConfigDescriptor
                0x08004500        0xc C:\Users\vadim\AppData\Local\Temp\arduino\sketches\94FB87C1378CA965C3F512455858D43E\core\core.a(usb_cdcacm.c.o)
 .text.usbGetDeviceDescriptor
                0x0800450c        0xc C:\Users\vadim\AppData\Local\Temp\arduino\sketches\94FB87C1378CA965C3F512455858D43E\core\core.a(usb_cdcacm.c.o)
 .text.usbReset
                0x08004518      0x17c C:\Users\vadim\AppData\Local\Temp\arduino\sketches\94FB87C1378CA965C3F512455858D43E\core\core.a(usb_cdcacm.c.o)
 .text.usb_cdcacm_set_hooks
                0x08004694       0x1c C:\Users\vadim\AppData\Local\Temp\arduino\sketches\94FB87C1378CA965C3F512455858D43E\core\core.a(usb_cdcacm.c.o)
                0x08004694                usb_cdcacm_set_hooks
 .text.usb_cdcacm_enable
                0x080046b0       0x38 C:\Users\vadim\AppData\Local\Temp\arduino\sketches\94FB87C1378CA965C3F512455858D43E\core\core.a(usb_cdcacm.c.o)
                0x080046b0                usb_cdcacm_enable
 .text.usb_cdcacm_tx
                0x080046e8       0x68 C:\Users\vadim\AppData\Local\Temp\arduino\sketches\94FB87C1378CA965C3F512455858D43E\core\core.a(usb_cdcacm.c.o)
                0x080046e8                usb_cdcacm_tx
 .text.usb_cdcacm_data_available
                0x08004750       0x18 C:\Users\vadim\AppData\Local\Temp\arduino\sketches\94FB87C1378CA965C3F512455858D43E\core\core.a(usb_cdcacm.c.o)
                0x08004750                usb_cdcacm_data_available
 .text.usb_cdcacm_rx
                0x08004768       0x74 C:\Users\vadim\AppData\Local\Temp\arduino\sketches\94FB87C1378CA965C3F512455858D43E\core\core.a(usb_cdcacm.c.o)
                0x08004768                usb_cdcacm_rx
 .text.usb_cdcacm_peek
                0x080047dc       0x3c C:\Users\vadim\AppData\Local\Temp\arduino\sketches\94FB87C1378CA965C3F512455858D43E\core\core.a(usb_cdcacm.c.o)
                0x080047dc                usb_cdcacm_peek
 .text.usb_cdcacm_peek_ex
                0x08004818       0x40 C:\Users\vadim\AppData\Local\Temp\arduino\sketches\94FB87C1378CA965C3F512455858D43E\core\core.a(usb_cdcacm.c.o)
                0x08004818                usb_cdcacm_peek_ex
 .text.usb_cdcacm_get_dtr
                0x08004858       0x10 C:\Users\vadim\AppData\Local\Temp\arduino\sketches\94FB87C1378CA965C3F512455858D43E\core\core.a(usb_cdcacm.c.o)
                0x08004858                usb_cdcacm_get_dtr
 .text.usb_set_ep_rx_count
                0x08004868       0x4c C:\Users\vadim\AppData\Local\Temp\arduino\sketches\94FB87C1378CA965C3F512455858D43E\core\core.a(usb_reg_map.c.o)
                0x08004868                usb_set_ep_rx_count
 .text.Standard_GetConfiguration
                0x080048b4       0x28 C:\Users\vadim\AppData\Local\Temp\arduino\sketches\94FB87C1378CA965C3F512455858D43E\core\core.a(usb_core.c.o)
                0x080048b4                Standard_GetConfiguration
 .text.Standard_GetInterface
                0x080048dc       0x28 C:\Users\vadim\AppData\Local\Temp\arduino\sketches\94FB87C1378CA965C3F512455858D43E\core\core.a(usb_core.c.o)
                0x080048dc                Standard_GetInterface
 .text.Standard_GetStatus
                0x08004904       0x98 C:\Users\vadim\AppData\Local\Temp\arduino\sketches\94FB87C1378CA965C3F512455858D43E\core\core.a(usb_core.c.o)
                0x08004904                Standard_GetStatus
 .text.DataStageIn
                0x0800499c       0xb8 C:\Users\vadim\AppData\Local\Temp\arduino\sketches\94FB87C1378CA965C3F512455858D43E\core\core.a(usb_core.c.o)
 .text.Standard_ClearFeature
                0x08004a54       0xcc C:\Users\vadim\AppData\Local\Temp\arduino\sketches\94FB87C1378CA965C3F512455858D43E\core\core.a(usb_core.c.o)
                0x08004a54                Standard_ClearFeature
 .text.Standard_SetEndPointFeature
                0x08004b20       0x88 C:\Users\vadim\AppData\Local\Temp\arduino\sketches\94FB87C1378CA965C3F512455858D43E\core\core.a(usb_core.c.o)
                0x08004b20                Standard_SetEndPointFeature
 .text.Standard_GetDescriptorData
                0x08004ba8       0x1c C:\Users\vadim\AppData\Local\Temp\arduino\sketches\94FB87C1378CA965C3F512455858D43E\core\core.a(usb_core.c.o)
                0x08004ba8                Standard_GetDescriptorData
 .text.Setup0_Process
                0x08004bc4      0x3fc C:\Users\vadim\AppData\Local\Temp\arduino\sketches\94FB87C1378CA965C3F512455858D43E\core\core.a(usb_core.c.o)
                0x08004bc4                Setup0_Process
 .text.In0_Process
                0x08004fc0       0xc0 C:\Users\vadim\AppData\Local\Temp\arduino\sketches\94FB87C1378CA965C3F512455858D43E\core\core.a(usb_core.c.o)
                0x08004fc0                In0_Process
 .text.Out0_Process
                0x08005080      0x100 C:\Users\vadim\AppData\Local\Temp\arduino\sketches\94FB87C1378CA965C3F512455858D43E\core\core.a(usb_core.c.o)
                0x08005080                Out0_Process
 .text.SetDeviceAddress
                0x08005180       0x38 C:\Users\vadim\AppData\Local\Temp\arduino\sketches\94FB87C1378CA965C3F512455858D43E\core\core.a(usb_core.c.o)
                0x08005180                SetDeviceAddress
 .text.NOP_Process
                0x080051b8        0x4 C:\Users\vadim\AppData\Local\Temp\arduino\sketches\94FB87C1378CA965C3F512455858D43E\core\core.a(usb_core.c.o)
                0x080051b8                NOP_Process
 .text.UserToPMABufferCopy
                0x080051bc       0x3c C:\Users\vadim\AppData\Local\Temp\arduino\sketches\94FB87C1378CA965C3F512455858D43E\core\core.a(usb_mem.c.o)
                0x080051bc                UserToPMABufferCopy
 .text.PMAToUserBufferCopy
                0x080051f8       0x44 C:\Users\vadim\AppData\Local\Temp\arduino\sketches\94FB87C1378CA965C3F512455858D43E\core\core.a(usb_mem.c.o)
                0x080051f8                PMAToUserBufferCopy
 .text.SetEPTxStatus
                0x0800523c       0x2c C:\Users\vadim\AppData\Local\Temp\arduino\sketches\94FB87C1378CA965C3F512455858D43E\core\core.a(usb_regs.c.o)
                0x0800523c                SetEPTxStatus
 .text.ClearDTOG_RX
                0x08005268       0x20 C:\Users\vadim\AppData\Local\Temp\arduino\sketches\94FB87C1378CA965C3F512455858D43E\core\core.a(usb_regs.c.o)
                0x08005268                ClearDTOG_RX
 .text.ClearDTOG_TX
                0x08005288       0x20 C:\Users\vadim\AppData\Local\Temp\arduino\sketches\94FB87C1378CA965C3F512455858D43E\core\core.a(usb_regs.c.o)
                0x08005288                ClearDTOG_TX
 .text.GetEPTxAddr
                0x080052a8       0x1c C:\Users\vadim\AppData\Local\Temp\arduino\sketches\94FB87C1378CA965C3F512455858D43E\core\core.a(usb_regs.c.o)
                0x080052a8                GetEPTxAddr
 .text.GetEPRxAddr
                0x080052c4       0x1c C:\Users\vadim\AppData\Local\Temp\arduino\sketches\94FB87C1378CA965C3F512455858D43E\core\core.a(usb_regs.c.o)
                0x080052c4                GetEPRxAddr
 .text.SetEPTxCount
                0x080052e0       0x1c C:\Users\vadim\AppData\Local\Temp\arduino\sketches\94FB87C1378CA965C3F512455858D43E\core\core.a(usb_regs.c.o)
                0x080052e0                SetEPTxCount
 .text.SetEPRxCount
                0x080052fc       0x44 C:\Users\vadim\AppData\Local\Temp\arduino\sketches\94FB87C1378CA965C3F512455858D43E\core\core.a(usb_regs.c.o)
                0x080052fc                SetEPRxCount
 .text.throb    0x08005340       0x58 C:\Users\vadim\AppData\Local\Temp\arduino\sketches\94FB87C1378CA965C3F512455858D43E\core\core.a(util.c.o)
                0x08005340                throb
 .text.__error  0x08005398       0x14 C:\Users\vadim\AppData\Local\Temp\arduino\sketches\94FB87C1378CA965C3F512455858D43E\core\core.a(util.c.o)
                0x08005398                __error
 .text.startup._Z7premainv
                0x080053ac        0x4 C:\Users\vadim\AppData\Local\Temp\arduino\sketches\94FB87C1378CA965C3F512455858D43E\core\core.a(main.cpp.o)
                0x080053ac                premain()
 .text.startup.main
                0x080053b0        0xc C:\Users\vadim\AppData\Local\Temp\arduino\sketches\94FB87C1378CA965C3F512455858D43E\core\core.a(main.cpp.o)
                0x080053b0                main
 .text._Z7pinModeh13WiringPinMode
                0x080053bc       0xa8 C:\Users\vadim\AppData\Local\Temp\arduino\sketches\94FB87C1378CA965C3F512455858D43E\core\core.a(wirish_digital_f1.cpp.o)
                0x080053bc                pinMode(unsigned char, WiringPinMode)
 .text._ZN9USBSerial9availableEv
                0x08005464        0x4 C:\Users\vadim\AppData\Local\Temp\arduino\sketches\94FB87C1378CA965C3F512455858D43E\core\core.a(usb_serial.cpp.o)
                0x08005464                USBSerial::available()
 .text._ZN9USBSerial4peekEv
                0x08005468       0x20 C:\Users\vadim\AppData\Local\Temp\arduino\sketches\94FB87C1378CA965C3F512455858D43E\core\core.a(usb_serial.cpp.o)
                0x08005468                USBSerial::peek()
 .text._ZN9USBSerial4readEv
                0x08005488       0x20 C:\Users\vadim\AppData\Local\Temp\arduino\sketches\94FB87C1378CA965C3F512455858D43E\core\core.a(usb_serial.cpp.o)
                0x08005488                USBSerial::read()
 .text._ZN9USBSerial5flushEv
                0x080054a8       0x24 C:\Users\vadim\AppData\Local\Temp\arduino\sketches\94FB87C1378CA965C3F512455858D43E\core\core.a(usb_serial.cpp.o)
                0x080054a8                USBSerial::flush()
 .text._ZL14ifaceSetupHookjPv
                0x080054cc       0x3c C:\Users\vadim\AppData\Local\Temp\arduino\sketches\94FB87C1378CA965C3F512455858D43E\core\core.a(usb_serial.cpp.o)
 .text._ZL6rxHookjPv
                0x08005508       0x6c C:\Users\vadim\AppData\Local\Temp\arduino\sketches\94FB87C1378CA965C3F512455858D43E\core\core.a(usb_serial.cpp.o)
 .text._ZN9USBSerial5writeEh
                0x08005574       0x4c C:\Users\vadim\AppData\Local\Temp\arduino\sketches\94FB87C1378CA965C3F512455858D43E\core\core.a(usb_serial.cpp.o)
                0x08005574                USBSerial::write(unsigned char)
 .text._ZN9USBSerial5writeEPKc
                0x080055c0       0x54 C:\Users\vadim\AppData\Local\Temp\arduino\sketches\94FB87C1378CA965C3F512455858D43E\core\core.a(usb_serial.cpp.o)
                0x080055c0                USBSerial::write(char const*)
 .text._ZN9USBSerial5beginEv
                0x08005614       0x34 C:\Users\vadim\AppData\Local\Temp\arduino\sketches\94FB87C1378CA965C3F512455858D43E\core\core.a(usb_serial.cpp.o)
                0x08005614                USBSerial::begin()
 .text.startup._GLOBAL__sub_I__ZN9USBSerial9_hasBegunE
                0x08005648       0x1c C:\Users\vadim\AppData\Local\Temp\arduino\sketches\94FB87C1378CA965C3F512455858D43E\core\core.a(usb_serial.cpp.o)
 .text._Z11digitalReadh
                0x08005664       0x2c C:\Users\vadim\AppData\Local\Temp\arduino\sketches\94FB87C1378CA965C3F512455858D43E\core\core.a(wirish_digital.cpp.o)
                0x08005664                digitalRead(unsigned char)
 .text._Z12digitalWritehh
                0x08005690       0x34 C:\Users\vadim\AppData\Local\Temp\arduino\sketches\94FB87C1378CA965C3F512455858D43E\core\core.a(wirish_digital.cpp.o)
                0x08005690                digitalWrite(unsigned char, unsigned char)
 .text._Z8makeWordhh
                0x080056c4        0x8 C:\Users\vadim\AppData\Local\Temp\arduino\sketches\94FB87C1378CA965C3F512455858D43E\core\core.a(wirish_math.cpp.o)
                0x080056c4                makeWord(unsigned char, unsigned char)
 .text.delay    0x080056cc       0x90 C:\Users\vadim\AppData\Local\Temp\arduino\sketches\94FB87C1378CA965C3F512455858D43E\core\core.a(wirish_time.cpp.o)
                0x080056cc                delay
 .text.__empty  0x0800575c        0x4 C:\Users\vadim\AppData\Local\Temp\arduino\sketches\94FB87C1378CA965C3F512455858D43E\core\core.a(hooks.c.o)
                0x0800575c                yield
 .text.bkp_init
                0x08005760       0x18 C:\Users\vadim\AppData\Local\Temp\arduino\sketches\94FB87C1378CA965C3F512455858D43E\core\core.a(bkp_f1.c.o)
                0x08005760                bkp_init
 .text.bkp_enable_writes
                0x08005778        0xc C:\Users\vadim\AppData\Local\Temp\arduino\sketches\94FB87C1378CA965C3F512455858D43E\core\core.a(bkp_f1.c.o)
                0x08005778                bkp_enable_writes
 .text.bkp_disable_writes
                0x08005784        0xc C:\Users\vadim\AppData\Local\Temp\arduino\sketches\94FB87C1378CA965C3F512455858D43E\core\core.a(bkp_f1.c.o)
                0x08005784                bkp_disable_writes
 .text.bkp_write
                0x08005790       0x18 C:\Users\vadim\AppData\Local\Temp\arduino\sketches\94FB87C1378CA965C3F512455858D43E\core\core.a(bkp_f1.c.o)
                0x08005790                bkp_write
 .text.gpio_init
                0x080057a8       0x14 C:\Users\vadim\AppData\Local\Temp\arduino\sketches\94FB87C1378CA965C3F512455858D43E\core\core.a(gpio.c.o)
                0x080057a8                gpio_init
 .text          0x080057bc      0x370 c:/users/vadim/appdata/local/arduino15/packages/arduino/tools/arm-none-eabi-gcc/4.8.3-2014q1/bin/../lib/gcc/arm-none-eabi/4.8.3/armv7-m\libgcc.a(_arm_addsubdf3.o)
                0x080057bc                __aeabi_drsub
                0x080057c4                __aeabi_dsub
                0x080057c4                __subdf3
                0x080057c8                __aeabi_dadd
                0x080057c8                __adddf3
                0x08005a40                __floatunsidf
                0x08005a40                __aeabi_ui2d
                0x08005a60                __floatsidf
                0x08005a60                __aeabi_i2d
                0x08005a84                __aeabi_f2d
                0x08005a84                __extendsfdf2
                0x08005ac0                __floatundidf
                0x08005ac0                __aeabi_ul2d
                0x08005ad0                __floatdidf
                0x08005ad0                __aeabi_l2d
 .text          0x08005b2c      0x424 c:/users/vadim/appdata/local/arduino15/packages/arduino/tools/arm-none-eabi-gcc/4.8.3-2014q1/bin/../lib/gcc/arm-none-eabi/4.8.3/armv7-m\libgcc.a(_arm_muldivdf3.o)
                0x08005b2c                __aeabi_dmul
                0x08005b2c                __muldf3
                0x08005d80                __divdf3
                0x08005d80                __aeabi_ddiv
 .text          0x08005f50       0xa0 c:/users/vadim/appdata/local/arduino15/packages/arduino/tools/arm-none-eabi-gcc/4.8.3-2014q1/bin/../lib/gcc/arm-none-eabi/4.8.3/armv7-m\libgcc.a(_arm_truncdfsf2.o)
                0x08005f50                __truncdfsf2
                0x08005f50                __aeabi_d2f
 .text          0x08005ff0      0x21c c:/users/vadim/appdata/local/arduino15/packages/arduino/tools/arm-none-eabi-gcc/4.8.3-2014q1/bin/../lib/gcc/arm-none-eabi/4.8.3/armv7-m\libgcc.a(_arm_addsubsf3.o)
                0x08005ff0                __aeabi_frsub
                0x08005ff8                __subsf3
                0x08005ff8                __aeabi_fsub
                0x08005ffc                __aeabi_fadd
                0x08005ffc                __addsf3
                0x0800615c                __aeabi_ui2f
                0x0800615c                __floatunsisf
                0x08006164                __aeabi_i2f
                0x08006164                __floatsisf
                0x08006180                __aeabi_ul2f
                0x08006180                __floatundisf
                0x08006190                __aeabi_l2f
                0x08006190                __floatdisf
 .text          0x0800620c      0x2a0 c:/users/vadim/appdata/local/arduino15/packages/arduino/tools/arm-none-eabi-gcc/4.8.3-2014q1/bin/../lib/gcc/arm-none-eabi/4.8.3/armv7-m\libgcc.a(_arm_muldivsf3.o)
                0x0800620c                __mulsf3
                0x0800620c                __aeabi_fmul
                0x08006374                __aeabi_fdiv
                0x08006374                __divsf3
 .text          0x080064ac       0xec c:/users/vadim/appdata/local/arduino15/packages/arduino/tools/arm-none-eabi-gcc/4.8.3-2014q1/bin/../lib/gcc/arm-none-eabi/4.8.3/armv7-m\libgcc.a(_arm_cmpsf2.o)
                0x080064ac                __gesf2
                0x080064ac                __gtsf2
                0x080064b4                __lesf2
                0x080064b4                __ltsf2
                0x080064bc                __nesf2
                0x080064bc                __eqsf2
                0x080064bc                __cmpsf2
                0x0800651c                __aeabi_cfrcmple
                0x08006524                __aeabi_cfcmpeq
                0x08006524                __aeabi_cfcmple
                0x08006534                __aeabi_fcmpeq
                0x08006548                __aeabi_fcmplt
                0x0800655c                __aeabi_fcmple
                0x08006570                __aeabi_fcmpge
                0x08006584                __aeabi_fcmpgt
 .text          0x08006598       0x4c c:/users/vadim/appdata/local/arduino15/packages/arduino/tools/arm-none-eabi-gcc/4.8.3-2014q1/bin/../lib/gcc/arm-none-eabi/4.8.3/armv7-m\libgcc.a(_arm_fixsfsi.o)
                0x08006598                __aeabi_f2iz
                0x08006598                __fixsfsi
 .text.__libc_init_array
                0x080065e4       0x50 c:/users/vadim/appdata/local/arduino15/packages/arduino/tools/arm-none-eabi-gcc/4.8.3-2014q1/bin/../lib/gcc/arm-none-eabi/4.8.3/../../../../arm-none-eabi/lib/armv7-m\libc.a(lib_a-init.o)
                0x080065e4                __libc_init_array
 .text.memset   0x08006634       0x94 c:/users/vadim/appdata/local/arduino15/packages/arduino/tools/arm-none-eabi-gcc/4.8.3-2014q1/bin/../lib/gcc/arm-none-eabi/4.8.3/../../../../arm-none-eabi/lib/armv7-m\libc.a(lib_a-memset.o)
                0x08006634                memset
 .text.strlen   0x080066c8       0x60 c:/users/vadim/appdata/local/arduino15/packages/arduino/tools/arm-none-eabi-gcc/4.8.3-2014q1/bin/../lib/gcc/arm-none-eabi/4.8.3/../../../../arm-none-eabi/lib/armv7-m\libc.a(lib_a-strlen.o)
                0x080066c8                strlen
 .text.startup.register_fini
                0x08006728       0x14 c:/users/vadim/appdata/local/arduino15/packages/arduino/tools/arm-none-eabi-gcc/4.8.3-2014q1/bin/../lib/gcc/arm-none-eabi/4.8.3/../../../../arm-none-eabi/lib/armv7-m\libc.a(lib_a-__call_atexit.o)
 .text.atexit   0x0800673c        0xc c:/users/vadim/appdata/local/arduino15/packages/arduino/tools/arm-none-eabi-gcc/4.8.3-2014q1/bin/../lib/gcc/arm-none-eabi/4.8.3/../../../../arm-none-eabi/lib/armv7-m\libc.a(lib_a-atexit.o)
                0x0800673c                atexit
 .text.__libc_fini_array
                0x08006748       0x30 c:/users/vadim/appdata/local/arduino15/packages/arduino/tools/arm-none-eabi-gcc/4.8.3-2014q1/bin/../lib/gcc/arm-none-eabi/4.8.3/../../../../arm-none-eabi/lib/armv7-m\libc.a(lib_a-fini.o)
                0x08006748                __libc_fini_array
 .text.__register_exitproc
                0x08006778       0xa8 c:/users/vadim/appdata/local/arduino15/packages/arduino/tools/arm-none-eabi-gcc/4.8.3-2014q1/bin/../lib/gcc/arm-none-eabi/4.8.3/../../../../arm-none-eabi/lib/armv7-m\libc.a(lib_a-__atexit.o)
                0x08006778                __register_exitproc
 *(.plt)
 *(.gnu.warning)
 *(.glue_7t)
 .glue_7t       0x00000000        0x0 linker stubs
 *(.glue_7)
 .glue_7        0x00000000        0x0 linker stubs
 *(.vfp11_veneer)
 .vfp11_veneer  0x00000000        0x0 linker stubs
 *(.ARM.extab* .gnu.linkonce.armextab.*)
 *(.gcc_except_table)
 *(.eh_frame_hdr)
 *(.eh_frame)
 .eh_frame      0x08006820        0x0 c:/users/vadim/appdata/local/arduino15/packages/arduino/tools/arm-none-eabi-gcc/4.8.3-2014q1/bin/../lib/gcc/arm-none-eabi/4.8.3/armv7-m/crtbegin.o
                0x08006820                . = ALIGN (0x4)
 *(.init)
 .init          0x08006820        0x4 c:/users/vadim/appdata/local/arduino15/packages/arduino/tools/arm-none-eabi-gcc/4.8.3-2014q1/bin/../lib/gcc/arm-none-eabi/4.8.3/armv7-m/crti.o
                0x08006820                _init
 .init          0x08006824        0x8 c:/users/vadim/appdata/local/arduino15/packages/arduino/tools/arm-none-eabi-gcc/4.8.3-2014q1/bin/../lib/gcc/arm-none-eabi/4.8.3/armv7-m/crtn.o
                0x0800682c                . = ALIGN (0x4)
                0x0800682c                __preinit_array_start = .
 *(.preinit_array)
                0x0800682c                __preinit_array_end = .
                0x0800682c                . = ALIGN (0x4)
                0x0800682c                __init_array_start = .
 *(SORT(.init_array.*))
 .init_array.00000
                0x0800682c        0x4 c:/users/vadim/appdata/local/arduino15/packages/arduino/tools/arm-none-eabi-gcc/4.8.3-2014q1/bin/../lib/gcc/arm-none-eabi/4.8.3/../../../../arm-none-eabi/lib/armv7-m\libc.a(lib_a-__call_atexit.o)
 .init_array.00101
                0x08006830        0x4 C:\Users\vadim\AppData\Local\Temp\arduino\sketches\94FB87C1378CA965C3F512455858D43E\core\core.a(main.cpp.o)
 *(.init_array)
 .init_array    0x08006834        0x4 c:/users/vadim/appdata/local/arduino15/packages/arduino/tools/arm-none-eabi-gcc/4.8.3-2014q1/bin/../lib/gcc/arm-none-eabi/4.8.3/armv7-m/crtbegin.o
 .init_array    0x08006838        0x4 C:\Users\vadim\AppData\Local\Temp\arduino\sketches\94FB87C1378CA965C3F512455858D43E\sketch\du16_modbus_holding.ino.cpp.o
 .init_array    0x0800683c        0x4 C:\Users\vadim\AppData\Local\Temp\arduino\sketches\94FB87C1378CA965C3F512455858D43E\libraries\Wire\Wire.cpp.o
 .init_array    0x08006840        0x4 C:\Users\vadim\AppData\Local\Temp\arduino\sketches\94FB87C1378CA965C3F512455858D43E\core\board.cpp.o
 .init_array    0x08006844        0x4 C:\Users\vadim\AppData\Local\Temp\arduino\sketches\94FB87C1378CA965C3F512455858D43E\core\core.a(usb_serial.cpp.o)
                0x08006848                __init_array_end = .
                0x08006848                . = ALIGN (0x4)
 *crtbegin.o(.ctors)
 *(EXCLUDE_FILE(*crtend.o) .ctors)
 *(SORT(.ctors.*))
 *crtend.o(.ctors)
                0x08006848                . = ALIGN (0x4)
 *(.fini)
 .fini          0x08006848        0x4 c:/users/vadim/appdata/local/arduino15/packages/arduino/tools/arm-none-eabi-gcc/4.8.3-2014q1/bin/../lib/gcc/arm-none-eabi/4.8.3/armv7-m/crti.o
                0x08006848                _fini
 .fini          0x0800684c        0x8 c:/users/vadim/appdata/local/arduino15/packages/arduino/tools/arm-none-eabi-gcc/4.8.3-2014q1/bin/../lib/gcc/arm-none-eabi/4.8.3/armv7-m/crtn.o
                0x08006854                . = ALIGN (0x4)
                0x08006854                __fini_array_start = .
 *(.fini_array)
 .fini_array    0x08006854        0x4 c:/users/vadim/appdata/local/arduino15/packages/arduino/tools/arm-none-eabi-gcc/4.8.3-2014q1/bin/../lib/gcc/arm-none-eabi/4.8.3/armv7-m/crtbegin.o
 .fini_array    0x08006858        0x4 C:\Users\vadim\AppData\Local\Temp\arduino\sketches\94FB87C1378CA965C3F512455858D43E\sketch\du16_modbus_holding.ino.cpp.o
 .fini_array    0x0800685c        0x4 C:\Users\vadim\AppData\Local\Temp\arduino\sketches\94FB87C1378CA965C3F512455858D43E\libraries\Wire\Wire.cpp.o
 *(SORT(.fini_array.*))
                0x08006860                __fini_array_end = .
 *crtbegin.o(.dtors)
 *(EXCLUDE_FILE(*crtend.o) .dtors)
 *(SORT(.dtors.*))
 *crtend.o(.dtors)

.v4_bx          0x08006860        0x0
 .v4_bx         0x00000000        0x0 linker stubs

.iplt           0x08006860        0x0
 .iplt          0x00000000        0x0 c:/users/vadim/appdata/local/arduino15/packages/arduino/tools/arm-none-eabi-gcc/4.8.3-2014q1/bin/../lib/gcc/arm-none-eabi/4.8.3/armv7-m/crtbegin.o

.text.align     0x08006860        0x0
                0x08006860                . = ALIGN (0x8)
                0x08006860                __text_end__ = .
                0x08006860                __exidx_start = .

.ARM.exidx      0x08006860        0x8
 *(.ARM.exidx* .gnu.linkonce.armexidx.*)
 .ARM.exidx     0x08006860        0x8 C:\Users\vadim\AppData\Local\Temp\arduino\sketches\94FB87C1378CA965C3F512455858D43E\core\wirish\start.S.o
                0x08006868                __exidx_end = .

.data           0x20000000      0x8d8 load address 0x08006868
                0x20000000                __data_start__ = .
                0x20000000        0x4 LONG 0x0
                0x20000008                . = ALIGN (0x8)
 *fill*         0x20000004        0x4 
 *(.got.plt)
 *(.got)
 *(.data .data.* .gnu.linkonce.d.*)
 .data.floatTimeConstLine
                0x20000008        0x4 C:\Users\vadim\AppData\Local\Temp\arduino\sketches\94FB87C1378CA965C3F512455858D43E\sketch\du16_modbus_holding.ino.cpp.o
                0x20000008                floatTimeConstLine
 .data.auModbusData
                0x2000000c       0x2c C:\Users\vadim\AppData\Local\Temp\arduino\sketches\94FB87C1378CA965C3F512455858D43E\sketch\du16_modbus_holding.ino.cpp.o
                0x2000000c                auModbusData
 .data.IntBand  0x20000038        0x4 C:\Users\vadim\AppData\Local\Temp\arduino\sketches\94FB87C1378CA965C3F512455858D43E\sketch\du16_modbus_holding.ino.cpp.o
                0x20000038                IntBand
 .data.auModbusDataBuf
                0x2000003c        0x8 C:\Users\vadim\AppData\Local\Temp\arduino\sketches\94FB87C1378CA965C3F512455858D43E\sketch\du16_modbus_holding.ino.cpp.o
                0x2000003c                auModbusDataBuf
 .data.BoolFlagBlinkPC15
                0x20000044        0x1 C:\Users\vadim\AppData\Local\Temp\arduino\sketches\94FB87C1378CA965C3F512455858D43E\sketch\du16_modbus_holding.ino.cpp.o
                0x20000044                BoolFlagBlinkPC15
 *fill*         0x20000045        0x3 
 .data.floatTimeConstFilt
                0x20000048        0x4 C:\Users\vadim\AppData\Local\Temp\arduino\sketches\94FB87C1378CA965C3F512455858D43E\sketch\du16_modbus_holding.ino.cpp.o
                0x20000048                floatTimeConstFilt
 .data.BoolFlagBlinkPC14
                0x2000004c        0x1 C:\Users\vadim\AppData\Local\Temp\arduino\sketches\94FB87C1378CA965C3F512455858D43E\sketch\du16_modbus_holding.ino.cpp.o
                0x2000004c                BoolFlagBlinkPC14
 *fill*         0x2000004d        0x3 
 .data._ZN6wirish4privL8pll_dataE
                0x20000050        0x4 C:\Users\vadim\AppData\Local\Temp\arduino\sketches\94FB87C1378CA965C3F512455858D43E\core\wirish\boards_setup.cpp.o
 .data._ZN6wirish4priv9w_adc_smpE
                0x20000054        0x1 C:\Users\vadim\AppData\Local\Temp\arduino\sketches\94FB87C1378CA965C3F512455858D43E\core\wirish\boards_setup.cpp.o
                0x20000054                wirish::priv::w_adc_smp
 *fill*         0x20000055        0x1 
 .data._ZN6wirish4priv9w_adc_preE
                0x20000056        0x2 C:\Users\vadim\AppData\Local\Temp\arduino\sketches\94FB87C1378CA965C3F512455858D43E\core\wirish\boards_setup.cpp.o
                0x20000056                wirish::priv::w_adc_pre
 .data._ZN6wirish4priv15w_board_pll_cfgE
                0x20000058        0x8 C:\Users\vadim\AppData\Local\Temp\arduino\sketches\94FB87C1378CA965C3F512455858D43E\core\wirish\boards_setup.cpp.o
                0x20000058                wirish::priv::w_board_pll_cfg
 .data.adc2     0x20000060        0x8 C:\Users\vadim\AppData\Local\Temp\arduino\sketches\94FB87C1378CA965C3F512455858D43E\core\core.a(adc_f1.c.o)
                0x20000060                adc2
 .data.adc1     0x20000068       0x18 C:\Users\vadim\AppData\Local\Temp\arduino\sketches\94FB87C1378CA965C3F512455858D43E\core\core.a(adc_f1.c.o)
                0x20000068                adc1
 .data.ADC2     0x20000080        0x4 C:\Users\vadim\AppData\Local\Temp\arduino\sketches\94FB87C1378CA965C3F512455858D43E\core\core.a(adc_f1.c.o)
                0x20000080                ADC2
 .data.ADC1     0x20000084        0x4 C:\Users\vadim\AppData\Local\Temp\arduino\sketches\94FB87C1378CA965C3F512455858D43E\core\core.a(adc_f1.c.o)
                0x20000084                ADC1
 .data.dma1     0x20000088       0x40 C:\Users\vadim\AppData\Local\Temp\arduino\sketches\94FB87C1378CA965C3F512455858D43E\core\core.a(dma_f1.c.o)
 .data.DMA1     0x200000c8        0x4 C:\Users\vadim\AppData\Local\Temp\arduino\sketches\94FB87C1378CA965C3F512455858D43E\core\core.a(dma_f1.c.o)
                0x200000c8                DMA1
 .data.gpioa    0x200000cc        0x8 C:\Users\vadim\AppData\Local\Temp\arduino\sketches\94FB87C1378CA965C3F512455858D43E\core\core.a(gpio_f1.c.o)
                0x200000cc                gpioa
 .data.gpiob    0x200000d4        0x8 C:\Users\vadim\AppData\Local\Temp\arduino\sketches\94FB87C1378CA965C3F512455858D43E\core\core.a(gpio_f1.c.o)
                0x200000d4                gpiob
 .data.gpioc    0x200000dc        0x8 C:\Users\vadim\AppData\Local\Temp\arduino\sketches\94FB87C1378CA965C3F512455858D43E\core\core.a(gpio_f1.c.o)
                0x200000dc                gpioc
 .data.gpiod    0x200000e4        0x8 C:\Users\vadim\AppData\Local\Temp\arduino\sketches\94FB87C1378CA965C3F512455858D43E\core\core.a(gpio_f1.c.o)
                0x200000e4                gpiod
 .data.i2c1     0x200000ec       0x38 C:\Users\vadim\AppData\Local\Temp\arduino\sketches\94FB87C1378CA965C3F512455858D43E\core\core.a(i2c_f1.c.o)
 .data.i2c2     0x20000124       0x38 C:\Users\vadim\AppData\Local\Temp\arduino\sketches\94FB87C1378CA965C3F512455858D43E\core\core.a(i2c_f1.c.o)
 .data.enable_regs.4411
                0x2000015c        0xc C:\Users\vadim\AppData\Local\Temp\arduino\sketches\94FB87C1378CA965C3F512455858D43E\core\core.a(rcc_f1.c.o)
 .data.reset_regs.4415
                0x20000168        0x8 C:\Users\vadim\AppData\Local\Temp\arduino\sketches\94FB87C1378CA965C3F512455858D43E\core\core.a(rcc_f1.c.o)
 .data.enable_regs.4424
                0x20000170        0xc C:\Users\vadim\AppData\Local\Temp\arduino\sketches\94FB87C1378CA965C3F512455858D43E\core\core.a(rcc_f1.c.o)
 .data.timer3   0x2000017c       0x24 C:\Users\vadim\AppData\Local\Temp\arduino\sketches\94FB87C1378CA965C3F512455858D43E\core\core.a(timer.c.o)
                0x2000017c                timer3
 .data.timer4   0x200001a0       0x24 C:\Users\vadim\AppData\Local\Temp\arduino\sketches\94FB87C1378CA965C3F512455858D43E\core\core.a(timer.c.o)
                0x200001a0                timer4
 .data.timer1   0x200001c4       0x28 C:\Users\vadim\AppData\Local\Temp\arduino\sketches\94FB87C1378CA965C3F512455858D43E\core\core.a(timer.c.o)
                0x200001c4                timer1
 .data.timer2   0x200001ec       0x24 C:\Users\vadim\AppData\Local\Temp\arduino\sketches\94FB87C1378CA965C3F512455858D43E\core\core.a(timer.c.o)
                0x200001ec                timer2
 .data.USART1   0x20000210        0x4 C:\Users\vadim\AppData\Local\Temp\arduino\sketches\94FB87C1378CA965C3F512455858D43E\core\core.a(usart_f1.c.o)
                0x20000210                USART1
 .data.USART2   0x20000214        0x4 C:\Users\vadim\AppData\Local\Temp\arduino\sketches\94FB87C1378CA965C3F512455858D43E\core\core.a(usart_f1.c.o)
                0x20000214                USART2
 .data.USART3   0x20000218        0x4 C:\Users\vadim\AppData\Local\Temp\arduino\sketches\94FB87C1378CA965C3F512455858D43E\core\core.a(usart_f1.c.o)
                0x20000218                USART3
 .data.usart1   0x2000021c       0x94 C:\Users\vadim\AppData\Local\Temp\arduino\sketches\94FB87C1378CA965C3F512455858D43E\core\core.a(usart_f1.c.o)
 .data.usart2   0x200002b0       0x94 C:\Users\vadim\AppData\Local\Temp\arduino\sketches\94FB87C1378CA965C3F512455858D43E\core\core.a(usart_f1.c.o)
 .data.usart3   0x20000344       0x94 C:\Users\vadim\AppData\Local\Temp\arduino\sketches\94FB87C1378CA965C3F512455858D43E\core\core.a(usart_f1.c.o)
 .data.USBLIB   0x200003d8        0x4 C:\Users\vadim\AppData\Local\Temp\arduino\sketches\94FB87C1378CA965C3F512455858D43E\core\core.a(usb.c.o)
                0x200003d8                USBLIB
 .data.usblib   0x200003dc       0x10 C:\Users\vadim\AppData\Local\Temp\arduino\sketches\94FB87C1378CA965C3F512455858D43E\core\core.a(usb.c.o)
 .data.Device_Property
                0x200003ec       0x30 C:\Users\vadim\AppData\Local\Temp\arduino\sketches\94FB87C1378CA965C3F512455858D43E\core\core.a(usb_cdcacm.c.o)
                0x200003ec                Device_Property
 .data.ep_int_in
                0x2000041c       0x1c C:\Users\vadim\AppData\Local\Temp\arduino\sketches\94FB87C1378CA965C3F512455858D43E\core\core.a(usb_cdcacm.c.o)
 .data.ep_int_out
                0x20000438       0x1c C:\Users\vadim\AppData\Local\Temp\arduino\sketches\94FB87C1378CA965C3F512455858D43E\core\core.a(usb_cdcacm.c.o)
 .data.String_Descriptor
                0x20000454       0x18 C:\Users\vadim\AppData\Local\Temp\arduino\sketches\94FB87C1378CA965C3F512455858D43E\core\core.a(usb_cdcacm.c.o)
 .data.Config_Descriptor
                0x2000046c        0x8 C:\Users\vadim\AppData\Local\Temp\arduino\sketches\94FB87C1378CA965C3F512455858D43E\core\core.a(usb_cdcacm.c.o)
 .data.line_coding
                0x20000474        0x8 C:\Users\vadim\AppData\Local\Temp\arduino\sketches\94FB87C1378CA965C3F512455858D43E\core\core.a(usb_cdcacm.c.o)
 .data.User_Standard_Requests
                0x2000047c       0x24 C:\Users\vadim\AppData\Local\Temp\arduino\sketches\94FB87C1378CA965C3F512455858D43E\core\core.a(usb_cdcacm.c.o)
                0x2000047c                User_Standard_Requests
 .data.Device_Descriptor
                0x200004a0        0x8 C:\Users\vadim\AppData\Local\Temp\arduino\sketches\94FB87C1378CA965C3F512455858D43E\core\core.a(usb_cdcacm.c.o)
 .data.Device_Table
                0x200004a8        0x4 C:\Users\vadim\AppData\Local\Temp\arduino\sketches\94FB87C1378CA965C3F512455858D43E\core\core.a(usb_cdcacm.c.o)
                0x200004a8                Device_Table
 *fill*         0x200004ac        0x4 
 .data.impure_data
                0x200004b0      0x428 c:/users/vadim/appdata/local/arduino15/packages/arduino/tools/arm-none-eabi-gcc/4.8.3-2014q1/bin/../lib/gcc/arm-none-eabi/4.8.3/../../../../arm-none-eabi/lib/armv7-m\libc.a(lib_a-impure.o)
                0x200008d8                . = ALIGN (0x8)
                0x200008d8                __data_end__ = .

.jcr            0x200008d8        0x0 load address 0x08007140
 .jcr           0x200008d8        0x0 c:/users/vadim/appdata/local/arduino15/packages/arduino/tools/arm-none-eabi-gcc/4.8.3-2014q1/bin/../lib/gcc/arm-none-eabi/4.8.3/armv7-m/crtbegin.o

.igot.plt       0x200008d8        0x0 load address 0x08007140
 .igot.plt      0x00000000        0x0 c:/users/vadim/appdata/local/arduino15/packages/arduino/tools/arm-none-eabi-gcc/4.8.3-2014q1/bin/../lib/gcc/arm-none-eabi/4.8.3/armv7-m/crtbegin.o

.rodata         0x08007140      0x3b4
 *(.rodata .rodata.* .gnu.linkonce.r.*)
 .rodata._ZTV7TwoWire
                0x08007140       0x18 C:\Users\vadim\AppData\Local\Temp\arduino\sketches\94FB87C1378CA965C3F512455858D43E\libraries\Wire\Wire.cpp.o
                0x08007140                vtable for TwoWire
 .rodata._ZTV8WireBase
                0x08007158       0x18 C:\Users\vadim\AppData\Local\Temp\arduino\sketches\94FB87C1378CA965C3F512455858D43E\libraries\Wire\utility\WireBase.cpp.o
                0x08007158                vtable for WireBase
 .rodata.PIN_MAP
                0x08007170      0x230 C:\Users\vadim\AppData\Local\Temp\arduino\sketches\94FB87C1378CA965C3F512455858D43E\core\board.cpp.o
                0x08007170                PIN_MAP
 .rodata._ZTV14HardwareSerial
                0x080073a0       0x28 C:\Users\vadim\AppData\Local\Temp\arduino\sketches\94FB87C1378CA965C3F512455858D43E\core\core.a(HardwareSerial.cpp.o)
                0x080073a0                vtable for HardwareSerial
 .rodata.GPIOC  0x080073c8        0x4 C:\Users\vadim\AppData\Local\Temp\arduino\sketches\94FB87C1378CA965C3F512455858D43E\core\core.a(gpio_f1.c.o)
                0x080073c8                GPIOC
 .rodata.I2C1   0x080073cc        0x4 C:\Users\vadim\AppData\Local\Temp\arduino\sketches\94FB87C1378CA965C3F512455858D43E\core\core.a(i2c_f1.c.o)
                0x080073cc                I2C1
 .rodata.I2C2   0x080073d0        0x4 C:\Users\vadim\AppData\Local\Temp\arduino\sketches\94FB87C1378CA965C3F512455858D43E\core\core.a(i2c_f1.c.o)
                0x080073d0                I2C2
 .rodata.rcc_dev_table
                0x080073d4       0x5c C:\Users\vadim\AppData\Local\Temp\arduino\sketches\94FB87C1378CA965C3F512455858D43E\core\core.a(rcc_f1.c.o)
                0x080073d4                rcc_dev_table
 .rodata.masks.4420
                0x08007430       0x14 C:\Users\vadim\AppData\Local\Temp\arduino\sketches\94FB87C1378CA965C3F512455858D43E\core\core.a(rcc_f1.c.o)
 .rodata.usbVcomDescriptor_iProduct
                0x08007444        0xc C:\Users\vadim\AppData\Local\Temp\arduino\sketches\94FB87C1378CA965C3F512455858D43E\core\core.a(usb_cdcacm.c.o)
 .rodata.usbVcomDescriptor_iManufacturer
                0x08007450       0x14 C:\Users\vadim\AppData\Local\Temp\arduino\sketches\94FB87C1378CA965C3F512455858D43E\core\core.a(usb_cdcacm.c.o)
 .rodata.usbVcomDescriptor_Device
                0x08007464       0x14 C:\Users\vadim\AppData\Local\Temp\arduino\sketches\94FB87C1378CA965C3F512455858D43E\core\core.a(usb_cdcacm.c.o)
 .rodata.usbVcomDescriptor_Config
                0x08007478       0x44 C:\Users\vadim\AppData\Local\Temp\arduino\sketches\94FB87C1378CA965C3F512455858D43E\core\core.a(usb_cdcacm.c.o)
 .rodata.usbVcomDescriptor_LangID
                0x080074bc        0x4 C:\Users\vadim\AppData\Local\Temp\arduino\sketches\94FB87C1378CA965C3F512455858D43E\core\core.a(usb_cdcacm.c.o)
 .rodata._ZTV9USBSerial
                0x080074c0       0x28 C:\Users\vadim\AppData\Local\Temp\arduino\sketches\94FB87C1378CA965C3F512455858D43E\core\core.a(usb_serial.cpp.o)
                0x080074c0                vtable for USBSerial
 .rodata.str1.4
                0x080074e8        0x4 c:/users/vadim/appdata/local/arduino15/packages/arduino/tools/arm-none-eabi-gcc/4.8.3-2014q1/bin/../lib/gcc/arm-none-eabi/4.8.3/../../../../arm-none-eabi/lib/armv7-m\libc.a(lib_a-impure.o)
 .rodata._global_impure_ptr
                0x080074ec        0x4 c:/users/vadim/appdata/local/arduino15/packages/arduino/tools/arm-none-eabi-gcc/4.8.3-2014q1/bin/../lib/gcc/arm-none-eabi/4.8.3/../../../../arm-none-eabi/lib/armv7-m\libc.a(lib_a-impure.o)
                0x080074ec                _global_impure_ptr
 *(.USER_FLASH)
                0x080074f0                . = ALIGN (0x4)
                0x080074f0                _lm_rom_img_cfgp = .
                0x080074f0        0x4 LONG 0x8006868 LOADADDR (.data)
                0x20000e30                _lm_heap_start = DEFINED (_lm_heap_start)?_lm_heap_start:_end
                0x20005000                _lm_heap_end = DEFINED (_lm_heap_end)?_lm_heap_end:__msp_init

.rel.dyn        0x080074f4        0x0
 .rel.iplt      0x00000000        0x0 c:/users/vadim/appdata/local/arduino15/packages/arduino/tools/arm-none-eabi-gcc/4.8.3-2014q1/bin/../lib/gcc/arm-none-eabi/4.8.3/armv7-m/crtbegin.o

.bss            0x200008d8      0x558
                0x200008d8                . = ALIGN (0x8)
                0x200008d8                __bss_start__ = .
 *(.bss .bss.* .gnu.linkonce.b.*)
 .bss           0x200008d8       0x1c c:/users/vadim/appdata/local/arduino15/packages/arduino/tools/arm-none-eabi-gcc/4.8.3-2014q1/bin/../lib/gcc/arm-none-eabi/4.8.3/armv7-m/crtbegin.o
 .bss.IntAccYSecond
                0x200008f4        0x2 C:\Users\vadim\AppData\Local\Temp\arduino\sketches\94FB87C1378CA965C3F512455858D43E\sketch\du16_modbus_holding.ino.cpp.o
                0x200008f4                IntAccYSecond
 *fill*         0x200008f6        0x2 
 .bss.floatAccYnow
                0x200008f8        0x4 C:\Users\vadim\AppData\Local\Temp\arduino\sketches\94FB87C1378CA965C3F512455858D43E\sketch\du16_modbus_holding.ino.cpp.o
                0x200008f8                floatAccYnow
 .bss.floatAccYmgRude
                0x200008fc        0x4 C:\Users\vadim\AppData\Local\Temp\arduino\sketches\94FB87C1378CA965C3F512455858D43E\sketch\du16_modbus_holding.ino.cpp.o
                0x200008fc                floatAccYmgRude
 .bss.Wire2     0x20000900       0x60 C:\Users\vadim\AppData\Local\Temp\arduino\sketches\94FB87C1378CA965C3F512455858D43E\sketch\du16_modbus_holding.ino.cpp.o
                0x20000900                Wire2
 .bss.slave     0x20000960       0x70 C:\Users\vadim\AppData\Local\Temp\arduino\sketches\94FB87C1378CA965C3F512455858D43E\sketch\du16_modbus_holding.ino.cpp.o
                0x20000960                slave
 .bss.IntAccYFirst
                0x200009d0        0x2 C:\Users\vadim\AppData\Local\Temp\arduino\sketches\94FB87C1378CA965C3F512455858D43E\sketch\du16_modbus_holding.ino.cpp.o
                0x200009d0                IntAccYFirst
 *fill*         0x200009d2        0x2 
 .bss.floatAccXmgAccu
                0x200009d4        0x4 C:\Users\vadim\AppData\Local\Temp\arduino\sketches\94FB87C1378CA965C3F512455858D43E\sketch\du16_modbus_holding.ino.cpp.o
                0x200009d4                floatAccXmgAccu
 .bss.longTimer1
                0x200009d8        0x4 C:\Users\vadim\AppData\Local\Temp\arduino\sketches\94FB87C1378CA965C3F512455858D43E\sketch\du16_modbus_holding.ino.cpp.o
                0x200009d8                longTimer1
 .bss.IntAccZSecond
                0x200009dc        0x2 C:\Users\vadim\AppData\Local\Temp\arduino\sketches\94FB87C1378CA965C3F512455858D43E\sketch\du16_modbus_holding.ino.cpp.o
                0x200009dc                IntAccZSecond
 .bss.IntRegReadSecond
                0x200009de        0x2 C:\Users\vadim\AppData\Local\Temp\arduino\sketches\94FB87C1378CA965C3F512455858D43E\sketch\du16_modbus_holding.ino.cpp.o
                0x200009de                IntRegReadSecond
 .bss.floatAccZmgRude
                0x200009e0        0x4 C:\Users\vadim\AppData\Local\Temp\arduino\sketches\94FB87C1378CA965C3F512455858D43E\sketch\du16_modbus_holding.ino.cpp.o
                0x200009e0                floatAccZmgRude
 .bss.IntRegReadFirst
                0x200009e4        0x2 C:\Users\vadim\AppData\Local\Temp\arduino\sketches\94FB87C1378CA965C3F512455858D43E\sketch\du16_modbus_holding.ino.cpp.o
                0x200009e4                IntRegReadFirst
 *fill*         0x200009e6        0x2 
 .bss.auModbusData_input
                0x200009e8       0x10 C:\Users\vadim\AppData\Local\Temp\arduino\sketches\94FB87C1378CA965C3F512455858D43E\sketch\du16_modbus_holding.ino.cpp.o
                0x200009e8                auModbusData_input
 .bss.floatAccYmax
                0x200009f8        0x4 C:\Users\vadim\AppData\Local\Temp\arduino\sketches\94FB87C1378CA965C3F512455858D43E\sketch\du16_modbus_holding.ino.cpp.o
                0x200009f8                floatAccYmax
 .bss.floatAccYmgAccu
                0x200009fc        0x4 C:\Users\vadim\AppData\Local\Temp\arduino\sketches\94FB87C1378CA965C3F512455858D43E\sketch\du16_modbus_holding.ino.cpp.o
                0x200009fc                floatAccYmgAccu
 .bss.floatKoef
                0x20000a00        0x4 C:\Users\vadim\AppData\Local\Temp\arduino\sketches\94FB87C1378CA965C3F512455858D43E\sketch\du16_modbus_holding.ino.cpp.o
                0x20000a00                floatKoef
 .bss.floatFiltAccX
                0x20000a04        0x4 C:\Users\vadim\AppData\Local\Temp\arduino\sketches\94FB87C1378CA965C3F512455858D43E\sketch\du16_modbus_holding.ino.cpp.o
                0x20000a04                floatFiltAccX
 .bss.floatFiltAccY
                0x20000a08        0x4 C:\Users\vadim\AppData\Local\Temp\arduino\sketches\94FB87C1378CA965C3F512455858D43E\sketch\du16_modbus_holding.ino.cpp.o
                0x20000a08                floatFiltAccY
 .bss.floatFiltAccZ
                0x20000a0c        0x4 C:\Users\vadim\AppData\Local\Temp\arduino\sketches\94FB87C1378CA965C3F512455858D43E\sketch\du16_modbus_holding.ino.cpp.o
                0x20000a0c                floatFiltAccZ
 .bss.floatAccXnow
                0x20000a10        0x4 C:\Users\vadim\AppData\Local\Temp\arduino\sketches\94FB87C1378CA965C3F512455858D43E\sketch\du16_modbus_holding.ino.cpp.o
                0x20000a10                floatAccXnow
 .bss.longTimer2
                0x20000a14        0x4 C:\Users\vadim\AppData\Local\Temp\arduino\sketches\94FB87C1378CA965C3F512455858D43E\sketch\du16_modbus_holding.ino.cpp.o
                0x20000a14                longTimer2
 .bss.floatAccXmax
                0x20000a18        0x4 C:\Users\vadim\AppData\Local\Temp\arduino\sketches\94FB87C1378CA965C3F512455858D43E\sketch\du16_modbus_holding.ino.cpp.o
                0x20000a18                floatAccXmax
 .bss.floatAccZnow
                0x20000a1c        0x4 C:\Users\vadim\AppData\Local\Temp\arduino\sketches\94FB87C1378CA965C3F512455858D43E\sketch\du16_modbus_holding.ino.cpp.o
                0x20000a1c                floatAccZnow
 .bss.floatAccZmgAccu
                0x20000a20        0x4 C:\Users\vadim\AppData\Local\Temp\arduino\sketches\94FB87C1378CA965C3F512455858D43E\sketch\du16_modbus_holding.ino.cpp.o
                0x20000a20                floatAccZmgAccu
 .bss.BoolFlagBlinkPC13
                0x20000a24        0x1 C:\Users\vadim\AppData\Local\Temp\arduino\sketches\94FB87C1378CA965C3F512455858D43E\sketch\du16_modbus_holding.ino.cpp.o
                0x20000a24                BoolFlagBlinkPC13
 *fill*         0x20000a25        0x1 
 .bss.IntAccXSecond
                0x20000a26        0x2 C:\Users\vadim\AppData\Local\Temp\arduino\sketches\94FB87C1378CA965C3F512455858D43E\sketch\du16_modbus_holding.ino.cpp.o
                0x20000a26                IntAccXSecond
 .bss.floatAccXmgRude
                0x20000a28        0x4 C:\Users\vadim\AppData\Local\Temp\arduino\sketches\94FB87C1378CA965C3F512455858D43E\sketch\du16_modbus_holding.ino.cpp.o
                0x20000a28                floatAccXmgRude
 .bss.longTimer3
                0x20000a2c        0x4 C:\Users\vadim\AppData\Local\Temp\arduino\sketches\94FB87C1378CA965C3F512455858D43E\sketch\du16_modbus_holding.ino.cpp.o
                0x20000a2c                longTimer3
 .bss.floatAccZmax
                0x20000a30        0x4 C:\Users\vadim\AppData\Local\Temp\arduino\sketches\94FB87C1378CA965C3F512455858D43E\sketch\du16_modbus_holding.ino.cpp.o
                0x20000a30                floatAccZmax
 .bss.floatConstToMg
                0x20000a34        0x4 C:\Users\vadim\AppData\Local\Temp\arduino\sketches\94FB87C1378CA965C3F512455858D43E\sketch\du16_modbus_holding.ino.cpp.o
                0x20000a34                floatConstToMg
 .bss.IntAccXFirst
                0x20000a38        0x2 C:\Users\vadim\AppData\Local\Temp\arduino\sketches\94FB87C1378CA965C3F512455858D43E\sketch\du16_modbus_holding.ino.cpp.o
                0x20000a38                IntAccXFirst
 .bss.IntAccZFirst
                0x20000a3a        0x2 C:\Users\vadim\AppData\Local\Temp\arduino\sketches\94FB87C1378CA965C3F512455858D43E\sketch\du16_modbus_holding.ino.cpp.o
                0x20000a3a                IntAccZFirst
 .bss.Wire      0x20000a3c       0x60 C:\Users\vadim\AppData\Local\Temp\arduino\sketches\94FB87C1378CA965C3F512455858D43E\libraries\Wire\Wire.cpp.o
                0x20000a3c                Wire
 .bss.Serial1   0x20000a9c       0x18 C:\Users\vadim\AppData\Local\Temp\arduino\sketches\94FB87C1378CA965C3F512455858D43E\core\board.cpp.o
                0x20000a9c                Serial1
 .bss.Serial2   0x20000ab4       0x18 C:\Users\vadim\AppData\Local\Temp\arduino\sketches\94FB87C1378CA965C3F512455858D43E\core\board.cpp.o
                0x20000ab4                Serial2
 .bss.Serial3   0x20000acc       0x18 C:\Users\vadim\AppData\Local\Temp\arduino\sketches\94FB87C1378CA965C3F512455858D43E\core\board.cpp.o
                0x20000acc                Serial3
 .bss.exti_channels
                0x20000ae4       0x80 C:\Users\vadim\AppData\Local\Temp\arduino\sketches\94FB87C1378CA965C3F512455858D43E\core\core.a(exti.c.o)
                0x20000ae4                exti_channels
 .bss.systick_user_callback
                0x20000b64        0x4 C:\Users\vadim\AppData\Local\Temp\arduino\sketches\94FB87C1378CA965C3F512455858D43E\core\core.a(systick.c.o)
 .bss.usart1_wb
                0x20000b68        0xc C:\Users\vadim\AppData\Local\Temp\arduino\sketches\94FB87C1378CA965C3F512455858D43E\core\core.a(usart_f1.c.o)
 .bss.usart1_rb
                0x20000b74        0xc C:\Users\vadim\AppData\Local\Temp\arduino\sketches\94FB87C1378CA965C3F512455858D43E\core\core.a(usart_f1.c.o)
 .bss.usart2_rb
                0x20000b80        0xc C:\Users\vadim\AppData\Local\Temp\arduino\sketches\94FB87C1378CA965C3F512455858D43E\core\core.a(usart_f1.c.o)
 .bss.usart3_rb
                0x20000b8c        0xc C:\Users\vadim\AppData\Local\Temp\arduino\sketches\94FB87C1378CA965C3F512455858D43E\core\core.a(usart_f1.c.o)
 .bss.usart2_wb
                0x20000b98        0xc C:\Users\vadim\AppData\Local\Temp\arduino\sketches\94FB87C1378CA965C3F512455858D43E\core\core.a(usart_f1.c.o)
 .bss.usart3_wb
                0x20000ba4        0xc C:\Users\vadim\AppData\Local\Temp\arduino\sketches\94FB87C1378CA965C3F512455858D43E\core\core.a(usart_f1.c.o)
 .bss.line_dtr_rts
                0x20000bb0        0x1 C:\Users\vadim\AppData\Local\Temp\arduino\sketches\94FB87C1378CA965C3F512455858D43E\core\core.a(usb_cdcacm.c.o)
 *fill*         0x20000bb1        0x3 
 .bss.rx_tail   0x20000bb4        0x4 C:\Users\vadim\AppData\Local\Temp\arduino\sketches\94FB87C1378CA965C3F512455858D43E\core\core.a(usb_cdcacm.c.o)
 .bss.vcomBufferTx
                0x20000bb8      0x100 C:\Users\vadim\AppData\Local\Temp\arduino\sketches\94FB87C1378CA965C3F512455858D43E\core\core.a(usb_cdcacm.c.o)
 .bss.tx_head   0x20000cb8        0x4 C:\Users\vadim\AppData\Local\Temp\arduino\sketches\94FB87C1378CA965C3F512455858D43E\core\core.a(usb_cdcacm.c.o)
 .bss.rx_hook   0x20000cbc        0x4 C:\Users\vadim\AppData\Local\Temp\arduino\sketches\94FB87C1378CA965C3F512455858D43E\core\core.a(usb_cdcacm.c.o)
 .bss.vcomBufferRx
                0x20000cc0      0x100 C:\Users\vadim\AppData\Local\Temp\arduino\sketches\94FB87C1378CA965C3F512455858D43E\core\core.a(usb_cdcacm.c.o)
 .bss.transmitting
                0x20000dc0        0x1 C:\Users\vadim\AppData\Local\Temp\arduino\sketches\94FB87C1378CA965C3F512455858D43E\core\core.a(usb_cdcacm.c.o)
 *fill*         0x20000dc1        0x3 
 .bss.rx_head   0x20000dc4        0x4 C:\Users\vadim\AppData\Local\Temp\arduino\sketches\94FB87C1378CA965C3F512455858D43E\core\core.a(usb_cdcacm.c.o)
 .bss.iface_setup_hook
                0x20000dc8        0x4 C:\Users\vadim\AppData\Local\Temp\arduino\sketches\94FB87C1378CA965C3F512455858D43E\core\core.a(usb_cdcacm.c.o)
 .bss.tx_tail   0x20000dcc        0x4 C:\Users\vadim\AppData\Local\Temp\arduino\sketches\94FB87C1378CA965C3F512455858D43E\core\core.a(usb_cdcacm.c.o)
 .bss.Data_Mul_MaxPacketSize
                0x20000dd0        0x1 C:\Users\vadim\AppData\Local\Temp\arduino\sketches\94FB87C1378CA965C3F512455858D43E\core\core.a(usb_core.c.o)
                0x20000dd0                Data_Mul_MaxPacketSize
 .bss._ZN9USBSerial9_hasBegunE
                0x20000dd1        0x1 C:\Users\vadim\AppData\Local\Temp\arduino\sketches\94FB87C1378CA965C3F512455858D43E\core\core.a(usb_serial.cpp.o)
                0x20000dd1                USBSerial::_hasBegun
 *fill*         0x20000dd2        0x2 
 .bss.Serial    0x20000dd4       0x10 C:\Users\vadim\AppData\Local\Temp\arduino\sketches\94FB87C1378CA965C3F512455858D43E\core\core.a(usb_serial.cpp.o)
                0x20000dd4                Serial
 .bss._ZL11reset_state
                0x20000de4        0x1 C:\Users\vadim\AppData\Local\Temp\arduino\sketches\94FB87C1378CA965C3F512455858D43E\core\core.a(usb_serial.cpp.o)
 .bss._ZN9USBSerial11_isBlockingE
                0x20000de5        0x1 C:\Users\vadim\AppData\Local\Temp\arduino\sketches\94FB87C1378CA965C3F512455858D43E\core\core.a(usb_serial.cpp.o)
                0x20000de5                USBSerial::_isBlocking
 *(COMMON)
 *fill*         0x20000de6        0x2 
 COMMON         0x20000de8        0x4 C:\Users\vadim\AppData\Local\Temp\arduino\sketches\94FB87C1378CA965C3F512455858D43E\core\core.a(systick.c.o)
                0x20000de8                systick_uptime_millis
 COMMON         0x20000dec        0x6 C:\Users\vadim\AppData\Local\Temp\arduino\sketches\94FB87C1378CA965C3F512455858D43E\core\core.a(usb.c.o)
                0x20000dec                SaveRState
                0x20000dee                SaveTState
                0x20000df0                ResumeS
 *fill*         0x20000df2        0x2 
 COMMON         0x20000df4        0x2 C:\Users\vadim\AppData\Local\Temp\arduino\sketches\94FB87C1378CA965C3F512455858D43E\core\core.a(usb_core.c.o)
                0x20000df4                StatusInfo
 *fill*         0x20000df6        0x2 
 COMMON         0x20000df8       0x32 C:\Users\vadim\AppData\Local\Temp\arduino\sketches\94FB87C1378CA965C3F512455858D43E\core\core.a(usb_init.c.o)
                0x20000df8                SaveState
                0x20000dfc                pProperty
                0x20000e00                EPindex